Component: ARM Compiler 5.06 update 3 (build 300) Tool: armlink [4d35c9]

==============================================================================

Section Cross References

    main.o(.text) refers to core_cm3.o(.emb_text) for __set_MSP
    main.o(.text) refers to stm32f10x_rcc.o(.text) for RCC_APB2PeriphClockCmd
    main.o(.text) refers to misc.o(.text) for NVIC_PriorityGroupConfig
    main.o(.text) refers to flash.o(.text) for flash_read_halfword
    main.o(.text) refers to stm32f10x_flash.o(.text) for FLASH_ErasePage
    main.o(.text) refers to private.o(.text) for addcrc
    main.o(.text) refers to bsp_systick.o(.text) for Delay_us
    main.o(.text) refers to memcpya.o(.text) for __aeabi_memcpy
    main.o(.text) refers to uart1.o(.text) for before_send_sa
    main.o(.text) refers to uart4.o(.text) for before_send_uart4
    main.o(.text) refers to main.o(.data) for Jump_To_Application
    main.o(.text) refers to main.o(.bss) for parameter_app
    main.o(.text) refers to uart4.o(.data) for receive_ok
    main.o(.text) refers to uart1.o(.data) for receive_slave
    main.o(.text) refers to uart1.o(.bss) for u1_buffer
    main.o(.text) refers to uart4.o(.bss) for buffer
    main.o(.text) refers to bsp_led.o(.text) for led_Init
    main.o(.text) refers to m26.o(.text) for is_gsm
    main.o(.text) refers to stm32f10x_usart.o(.text) for USART_DeInit
    stm32f10x_it.o(.text) refers to bsp_systick.o(.text) for TimingDelay_Decrement
    bsp_led.o(.text) refers to stm32f10x_gpio.o(.text) for GPIO_Init
    bsp_led.o(.text) refers to bsp_systick.o(.text) for Delay_us
    bsp_systick.o(.text) refers to system_stm32f10x.o(.data) for SystemCoreClock
    bsp_systick.o(.text) refers to bsp_systick.o(.data) for TimingDelay
    uart4.o(.text) refers to stm32f10x_gpio.o(.text) for GPIO_Init
    uart4.o(.text) refers to stm32f10x_usart.o(.text) for USART_Init
    uart4.o(.text) refers to misc.o(.text) for NVIC_Init
    uart4.o(.text) refers to memseta.o(.text) for __aeabi_memclr
    uart4.o(.text) refers to memcmp.o(.text) for memcmp
    uart4.o(.text) refers to strncmp.o(.text) for strncmp
    uart4.o(.text) refers to uart4.o(.data) for isdata
    uart4.o(.text) refers to uart4.o(.bss) for buffer
    uart4.o(.text) refers to main.o(.data) for bootloader_step
    uart4.o(.text) refers to uart4.o(.constdata) for _info_
    flash.o(.text) refers to stm32f10x_flash.o(.text) for FLASH_ProgramHalfWord
    private.o(.text) refers to crypto.o(.text) for STM32_AES_CTR_Encrypt
    private.o(.text) refers to memcpya.o(.text) for __aeabi_memcpy
    private.o(.text) refers to private.o(.constdata) for CRC_Table
    private.o(.text) refers to crypto.o(.data) for OutputMessageLength
    private.o(.text) refers to crypto.o(.bss) for OutputMessage
    uart1.o(.text) refers to stm32f10x_rcc.o(.text) for RCC_APB2PeriphClockCmd
    uart1.o(.text) refers to stm32f10x_gpio.o(.text) for GPIO_Init
    uart1.o(.text) refers to stm32f10x_usart.o(.text) for USART_Init
    uart1.o(.text) refers to misc.o(.text) for NVIC_Init
    uart1.o(.text) refers to memseta.o(.text) for __aeabi_memclr
    uart1.o(.text) refers to uart1.o(.data) for receive_slave
    uart1.o(.text) refers to uart1.o(.bss) for u1_buffer
    crypto.o(.text) refers to crypto.o(i.Crypto_DeInit) for Crypto_DeInit
    crypto.o(.text) refers to crypto.o(i.AES_CTR_Encrypt_Init) for AES_CTR_Encrypt_Init
    crypto.o(.text) refers to crypto.o(i.AES_CTR_Encrypt_Append) for AES_CTR_Encrypt_Append
    crypto.o(.text) refers to crypto.o(i.AES_CTR_Encrypt_Finish) for AES_CTR_Encrypt_Finish
    crypto.o(.text) refers to crypto.o(i.AES_CTR_Decrypt_Init) for AES_CTR_Decrypt_Init
    crypto.o(.text) refers to crypto.o(i.AES_CTR_Decrypt_Append) for AES_CTR_Decrypt_Append
    crypto.o(.text) refers to crypto.o(i.AES_CTR_Decrypt_Finish) for AES_CTR_Decrypt_Finish
    stm32f10x_adc.o(.text) refers to stm32f10x_rcc.o(.text) for RCC_APB2PeriphResetCmd
    stm32f10x_bkp.o(.text) refers to stm32f10x_rcc.o(.text) for RCC_BackupResetCmd
    stm32f10x_can.o(.text) refers to stm32f10x_rcc.o(.text) for RCC_APB1PeriphResetCmd
    stm32f10x_cec.o(.text) refers to stm32f10x_rcc.o(.text) for RCC_APB1PeriphResetCmd
    stm32f10x_dac.o(.text) refers to stm32f10x_rcc.o(.text) for RCC_APB1PeriphResetCmd
    stm32f10x_gpio.o(.text) refers to stm32f10x_rcc.o(.text) for RCC_APB2PeriphResetCmd
    stm32f10x_i2c.o(.text) refers to stm32f10x_rcc.o(.text) for RCC_APB1PeriphResetCmd
    stm32f10x_pwr.o(.text) refers to stm32f10x_rcc.o(.text) for RCC_APB1PeriphResetCmd
    stm32f10x_rcc.o(.text) refers to stm32f10x_rcc.o(.data) for APBAHBPrescTable
    stm32f10x_spi.o(.text) refers to stm32f10x_rcc.o(.text) for RCC_APB2PeriphResetCmd
    stm32f10x_tim.o(.text) refers to stm32f10x_rcc.o(.text) for RCC_APB2PeriphResetCmd
    stm32f10x_usart.o(.text) refers to stm32f10x_rcc.o(.text) for RCC_APB2PeriphResetCmd
    stm32f10x_wwdg.o(.text) refers to stm32f10x_rcc.o(.text) for RCC_APB1PeriphResetCmd
[...]
    printf4.o(i.__0printf$4) refers to stdout.o(.data) for __stdout
    printf4.o(i.__0snprintf$4) refers to printf4.o(i._printf_core) for _printf_core
    printf4.o(i.__0snprintf$4) refers to printf4.o(i._snputc) for _snputc
    printf4.o(i.__0sprintf$4) refers to printf4.o(i._printf_core) for _printf_core
    printf4.o(i.__0sprintf$4) refers to printf4.o(i._sputc) for _sputc
    printf4.o(i.__0vfprintf$4) refers to printf4.o(i._printf_core) for _printf_core
    printf4.o(i.__0vfprintf$4) refers to fputc.o(i.fputc) for fputc
    printf4.o(i.__0vprintf$4) refers to printf4.o(i._printf_core) for _printf_core
    printf4.o(i.__0vprintf$4) refers to fputc.o(i.fputc) for fputc
    printf4.o(i.__0vprintf$4) refers to stdout.o(.data) for __stdout
    printf4.o(i.__0vsnprintf$4) refers to printf4.o(i._printf_core) for _printf_core
    printf4.o(i.__0vsnprintf$4) refers to printf4.o(i._snputc) for _snputc
    printf4.o(i.__0vsprintf$4) refers to printf4.o(i._printf_core) for _printf_core
    printf4.o(i.__0vsprintf$4) refers to printf4.o(i._sputc) for _sputc
    printf4.o(i._printf_core) refers to uldiv.o(.text) for __aeabi_uldivmod
    printf5.o(i.__0fprintf$5) refers to printf5.o(i._printf_core) for _printf_core
    printf5.o(i.__0fprintf$5) refers to fputc.o(i.fputc) for fputc
    printf5.o(i.__0printf$5) refers to printf5.o(i._printf_core) for _printf_core
    printf5.o(i.__0printf$5) refers to fputc.o(i.fputc) for fputc
    printf5.o(i.__0printf$5) refers to stdout.o(.data) for __stdout
    printf5.o(i.__0snprintf$5) refers to printf5.o(i._printf_core) for _printf_core
    printf5.o(i.__0snprintf$5) refers to printf5.o(i._snputc) for _snputc
    printf5.o(i.__0sprintf$5) refers to printf5.o(i._printf_core) for _printf_core
    printf5.o(i.__0sprintf$5) refers to printf5.o(i._sputc) for _sputc
    printf5.o(i.__0vfprintf$5) refers to printf5.o(i._printf_core) for _printf_core
    printf5.o(i.__0vfprintf$5) refers to fputc.o(i.fputc) for fputc
    printf5.o(i.__0vprintf$5) refers to printf5.o(i._printf_core) for _printf_core
    printf5.o(i.__0vprintf$5) refers to fputc.o(i.fputc) for fputc
    printf5.o(i.__0vprintf$5) refers to stdout.o(.data) for __stdout
    printf5.o(i.__0vsnprintf$5) refers to printf5.o(i._printf_core) for _printf_core
    printf5.o(i.__0vsnprintf$5) refers to printf5.o(i._snputc) for _snputc
    printf5.o(i.__0vsprintf$5) refers to printf5.o(i._printf_core) for _printf_core
    printf5.o(i.__0vsprintf$5) refers to printf5.o(i._sputc) for _sputc
    printf5.o(i._printf_core) refers to uldiv.o(.text) for __aeabi_uldivmod
    printf6.o(i.__0fprintf$6) refers to printf6.o(i._printf_core) for _printf_core
    printf6.o(i.__0fprintf$6) refers to fputc.o(i.fputc) for fputc
    printf6.o(i.__0printf$6) refers to printf6.o(i._printf_core) for _printf_core
    printf6.o(i.__0printf$6) refers to fputc.o(i.fputc) for fputc
    printf6.o(i.__0printf$6) refers to stdout.o(.data) for __stdout
    printf6.o(i.__0snprintf$6) refers to printf6.o(i._printf_core) for _printf_core
    printf6.o(i.__0snprintf$6) refers to printf6.o(i._snputc) for _snputc
    printf6.o(i.__0sprintf$6) refers to printf6.o(i._printf_core) for _printf_core
    printf6.o(i.__0sprintf$6) refers to printf6.o(i._sputc) for _sputc
    printf6.o(i.__0vfprintf$6) refers to printf6.o(i._printf_core) for _printf_core
    printf6.o(i.__0vfprintf$6) refers to fputc.o(i.fputc) for fputc
    printf6.o(i.__0vprintf$6) refers to printf6.o(i._printf_core) for _printf_core
    printf6.o(i.__0vprintf$6) refers to fputc.o(i.fputc) for fputc
    printf6.o(i.__0vprintf$6) refers to stdout.o(.data) for __stdout
    printf6.o(i.__0vsnprintf$6) refers to printf6.o(i._printf_core) for _printf_core
    printf6.o(i.__0vsnprintf$6) refers to printf6.o(i._snputc) for _snputc
    printf6.o(i.__0vsprintf$6) refers to printf6.o(i._printf_core) for _printf_core
    printf6.o(i.__0vsprintf$6) refers to printf6.o(i._sputc) for _sputc
    printf6.o(i._printf_core) refers to printf6.o(i._printf_pre_padding) for _printf_pre_padding
    printf6.o(i._printf_core) refers to uidiv.o(.text) for __aeabi_uidivmod
    printf6.o(i._printf_core) refers to printf6.o(i._printf_post_padding) for _printf_post_padding
    printf7.o(i.__0fprintf$7) refers to printf7.o(i._printf_core) for _printf_core
    printf7.o(i.__0fprintf$7) refers to fputc.o(i.fputc) for fputc
    printf7.o(i.__0printf$7) refers to printf7.o(i._printf_core) for _printf_core
    printf7.o(i.__0printf$7) refers to fputc.o(i.fputc) for fputc
    printf7.o(i.__0printf$7) refers to stdout.o(.data) for __stdout
    printf7.o(i.__0snprintf$7) refers to printf7.o(i._printf_core) for _printf_core
    printf7.o(i.__0snprintf$7) refers to printf7.o(i._snputc) for _snputc
    printf7.o(i.__0sprintf$7) refers to printf7.o(i._printf_core) for _printf_core
    printf7.o(i.__0sprintf$7) refers to printf7.o(i._sputc) for _sputc
    printf7.o(i.__0vfprintf$7) refers to printf7.o(i._printf_core) for _printf_core
    printf7.o(i.__0vfprintf$7) refers to fputc.o(i.fputc) for fputc
    printf7.o(i.__0vprintf$7) refers to printf7.o(i._printf_core) for _printf_core
    printf7.o(i.__0vprintf$7) refers to fputc.o(i.fputc) for fputc
    printf7.o(i.__0vprintf$7) refers to stdout.o(.data) for __stdout
    printf7.o(i.__0vsnprintf$7) refers to printf7.o(i._printf_core) for _printf_core
    printf7.o(i.__0vsnprintf$7) refers to printf7.o(i._snputc) for _snputc
    printf7.o(i.__0vsprintf$7) refers to printf7.o(i._printf_core) for _printf_core
    printf7.o(i.__0vsprintf$7) refers to printf7.o(i._sputc) for _sputc
    printf7.o(i._printf_core) refers to printf7.o(i._printf_pre_padding) for _printf_pre_padding
    printf7.o(i._printf_core) refers to uldiv.o(.text) for __aeabi_uldivmod
    printf7.o(i._printf_core) refers to printf7.o(i._printf_post_padding) for _printf_post_padding
    printf8.o(i.__0fprintf$8) refers to printf8.o(i._printf_core) for _printf_core
    printf8.o(i.__0fprintf$8) refers to fputc.o(i.fputc) for fputc
    printf8.o(i.__0printf$8) refers to printf8.o(i._printf_core) for _printf_core
    printf8.o(i.__0printf$8) refers to fputc.o(i.fputc) for fputc
    printf8.o(i.__0printf$8) refers to stdout.o(.data) for __stdout
    printf8.o(i.__0snprintf$8) refers to printf8.o(i._printf_core) for _printf_core
    printf8.o(i.__0snprintf$8) refers to printf8.o(i._snputc) for _snputc
    printf8.o(i.__0sprintf$8) refers to printf8.o(i._printf_core) for _printf_core
    printf8.o(i.__0sprintf$8) refers to printf8.o(i._sputc) for _sputc
    printf8.o(i.__0vfprintf$8) refers to printf8.o(i._printf_core) for _printf_core
    printf8.o(i.__0vfprintf$8) refers to fputc.o(i.fputc) for fputc
    printf8.o(i.__0vprintf$8) refers to printf8.o(i._printf_core) for _printf_core
    printf8.o(i.__0vprintf$8) refers to fputc.o(i.fputc) for fputc
    printf8.o(i.__0vprintf$8) refers to stdout.o(.data) for __stdout
    printf8.o(i.__0vsnprintf$8) refers to printf8.o(i._printf_core) for _printf_core
    printf8.o(i.__0vsnprintf$8) refers to printf8.o(i._snputc) for _snputc
    printf8.o(i.__0vsprintf$8) refers to printf8.o(i._printf_core) for _printf_core
    printf8.o(i.__0vsprintf$8) refers to printf8.o(i._sputc) for _sputc
    printf8.o(i._printf_core) refers to printf8.o(i._printf_pre_padding) for _printf_pre_padding
    printf8.o(i._printf_core) refers to uldiv.o(.text) for __aeabi_uldivmod
    printf8.o(i._printf_core) refers to printf8.o(i._printf_post_padding) for _printf_post_padding
    printfa.o(i.__0fprintf) refers (Special) to iusefp.o(.text) for __I$use$fp
    printfa.o(i.__0fprintf) refers to printfa.o(i._printf_core) for _printf_core
    printfa.o(i.__0fprintf) refers to fputc.o(i.fputc) for fputc
    printfa.o(i.__0printf) refers (Special) to iusefp.o(.text) for __I$use$fp
    printfa.o(i.__0printf) refers to printfa.o(i._printf_core) for _printf_core
    printfa.o(i.__0printf) refers to fputc.o(i.fputc) for fputc
    printfa.o(i.__0printf) refers to stdout.o(.data) for __stdout
    printfa.o(i.__0snprintf) refers (Special) to iusefp.o(.text) for __I$use$fp
    printfa.o(i.__0snprintf) refers to printfa.o(i._printf_core) for _printf_core
    printfa.o(i.__0snprintf) refers to printfa.o(i._snputc) for _snputc
    printfa.o(i.__0sprintf) refers (Special) to iusefp.o(.text) for __I$use$fp
    printfa.o(i.__0sprintf) refers to printfa.o(i._printf_core) for _printf_core
    printfa.o(i.__0sprintf) refers to printfa.o(i._sputc) for _sputc
    printfa.o(i.__0vfprintf) refers (Special) to iusefp.o(.text) for __I$use$fp
    printfa.o(i.__0vfprintf) refers to printfa.o(i._printf_core) for _printf_core
    printfa.o(i.__0vfprintf) refers to fputc.o(i.fputc) for fputc
    printfa.o(i.__0vprintf) refers (Special) to iusefp.o(.text) for __I$use$fp
    printfa.o(i.__0vprintf) refers to printfa.o(i._printf_core) for _printf_core
    printfa.o(i.__0vprintf) refers to fputc.o(i.fputc) for fputc
    printfa.o(i.__0vprintf) refers to stdout.o(.data) for __stdout
    printfa.o(i.__0vsnprintf) refers (Special) to iusefp.o(.text) for __I$use$fp
    printfa.o(i.__0vsnprintf) refers to printfa.o(i._printf_core) for _printf_core
    printfa.o(i.__0vsnprintf) refers to printfa.o(i._snputc) for _snputc
    printfa.o(i.__0vsprintf) refers (Special) to iusefp.o(.text) for __I$use$fp
    printfa.o(i.__0vsprintf) refers to printfa.o(i._printf_core) for _printf_core
    printfa.o(i.__0vsprintf) refers to printfa.o(i._sputc) for _sputc
    printfa.o(i._fp_digits) refers (Special) to iusefp.o(.text) for __I$use$fp
    printfa.o(i._fp_digits) refers to dmul.o(.text) for __aeabi_dmul
    printfa.o(i._fp_digits) refers to ddiv.o(.text) for __aeabi_ddiv
    printfa.o(i._fp_digits) refers to cdrcmple.o(.text) for __aeabi_cdrcmple
    printfa.o(i._fp_digits) refers to dadd.o(.text) for __aeabi_dadd
    printfa.o(i._fp_digits) refers to dfixul.o(.text) for __aeabi_d2ulz
    printfa.o(i._fp_digits) refers to uldiv.o(.text) for __aeabi_uldivmod
    printfa.o(i._printf_core) refers (Special) to iusefp.o(.text) for __I$use$fp
    printfa.o(i._printf_core) refers to printfa.o(i._printf_pre_padding) for _printf_pre_padding
    printfa.o(i._printf_core) refers to uldiv.o(.text) for __aeabi_uldivmod
    printfa.o(i._printf_core) refers to printfa.o(i._printf_post_padding) for _printf_post_padding
    printfa.o(i._printf_core) refers to printfa.o(i._fp_digits) for _fp_digits
    printfa.o(i._printf_core) refers to uidiv.o(.text) for __aeabi_uidivmod
    printfa.o(i._printf_post_padding) refers (Special) to iusefp.o(.text) for __I$use$fp
    printfa.o(i._printf_pre_padding) refers (Special) to iusefp.o(.text) for __I$use$fp
    printfa.o(i._snputc) refers (Special) to iusefp.o(.text) for __I$use$fp
    printfa.o(i._sputc) refers (Special) to iusefp.o(.text) for __I$use$fp
    entry2.o(.ARM.Collect$$$$00000001) refers to entry2.o(.ARM.Collect$$$$00002712) for __lit__00000000
    entry2.o(.ARM.Collect$$$$00002712) refers to startup_stm32f10x_hd.o(STACK) for __initial_sp
    entry2.o(__vectab_stack_and_reset_area) refers to startup_stm32f10x_hd.o(STACK) for __initial_sp
    entry2.o(__vectab_stack_and_reset_area) refers to entry.o(.ARM.Collect$$$$00000000) for __main
    entry5.o(.ARM.Collect$$$$00000004) refers to init.o(.text) for __scatterload
    entry9a.o(.ARM.Collect$$$$0000000B) refers to main.o(.text) for main
    entry9b.o(.ARM.Collect$$$$0000000C) refers to main.o(.text) for main
    fputc.o(i.fputc) refers (Special) to iusesemip.o(.text) for __I$use$semihosting$fputc
    fputc.o(i.fputc) refers (Special) to semi.o(.text) for __semihosting_library_function
    uldiv.o(.text) refers to llushr.o(.text) for __aeabi_llsr
    uldiv.o(.text) refers to llshl.o(.text) for __aeabi_llsl
    dadd.o(.text) refers to llshl.o(.text) for __aeabi_llsl
    dadd.o(.text) refers to llsshr.o(.text) for __aeabi_lasr
    dadd.o(.text) refers to depilogue.o(.text) for _double_epilogue
    dmul.o(.text) refers to depilogue.o(.text) for _double_epilogue
    ddiv.o(.text) refers to depilogue.o(.text) for _double_round
    dfixul.o(.text) refers to llushr.o(.text) for __aeabi_llsr
    dfixul.o(.text) refers to llshl.o(.text) for __aeabi_llsl
    init.o(.text) refers to entry5.o(.ARM.Collect$$$$00000004) for __main_after_scatterload
    depilogue.o(.text) refers to llshl.o(.text) for __aeabi_llsl
    depilogue.o(.text) refers to llushr.o(.text) for __aeabi_llsr


==============================================================================

Removing Unused input sections from the image.

    Removing stm32f10x_adc.o(.text), (1102 bytes).
    Removing stm32f10x_bkp.o(.text), (196 bytes).
    Removing stm32f10x_can.o(.text), (2544 bytes).
    Removing stm32f10x_cec.o(.text), (288 bytes).
    Removing stm32f10x_crc.o(.text), (72 bytes).
    Removing stm32f10x_dac.o(.text), (396 bytes).
    Removing stm32f10x_dbgmcu.o(.text), (48 bytes).
    Removing stm32f10x_dma.o(.text), (596 bytes).
    Removing stm32f10x_exti.o(.text), (284 bytes).
    Removing stm32f10x_fsmc.o(.text), (1548 bytes).
    Removing stm32f10x_i2c.o(.text), (1028 bytes).
    Removing stm32f10x_iwdg.o(.text), (64 bytes).
    Removing stm32f10x_pwr.o(.text), (204 bytes).
    Removing stm32f10x_rtc.o(.text), (328 bytes).
    Removing stm32f10x_sdio.o(.text), (468 bytes).
    Removing stm32f10x_spi.o(.text), (780 bytes).
    Removing stm32f10x_tim.o(.text), (3610 bytes).
    Removing stm32f10x_wwdg.o(.text), (136 bytes).
    Removing startup_stm32f10x_hd.o(HEAP), (512 bytes).
    Removing crypto.o(.rev16_text), (4 bytes).
    Removing crypto.o(.revsh_text), (4 bytes).
    Removing crypto.o(i.AES128_decrypt), (788 bytes).
    Removing crypto.o(i.AES192_decrypt), (784 bytes).
    Removing crypto.o(i.AES256_decrypt), (788 bytes).
    Removing crypto.o(i.AES_CBC_Decrypt_Append), (658 bytes).
    Removing crypto.o(i.AES_CBC_Decrypt_Finish), (26 bytes).
    Removing crypto.o(i.AES_CBC_Decrypt_Init), (6 bytes).
    Removing crypto.o(i.AES_CBC_Encrypt_Append), (514 bytes).
    Removing crypto.o(i.AES_CBC_Encrypt_Finish), (26 bytes).
    Removing crypto.o(i.AES_CBC_Encrypt_Init), (6 bytes).
    Removing crypto.o(i.AES_CCM_Decrypt_Append), (600 bytes).
    Removing crypto.o(i.AES_CCM_Decrypt_Finish), (392 bytes).
    Removing crypto.o(i.AES_CCM_Decrypt_Init), (4 bytes).
    Removing crypto.o(i.AES_CCM_Encrypt_Append), (1166 bytes).
    Removing crypto.o(i.AES_CCM_Encrypt_Finish), (256 bytes).
    Removing crypto.o(i.AES_CCM_Encrypt_Init), (660 bytes).
    Removing crypto.o(i.AES_CCM_Header_Append), (560 bytes).
    Removing crypto.o(i.AES_CMAC_Decrypt_Append), (4 bytes).
    Removing crypto.o(i.AES_CMAC_Decrypt_Finish), (308 bytes).
    Removing crypto.o(i.AES_CMAC_Decrypt_Init), (46 bytes).
    Removing crypto.o(i.AES_CMAC_Encrypt_Append), (1044 bytes).
    Removing crypto.o(i.AES_CMAC_Encrypt_Finish), (180 bytes).
    Removing crypto.o(i.AES_CMAC_Encrypt_Init), (46 bytes).
    Removing crypto.o(i.AES_ECB_Decrypt_Append), (196 bytes).
    Removing crypto.o(i.AES_ECB_Decrypt_Finish), (26 bytes).
    Removing crypto.o(i.AES_ECB_Decrypt_Init), (6 bytes).
    Removing crypto.o(i.AES_ECB_Encrypt_Append), (196 bytes).
    Removing crypto.o(i.AES_ECB_Encrypt_Finish), (26 bytes).
    Removing crypto.o(i.AES_ECB_Encrypt_Init), (6 bytes).
    Removing crypto.o(i.AES_GCM_Decrypt_Append), (22 bytes).
    Removing crypto.o(i.AES_GCM_Decrypt_Finish), (8 bytes).
    Removing crypto.o(i.AES_GCM_Decrypt_Init), (4 bytes).
    Removing crypto.o(i.AES_GCM_Encrypt_Append), (22 bytes).
    Removing crypto.o(i.AES_GCM_Encrypt_Finish), (6 bytes).
    Removing crypto.o(i.AES_GCM_Encrypt_Init), (1080 bytes).
    Removing crypto.o(i.AES_GCM_Header_Append), (406 bytes).
    Removing crypto.o(i.AES_KeyWrap_Decrypt_Append), (302 bytes).
    Removing crypto.o(i.AES_KeyWrap_Decrypt_Finish), (50 bytes).
    Removing crypto.o(i.AES_KeyWrap_Decrypt_Init), (20 bytes).
    Removing crypto.o(i.AES_KeyWrap_Encrypt_Append), (368 bytes).
    Removing crypto.o(i.AES_KeyWrap_Encrypt_Finish), (26 bytes).
    Removing crypto.o(i.AES_KeyWrap_Encrypt_Init), (20 bytes).
    Removing crypto.o(i.AESgcmAppend), (1142 bytes).
    Removing crypto.o(i.AESgcmFinal), (570 bytes).
    Removing crypto.o(i.ARC4_Decrypt_Append), (16 bytes).
    Removing crypto.o(i.ARC4_Decrypt_Finish), (26 bytes).
    Removing crypto.o(i.ARC4_Decrypt_Init), (132 bytes).
    Removing crypto.o(i.ARC4_Encrypt_Append), (348 bytes).
    Removing crypto.o(i.ARC4_Encrypt_Finish), (26 bytes).
    Removing crypto.o(i.ARC4_Encrypt_Init), (130 bytes).
    Removing crypto.o(i.AddBig), (318 bytes).
    Removing crypto.o(i.Add_Moduli_Big), (454 bytes).
    Removing crypto.o(i.Big_to_W8), (180 bytes).
    Removing crypto.o(i.Big_to_fixedW8), (140 bytes).
    Removing crypto.o(i.CompareBig), (166 bytes).
    Removing crypto.o(i.CopyBig), (158 bytes).
    Removing crypto.o(i.CountBits), (48 bytes).
    Removing crypto.o(i.CountBytes), (50 bytes).
    Removing crypto.o(i.DES_CBC_Decrypt_Append), (196 bytes).
    Removing crypto.o(i.DES_CBC_Decrypt_Finish), (26 bytes).
    Removing crypto.o(i.DES_CBC_Decrypt_Init), (6 bytes).
    Removing crypto.o(i.DES_CBC_Encrypt_Append), (160 bytes).
    Removing crypto.o(i.DES_CBC_Encrypt_Finish), (26 bytes).
    Removing crypto.o(i.DES_CBC_Encrypt_Init), (6 bytes).
    Removing crypto.o(i.DES_ECB_Decrypt_Append), (172 bytes).
    Removing crypto.o(i.DES_ECB_Decrypt_Finish), (26 bytes).
    Removing crypto.o(i.DES_ECB_Decrypt_Init), (6 bytes).
    Removing crypto.o(i.DES_ECB_Encrypt_Append), (172 bytes).
    Removing crypto.o(i.DES_ECB_Encrypt_Finish), (26 bytes).
    Removing crypto.o(i.DES_ECB_Encrypt_Init), (6 bytes).
    Removing crypto.o(i.DESstdInit), (248 bytes).
    Removing crypto.o(i.DRBG_AES128_Block_cipher_df), (384 bytes).
    Removing crypto.o(i.DRBG_AES128_Update), (134 bytes).
    Removing crypto.o(i.ECCcopyPoint), (102 bytes).
    Removing crypto.o(i.ECCfreeEC), (124 bytes).
    Removing crypto.o(i.ECCfreePoint), (66 bytes).
    Removing crypto.o(i.ECCfreePrivKey), (46 bytes).
    Removing crypto.o(i.ECCgetPointCoordinate), (188 bytes).
    Removing crypto.o(i.ECCgetPointFlag), (12 bytes).
    Removing crypto.o(i.ECCgetPrivKeyValue), (128 bytes).
    Removing crypto.o(i.ECCinitEC), (440 bytes).
    Removing crypto.o(i.ECCinitPoint), (208 bytes).
    Removing crypto.o(i.ECCinitPrivKey), (110 bytes).
    Removing crypto.o(i.ECCkeyGen), (216 bytes).
    Removing crypto.o(i.ECCpoint2Monty), (70 bytes).
    Removing crypto.o(i.ECCpointFromMonty), (72 bytes).
    Removing crypto.o(i.ECCscalarMul), (236 bytes).
    Removing crypto.o(i.ECCsetPointCoordinate), (74 bytes).
    Removing crypto.o(i.ECCsetPointFlag), (8 bytes).
    Removing crypto.o(i.ECCsetPointGenerator), (128 bytes).
    Removing crypto.o(i.ECCsetPrivKeyValue), (36 bytes).
    Removing crypto.o(i.ECCsymmetricPoint), (42 bytes).
    Removing crypto.o(i.ECCvalidatePubKey), (608 bytes).
    Removing crypto.o(i.ECDSAfreeSign), (56 bytes).
    Removing crypto.o(i.ECDSAgetSignature), (164 bytes).
    Removing crypto.o(i.ECDSAinitSign), (124 bytes).
    Removing crypto.o(i.ECDSAsetSignature), (48 bytes).
    Removing crypto.o(i.ECDSAsign), (1378 bytes).
    Removing crypto.o(i.ECDSAverify), (810 bytes).
    Removing crypto.o(i.EvenBig), (16 bytes).
    Removing crypto.o(i.FastDiv2), (98 bytes).
    Removing crypto.o(i.FastDivInnerBase), (64 bytes).
    Removing crypto.o(i.FastMul2), (110 bytes).
    Removing crypto.o(i.FastMulInnerBase), (164 bytes).
    Removing crypto.o(i.GenRndBN), (242 bytes).
    Removing crypto.o(i.GenRndBNmodN), (274 bytes).
    Removing crypto.o(i.GiveBit), (30 bytes).
    Removing crypto.o(i.HMAC_MD5_Append), (52 bytes).
    Removing crypto.o(i.HMAC_MD5_Finish), (180 bytes).
    Removing crypto.o(i.HMAC_MD5_Init), (348 bytes).
    Removing crypto.o(i.HMAC_SHA1_Append), (16 bytes).
    Removing crypto.o(i.HMAC_SHA1_Finish), (160 bytes).
    Removing crypto.o(i.HMAC_SHA1_Init), (340 bytes).
    Removing crypto.o(i.HMAC_SHA224_Append), (52 bytes).
    Removing crypto.o(i.HMAC_SHA224_Finish), (220 bytes).
    Removing crypto.o(i.HMAC_SHA224_Init), (408 bytes).
    Removing crypto.o(i.HMAC_SHA256_Append), (52 bytes).
    Removing crypto.o(i.HMAC_SHA256_Finish), (220 bytes).
    Removing crypto.o(i.HMAC_SHA256_Init), (408 bytes).
    Removing crypto.o(i.InitBig), (104 bytes).
    Removing crypto.o(i.IsZeroBig), (22 bytes).
    Removing crypto.o(i.LeftShift), (144 bytes).
    Removing crypto.o(i.MD5_Append), (42 bytes).
    Removing crypto.o(i.MD5_Finish), (144 bytes).
    Removing crypto.o(i.MD5_Init), (60 bytes).
    Removing crypto.o(i.ModularAddBig), (68 bytes).
    Removing crypto.o(i.ModularExpSlidWin), (616 bytes).
    Removing crypto.o(i.ModularFastMul2), (138 bytes).
    Removing crypto.o(i.ModularInvBig), (540 bytes).
    Removing crypto.o(i.ModularSubBig), (40 bytes).
    Removing crypto.o(i.MontyExit), (88 bytes).
    Removing crypto.o(i.MontyInit), (874 bytes).
    Removing crypto.o(i.MontyJacProjAddPoints), (894 bytes).
    Removing crypto.o(i.MontyJacProjDoublePoint), (778 bytes).
    Removing crypto.o(i.MontyKillAll), (48 bytes).
    Removing crypto.o(i.MontyKillR2), (38 bytes).
    Removing crypto.o(i.MontyMul), (524 bytes).
    Removing crypto.o(i.MulBigbyUnInt), (112 bytes).
    Removing crypto.o(i.NAF_Binary_PointMul), (860 bytes).
    Removing crypto.o(i.Normalize), (368 bytes).
    Removing crypto.o(i.RNGfree), (50 bytes).
    Removing crypto.o(i.RNGgenBytes), (162 bytes).
    Removing crypto.o(i.RNGgenWords), (170 bytes).
    Removing crypto.o(i.RNGinit), (240 bytes).
    Removing crypto.o(i.RNGreseed), (206 bytes).
    Removing crypto.o(i.RSASP1), (100 bytes).
    Removing crypto.o(i.RSAVP1), (34 bytes).
    Removing crypto.o(i.RSA_PKCS1v15_Sign), (636 bytes).
    Removing crypto.o(i.RSA_PKCS1v15_Verify), (724 bytes).
    Removing crypto.o(i.RightShift), (176 bytes).
    Removing crypto.o(i.SHA1Final), (392 bytes).
    Removing crypto.o(i.SHA1Init), (48 bytes).
    Removing crypto.o(i.SHA1Transform), (892 bytes).
    Removing crypto.o(i.SHA1Update), (154 bytes).
    Removing crypto.o(i.SHA1_Append), (188 bytes).
    Removing crypto.o(i.SHA1_Finish), (144 bytes).
    Removing crypto.o(i.SHA1_Init), (68 bytes).
    Removing crypto.o(i.SHA224Final), (390 bytes).
    Removing crypto.o(i.SHA224Init), (72 bytes).
    Removing crypto.o(i.SHA224_Append), (42 bytes).
    Removing crypto.o(i.SHA224_Finish), (144 bytes).
    Removing crypto.o(i.SHA224_Init), (92 bytes).
    Removing crypto.o(i.SHA256Final), (390 bytes).
    Removing crypto.o(i.SHA256Init), (72 bytes).
    Removing crypto.o(i.SHA256Transform), (600 bytes).
    Removing crypto.o(i.SHA256Update), (154 bytes).
    Removing crypto.o(i.SHA256_Append), (42 bytes).
    Removing crypto.o(i.SHA256_Finish), (144 bytes).
    Removing crypto.o(i.SHA256_Init), (92 bytes).
    Removing crypto.o(i.SetZeroBig), (70 bytes).
    Removing crypto.o(i.SignBig), (10 bytes).
    Removing crypto.o(i.StAllocBig), (66 bytes).
    Removing crypto.o(i.StFreeBig), (36 bytes).
    Removing crypto.o(i.SubBig), (234 bytes).
    Removing crypto.o(i.Sub_Moduli_Big), (436 bytes).
    Removing crypto.o(i.TDES_CBC_Decrypt_Append), (216 bytes).
    Removing crypto.o(i.TDES_CBC_Decrypt_Finish), (26 bytes).
    Removing crypto.o(i.TDES_CBC_Decrypt_Init), (6 bytes).
    Removing crypto.o(i.TDES_CBC_Encrypt_Append), (184 bytes).
    Removing crypto.o(i.TDES_CBC_Encrypt_Finish), (26 bytes).
    Removing crypto.o(i.TDES_CBC_Encrypt_Init), (6 bytes).
    Removing crypto.o(i.TDES_ECB_Decrypt_Append), (192 bytes).
    Removing crypto.o(i.TDES_ECB_Decrypt_Finish), (26 bytes).
    Removing crypto.o(i.TDES_ECB_Decrypt_Init), (6 bytes).
    Removing crypto.o(i.TDES_ECB_Encrypt_Append), (192 bytes).
    Removing crypto.o(i.TDES_ECB_Encrypt_Finish), (26 bytes).
    Removing crypto.o(i.TDES_ECB_Encrypt_Init), (6 bytes).
    Removing crypto.o(i.TDESstdInit), (292 bytes).
    Removing crypto.o(i.W32_to_W8), (124 bytes).
    Removing crypto.o(i.W8_to_Big), (326 bytes).
    Removing crypto.o(i.crl_DRBG_AES128_Generate), (450 bytes).
    Removing crypto.o(i.crl_DRBG_AES128_Instantiate), (188 bytes).
    Removing crypto.o(i.crl_DRBG_AES128_Reseed), (164 bytes).
    Removing crypto.o(i.crl_ModularExp), (556 bytes).
    Removing crypto.o(i.crl_u_MD5_Finish), (216 bytes).
    Removing crypto.o(i.crl_u_MD5_Init), (40 bytes).
    Removing crypto.o(i.crl_u_MD5_Update), (150 bytes).
    Removing crypto.o(i.desfunc), (476 bytes).
    Removing crypto.o(i.deskey), (628 bytes).
    Removing crypto.o(i.gfmul), (364 bytes).
    Removing crypto.o(i.md5_process), (2064 bytes).
    Removing dadd.o(.text), (334 bytes).
    Removing dmul.o(.text), (228 bytes).
    Removing ddiv.o(.text), (222 bytes).
    Removing dfixul.o(.text), (48 bytes).
    Removing cdrcmple.o(.text), (48 bytes).
    Removing depilogue.o(.text), (186 bytes).

227 unused section(s) (total 62298 bytes) removed from the image.

==============================================================================

Image Symbol Table

    Local Symbols

    Symbol Name                              Value     Ov Type        Size  Object(Section)

    ../clib/microlib/division.c              0x00000000   Number         0  uidiv.o ABSOLUTE
    ../clib/microlib/division.c              0x00000000   Number         0  uldiv.o ABSOLUTE
    ../clib/microlib/init/entry.s            0x00000000   Number         0  entry8a.o ABSOLUTE
    ../clib/microlib/init/entry.s            0x00000000   Number         0  entry7b.o ABSOLUTE
    ../clib/microlib/init/entry.s            0x00000000   Number         0  entry11b.o ABSOLUTE
    ../clib/microlib/init/entry.s            0x00000000   Number         0  entry7a.o ABSOLUTE
    ../clib/microlib/init/entry.s            0x00000000   Number         0  entry9b.o ABSOLUTE
    ../clib/microlib/init/entry.s            0x00000000   Number         0  entry.o ABSOLUTE
    ../clib/microlib/init/entry.s            0x00000000   Number         0  entry5.o ABSOLUTE
    ../clib/microlib/init/entry.s            0x00000000   Number         0  entry11a.o ABSOLUTE
    ../clib/microlib/init/entry.s            0x00000000   Number         0  entry10b.o ABSOLUTE
    ../clib/microlib/init/entry.s            0x00000000   Number         0  entry10a.o ABSOLUTE
    ../clib/microlib/init/entry.s            0x00000000   Number         0  entry2.o ABSOLUTE
    ../clib/microlib/init/entry.s            0x00000000   Number         0  entry9a.o ABSOLUTE
    ../clib/microlib/init/entry.s            0x00000000   Number         0  entry8b.o ABSOLUTE
    ../clib/microlib/longlong.c              0x00000000   Number         0  llsshr.o ABSOLUTE
    ../clib/microlib/longlong.c              0x00000000   Number         0  llushr.o ABSOLUTE
    ../clib/microlib/longlong.c              0x00000000   Number         0  llshl.o ABSOLUTE
    ../clib/microlib/printf/printf.c         0x00000000   Number         0  printf3.o ABSOLUTE
    ../clib/microlib/printf/printf.c         0x00000000   Number         0  printf8.o ABSOLUTE
    ../clib/microlib/printf/printf.c         0x00000000   Number         0  printfa.o ABSOLUTE
    ../clib/microlib/printf/printf.c         0x00000000   Number         0  printfb.o ABSOLUTE
    ../clib/microlib/printf/printf.c         0x00000000   Number         0  printf0.o ABSOLUTE
    ../clib/microlib/printf/printf.c         0x00000000   Number         0  printf6.o ABSOLUTE
    ../clib/microlib/printf/printf.c         0x00000000   Number         0  printf5.o ABSOLUTE
    ../clib/microlib/printf/printf.c         0x00000000   Number         0  printf4.o ABSOLUTE
    ../clib/microlib/printf/printf.c         0x00000000   Number         0  printf1.o ABSOLUTE
    ../clib/microlib/printf/printf.c         0x00000000   Number         0  printf2.o ABSOLUTE
    ../clib/microlib/printf/printf.c         0x00000000   Number         0  printf7.o ABSOLUTE
    ../clib/microlib/printf/stubs.s          0x00000000   Number         0  stubs.o ABSOLUTE
    ../clib/microlib/stdio/fputc.c           0x00000000   Number         0  fputc.o ABSOLUTE
    ../clib/microlib/stdio/semi.s            0x00000000   Number         0  semi.o ABSOLUTE
    ../clib/microlib/stdio/streams.c         0x00000000   Number         0  stdout.o ABSOLUTE
    ../clib/microlib/string/memcmp.c         0x00000000   Number         0  memcmp.o ABSOLUTE
    ../clib/microlib/string/memcpy.c         0x00000000   Number         0  memcpyb.o ABSOLUTE
    ../clib/microlib/string/memcpy.c         0x00000000   Number         0  memcpya.o ABSOLUTE
    ../clib/microlib/string/memset.c         0x00000000   Number         0  memseta.o ABSOLUTE
    ../clib/microlib/string/strlen.c         0x00000000   Number         0  strlen.o ABSOLUTE
    ../clib/microlib/string/strncmp.c        0x00000000   Number         0  strncmp.o ABSOLUTE
    ../clib/microlib/stubs.s                 0x00000000   Number         0  iusefp.o ABSOLUTE
    ../clib/microlib/stubs.s                 0x00000000   Number         0  iusesemip.o ABSOLUTE
    ../fplib/microlib/fpadd.c                0x00000000   Number         0  dadd.o ABSOLUTE
    ../fplib/microlib/fpdiv.c                0x00000000   Number         0  ddiv.o ABSOLUTE
    ../fplib/microlib/fpepilogue.c           0x00000000   Number         0  depilogue.o ABSOLUTE
    ../fplib/microlib/fpfix.c                0x00000000   Number         0  dfixul.o ABSOLUTE
    ../fplib/microlib/fpmul.c                0x00000000   Number         0  dmul.o ABSOLUTE
    ..\..\BSP\Cryptographic\crypto.c         0x00000000   Number         0  crypto.o ABSOLUTE
    ..\..\BSP\FLASH\Flash.c                  0x00000000   Number         0  flash.o ABSOLUTE
    ..\..\BSP\M26\AT_cmd.c                   0x00000000   Number         0  at_cmd.o ABSOLUTE
    ..\..\BSP\M26\M26.c                      0x00000000   Number         0  m26.o ABSOLUTE
    ..\..\BSP\UART\uart1.c                   0x00000000   Number         0  uart1.o ABSOLUTE
    ..\..\BSP\UART\uart4.c                   0x00000000   Number         0  uart4.o ABSOLUTE
    ..\..\BSP\private\private.c              0x00000000   Number         0  private.o ABSOLUTE
    ..\..\Libraries\CMSIS\core_cm3.c         0x00000000   Number         0  core_cm3.o ABSOLUTE
    ..\..\Libraries\CMSIS\startup\startup_stm32f10x_hd.s 0x00000000   Number         0  startup_stm32f10x_hd.o ABSOLUTE
    ..\..\Libraries\CMSIS\system_stm32f10x.c 0x00000000   Number         0  system_stm32f10x.o ABSOLUTE
    ..\..\Libraries\FWlib\src\misc.c         0x00000000   Number         0  misc.o ABSOLUTE
    ..\..\Libraries\FWlib\src\stm32f10x_adc.c 0x00000000   Number         0  stm32f10x_adc.o ABSOLUTE
    ..\..\Libraries\FWlib\src\stm32f10x_bkp.c 0x00000000   Number         0  stm32f10x_bkp.o ABSOLUTE
    ..\..\Libraries\FWlib\src\stm32f10x_can.c 0x00000000   Number         0  stm32f10x_can.o ABSOLUTE
    ..\..\Libraries\FWlib\src\stm32f10x_cec.c 0x00000000   Number         0  stm32f10x_cec.o ABSOLUTE
    ..\..\Libraries\FWlib\src\stm32f10x_crc.c 0x00000000   Number         0  stm32f10x_crc.o ABSOLUTE
    ..\..\Libraries\FWlib\src\stm32f10x_dac.c 0x00000000   Number         0  stm32f10x_dac.o ABSOLUTE
    ..\..\Libraries\FWlib\src\stm32f10x_dbgmcu.c 0x00000000   Number         0  stm32f10x_dbgmcu.o ABSOLUTE
    ..\..\Libraries\FWlib\src\stm32f10x_dma.c 0x00000000   Number         0  stm32f10x_dma.o ABSOLUTE
    ..\..\Libraries\FWlib\src\stm32f10x_exti.c 0x00000000   Number         0  stm32f10x_exti.o ABSOLUTE
    ..\..\Libraries\FWlib\src\stm32f10x_flash.c 0x00000000   Number         0  stm32f10x_flash.o ABSOLUTE
    ..\..\Libraries\FWlib\src\stm32f10x_fsmc.c 0x00000000   Number         0  stm32f10x_fsmc.o ABSOLUTE
    ..\..\Libraries\FWlib\src\stm32f10x_gpio.c 0x00000000   Number         0  stm32f10x_gpio.o ABSOLUTE
    ..\..\Libraries\FWlib\src\stm32f10x_i2c.c 0x00000000   Number         0  stm32f10x_i2c.o ABSOLUTE
    ..\..\Libraries\FWlib\src\stm32f10x_iwdg.c 0x00000000   Number         0  stm32f10x_iwdg.o ABSOLUTE
    ..\..\Libraries\FWlib\src\stm32f10x_pwr.c 0x00000000   Number         0  stm32f10x_pwr.o ABSOLUTE
    ..\..\Libraries\FWlib\src\stm32f10x_rcc.c 0x00000000   Number         0  stm32f10x_rcc.o ABSOLUTE
    ..\..\Libraries\FWlib\src\stm32f10x_rtc.c 0x00000000   Number         0  stm32f10x_rtc.o ABSOLUTE
    ..\..\Libraries\FWlib\src\stm32f10x_sdio.c 0x00000000   Number         0  stm32f10x_sdio.o ABSOLUTE
    ..\..\Libraries\FWlib\src\stm32f10x_spi.c 0x00000000   Number         0  stm32f10x_spi.o ABSOLUTE
    ..\..\Libraries\FWlib\src\stm32f10x_tim.c 0x00000000   Number         0  stm32f10x_tim.o ABSOLUTE
    ..\..\Libraries\FWlib\src\stm32f10x_usart.c 0x00000000   Number         0  stm32f10x_usart.o ABSOLUTE
    ..\..\Libraries\FWlib\src\stm32f10x_wwdg.c 0x00000000   Number         0  stm32f10x_wwdg.o ABSOLUTE
    ..\..\User\Led\bsp_led.c                 0x00000000   Number         0  bsp_led.o ABSOLUTE
    ..\..\User\SysTick\bsp_SysTick.c         0x00000000   Number         0  bsp_systick.o ABSOLUTE
    ..\..\User\main.c                        0x00000000   Number         0  main.o ABSOLUTE
    ..\..\User\stm32f10x_it.c                0x00000000   Number         0  stm32f10x_it.o ABSOLUTE
    ..\Crypto_Sources_Files\crypto.c         0x00000000   Number         0  crypto.o ABSOLUTE
    ..\\..\\Libraries\\CMSIS\\core_cm3.c     0x00000000   Number         0  core_cm3.o ABSOLUTE
    ..\\Crypto_Sources_Files\\crypto.c       0x00000000   Number         0  crypto.o ABSOLUTE
    cdrcmple.s                               0x00000000   Number         0  cdrcmple.o ABSOLUTE
    dc.s                                     0x00000000   Number         0  dc.o ABSOLUTE
    handlers.s                               0x00000000   Number         0  handlers.o ABSOLUTE
    init.s                                   0x00000000   Number         0  init.o ABSOLUTE
    RESET                                    0x08000000   Section      304  startup_stm32f10x_hd.o(RESET)
    .ARM.Collect$$$$00000000                 0x08000130   Section        0  entry.o(.ARM.Collect$$$$00000000)
    .ARM.Collect$$$$00000001                 0x08000130   Section        4  entry2.o(.ARM.Collect$$$$00000001)
    .ARM.Collect$$$$00000004                 0x08000134   Section        4  entry5.o(.ARM.Collect$$$$00000004)
    .ARM.Collect$$$$00000008                 0x08000138   Section        0  entry7b.o(.ARM.Collect$$$$00000008)
    .ARM.Collect$$$$0000000A                 0x08000138   Section        0  entry8b.o(.ARM.Collect$$$$0000000A)
    .ARM.Collect$$$$0000000B                 0x08000138   Section        8  entry9a.o(.ARM.Collect$$$$0000000B)
    .ARM.Collect$$$$0000000D                 0x08000140   Section        0  entry10a.o(.ARM.Collect$$$$0000000D)
    .ARM.Collect$$$$0000000F                 0x08000140   Section        0  entry11a.o(.ARM.Collect$$$$0000000F)
    .ARM.Collect$$$$00002712                 0x08000140   Section        4  entry2.o(.ARM.Collect$$$$00002712)
    __lit__00000000                          0x08000140   Data           4  entry2.o(.ARM.Collect$$$$00002712)
    .emb_text                                0x08000144   Section       32  core_cm3.o(.emb_text)
    .text                                    0x08000164   Section        0  main.o(.text)
    iap_Loader_App                           0x08000165   Thumb Code    36  main.o(.text)
    is_protocol                              0x080001a7   Thumb Code    32  main.o(.text)
    copy_from_app                            0x080001c7   Thumb Code    62  main.o(.text)
    crc_7c                                   0x08000205   Thumb Code    32  main.o(.text)
    data_wifi_processed                      0x08000225   Thumb Code    42  main.o(.text)
    .text                                    0x0800093c   Section        0  stm32f10x_it.o(.text)
    .text                                    0x0800095c   Section        0  bsp_led.o(.text)
    .text                                    0x080009c8   Section        0  bsp_systick.o(.text)
    .text                                    0x08000a7c   Section        0  uart4.o(.text)
    NVIC_SystemReset                         0x08000c95   Thumb Code    26  uart4.o(.text)
    .text                                    0x08000cec   Section        0  flash.o(.text)
    .text                                    0x08000de0   Section        0  private.o(.text)
    .text                                    0x08000ffc   Section        0  uart1.o(.text)
    USART1_SEND_CHAR                         0x08001095   Thumb Code    28  uart1.o(.text)
    .text                                    0x080011a4   Section        0  crypto.o(.text)
    .text                                    0x080012b4   Section        0  misc.o(.text)
    .text                                    0x08001390   Section        0  stm32f10x_flash.o(.text)
    .text                                    0x0800194c   Section        0  stm32f10x_gpio.o(.text)
    .text                                    0x08001ca8   Section        0  stm32f10x_rcc.o(.text)
    .text                                    0x0800204c   Section        0  stm32f10x_usart.o(.text)
    .text                                    0x08002454   Section        0  system_stm32f10x.o(.text)
    SetSysClockTo72                          0x08002455   Thumb Code   214  system_stm32f10x.o(.text)
    SetSysClock                              0x0800252b   Thumb Code     8  system_stm32f10x.o(.text)
    .text                                    0x08002634   Section       36  startup_stm32f10x_hd.o(.text)
    .text                                    0x08002658   Section        0  at_cmd.o(.text)
    .text                                    0x08002784   Section        0  m26.o(.text)
    read_IPpra                               0x0800291d   Thumb Code    64  m26.o(.text)
    _gsm_connect_server                      0x0800295d   Thumb Code   132  m26.o(.text)
    .text                                    0x08002b9c   Section        0  memcpya.o(.text)
    .text                                    0x08002bc0   Section        0  memseta.o(.text)
    .text                                    0x08002be4   Section        0  strlen.o(.text)
    .text                                    0x08002bf2   Section        0  memcmp.o(.text)
    .text                                    0x08002c0c   Section        0  strncmp.o(.text)
    .text                                    0x08002c2a   Section        0  uidiv.o(.text)
    .text                                    0x08002c58   Section       36  init.o(.text)
    i.AES128_encrypt                         0x08002c7c   Section        0  crypto.o(i.AES128_encrypt)
    i.AES128_keyschedule_dec                 0x08002f8c   Section        0  crypto.o(i.AES128_keyschedule_dec)
    i.AES128_keyschedule_enc                 0x080030bc   Section        0  crypto.o(i.AES128_keyschedule_enc)
    i.AES192_encrypt                         0x08003130   Section        0  crypto.o(i.AES192_encrypt)
    i.AES192_keyschedule_dec                 0x08003440   Section        0  crypto.o(i.AES192_keyschedule_dec)
    i.AES192_keyschedule_enc                 0x08003558   Section        0  crypto.o(i.AES192_keyschedule_enc)
    i.AES256_encrypt                         0x080035f0   Section        0  crypto.o(i.AES256_encrypt)
    i.AES256_keyschedule_dec                 0x080038f0   Section        0  crypto.o(i.AES256_keyschedule_dec)
    i.AES256_keyschedule_enc                 0x08003a08   Section        0  crypto.o(i.AES256_keyschedule_enc)
    i.AES_CTR_Decrypt_Append                 0x08003ae4   Section        0  crypto.o(i.AES_CTR_Decrypt_Append)
    i.AES_CTR_Decrypt_Finish                 0x08003af4   Section        0  crypto.o(i.AES_CTR_Decrypt_Finish)
    i.AES_CTR_Decrypt_Init                   0x08003b0e   Section        0  crypto.o(i.AES_CTR_Decrypt_Init)
    i.AES_CTR_Encrypt_Append                 0x08003b14   Section        0  crypto.o(i.AES_CTR_Encrypt_Append)
    i.AES_CTR_Encrypt_Finish                 0x08003dd0   Section        0  crypto.o(i.AES_CTR_Encrypt_Finish)
    i.AES_CTR_Encrypt_Init                   0x08003dea   Section        0  crypto.o(i.AES_CTR_Encrypt_Init)
    i.AESstdInit                             0x08003df0   Section        0  crypto.o(i.AESstdInit)
    AESstdInit                               0x08003df1   Thumb Code   420  crypto.o(i.AESstdInit)
    i.Crypto_DeInit                          0x08003f94   Section        0  crypto.o(i.Crypto_DeInit)
    i.__0sprintf$1                           0x08003f9c   Section        0  printf1.o(i.__0sprintf$1)
    i.__scatterload_copy                     0x08003fc4   Section       14  handlers.o(i.__scatterload_copy)
    i.__scatterload_null                     0x08003fd2   Section        2  handlers.o(i.__scatterload_null)
    i.__scatterload_zeroinit                 0x08003fd4   Section       14  handlers.o(i.__scatterload_zeroinit)
    i._printf_core                           0x08003fe4   Section        0  printf1.o(i._printf_core)
    _printf_core                             0x08003fe5   Thumb Code   336  printf1.o(i._printf_core)
    i._sputc                                 0x08004138   Section        0  printf1.o(i._sputc)
    _sputc                                   0x08004139   Thumb Code    10  printf1.o(i._sputc)
    .constdata                               0x08004142   Section       40  uart4.o(.constdata)
    .constdata                               0x0800416a   Section      512  private.o(.constdata)
    .constdata                               0x0800436c   Section       36  m26.o(.constdata)
    .constdata                               0x08004390   Section     6040  crypto.o(.constdata)
    table_reduction8                         0x08004db8   Data         512  crypto.o(.constdata)
    table_reduction4                         0x08004fb8   Data          32  crypto.o(.constdata)
    pad                                      0x08005948   Data          64  crypto.o(.constdata)
    .data                                    0x20000000   Section       40  main.o(.data)
    .data                                    0x20000028   Section        4  bsp_systick.o(.data)
    TimingDelay                              0x20000028   Data           4  bsp_systick.o(.data)
    .data                                    0x2000002c   Section        8  uart4.o(.data)
    .data                                    0x20000034   Section        9  uart1.o(.data)
    .data                                    0x20000040   Section       36  crypto.o(.data)
    .data                                    0x20000064   Section       20  stm32f10x_rcc.o(.data)
    APBAHBPrescTable                         0x20000064   Data          16  stm32f10x_rcc.o(.data)
    ADCPrescTable                            0x20000074   Data           4  stm32f10x_rcc.o(.data)
    .data                                    0x20000078   Section       20  system_stm32f10x.o(.data)
    .bss                                     0x2000008c   Section      108  main.o(.bss)
    .bss                                     0x200000f8   Section     2048  uart4.o(.bss)
    .bss                                     0x200008f8   Section     2048  uart1.o(.bss)
    .bss                                     0x200010f8   Section     1524  crypto.o(.bss)
    STACK                                    0x200016f0   Section     1024  startup_stm32f10x_hd.o(STACK)

    Global Symbols

    Symbol Name                              Value     Ov Type        Size  Object(Section)

    BuildAttributes$$THM_ISAv4$P$D$K$B$S$PE$A:L22UL41UL21$X:L11$S22US41US21$IEEE1$IW$USESV6$~STKCKD$USESV7$~SHL$OTIME$ROPI$EBA8$MICROLIB$REQ8$PRES8$EABIv2 0x00000000   Number         0  anon$$obj.o ABSOLUTE
    __ARM_use_no_argv                        0x00000000   Number         0  main.o ABSOLUTE
    _printf_a                                0x00000000   Number         0  stubs.o ABSOLUTE
    _printf_c                                0x00000000   Number         0  stubs.o ABSOLUTE
    _printf_charcount                        0x00000000   Number         0  stubs.o ABSOLUTE
    _printf_d                                0x00000000   Number         0  stubs.o ABSOLUTE
    _printf_e                                0x00000000   Number         0  stubs.o ABSOLUTE
    _printf_f                                0x00000000   Number         0  stubs.o ABSOLUTE
    _printf_flags                            0x00000000   Number         0  stubs.o ABSOLUTE
    _printf_fp_dec                           0x00000000   Number         0  stubs.o ABSOLUTE
    _printf_fp_hex                           0x00000000   Number         0  stubs.o ABSOLUTE
    _printf_g                                0x00000000   Number         0  stubs.o ABSOLUTE
    _printf_i                                0x00000000   Number         0  stubs.o ABSOLUTE
    _printf_int_dec                          0x00000000   Number         0  stubs.o ABSOLUTE
    _printf_l                                0x00000000   Number         0  stubs.o ABSOLUTE
    _printf_lc                               0x00000000   Number         0  stubs.o ABSOLUTE
    _printf_ll                               0x00000000   Number         0  stubs.o ABSOLUTE
    _printf_lld                              0x00000000   Number         0  stubs.o ABSOLUTE
    _printf_lli                              0x00000000   Number         0  stubs.o ABSOLUTE
    _printf_llo                              0x00000000   Number         0  stubs.o ABSOLUTE
    _printf_llu                              0x00000000   Number         0  stubs.o ABSOLUTE
    _printf_llx                              0x00000000   Number         0  stubs.o ABSOLUTE
    _printf_longlong_dec                     0x00000000   Number         0  stubs.o ABSOLUTE
    _printf_longlong_hex                     0x00000000   Number         0  stubs.o ABSOLUTE
    _printf_longlong_oct                     0x00000000   Number         0  stubs.o ABSOLUTE
    _printf_ls                               0x00000000   Number         0  stubs.o ABSOLUTE
    _printf_mbtowc                           0x00000000   Number         0  stubs.o ABSOLUTE
    _printf_n                                0x00000000   Number         0  stubs.o ABSOLUTE
    _printf_o                                0x00000000   Number         0  stubs.o ABSOLUTE
    _printf_p                                0x00000000   Number         0  stubs.o ABSOLUTE
    _printf_percent                          0x00000000   Number         0  stubs.o ABSOLUTE
    _printf_pre_padding                      0x00000000   Number         0  stubs.o ABSOLUTE
    _printf_return_value                     0x00000000   Number         0  stubs.o ABSOLUTE
    _printf_s                                0x00000000   Number         0  stubs.o ABSOLUTE
    _printf_sizespec                         0x00000000   Number         0  stubs.o ABSOLUTE
    _printf_str                              0x00000000   Number         0  stubs.o ABSOLUTE
    _printf_truncate_signed                  0x00000000   Number         0  stubs.o ABSOLUTE
    _printf_truncate_unsigned                0x00000000   Number         0  stubs.o ABSOLUTE
    _printf_u                                0x00000000   Number         0  stubs.o ABSOLUTE
    _printf_wc                               0x00000000   Number         0  stubs.o ABSOLUTE
    _printf_wctomb                           0x00000000   Number         0  stubs.o ABSOLUTE
    _printf_widthprec                        0x00000000   Number         0  stubs.o ABSOLUTE
    _printf_x                                0x00000000   Number         0  stubs.o ABSOLUTE
    __cpp_initialize__aeabi_                  - Undefined Weak Reference
    __cxa_finalize                            - Undefined Weak Reference
    __decompress                              - Undefined Weak Reference
    _clock_init                               - Undefined Weak Reference
    _microlib_exit                            - Undefined Weak Reference
    __Vectors_Size                           0x00000130   Number         0  startup_stm32f10x_hd.o ABSOLUTE
    __Vectors                                0x08000000   Data           4  startup_stm32f10x_hd.o(RESET)
    __Vectors_End                            0x08000130   Data           0  startup_stm32f10x_hd.o(RESET)
    __main                                   0x08000131   Thumb Code     0  entry.o(.ARM.Collect$$$$00000000)
    _main_stk                                0x08000131   Thumb Code     0  entry2.o(.ARM.Collect$$$$00000001)
    _main_scatterload                        0x08000135   Thumb Code     0  entry5.o(.ARM.Collect$$$$00000004)
    __main_after_scatterload                 0x08000139   Thumb Code     0  entry5.o(.ARM.Collect$$$$00000004)
    _main_clock                              0x08000139   Thumb Code     0  entry7b.o(.ARM.Collect$$$$00000008)
    _main_cpp_init                           0x08000139   Thumb Code     0  entry8b.o(.ARM.Collect$$$$0000000A)
    _main_init                               0x08000139   Thumb Code     0  entry9a.o(.ARM.Collect$$$$0000000B)
    __rt_final_cpp                           0x08000141   Thumb Code     0  entry10a.o(.ARM.Collect$$$$0000000D)
    __rt_final_exit                          0x08000141   Thumb Code     0  entry11a.o(.ARM.Collect$$$$0000000F)
    __get_PSP                                0x08000145   Thumb Code     6  core_cm3.o(.emb_text)
    __set_PSP                                0x0800014b   Thumb Code     6  core_cm3.o(.emb_text)
    __get_MSP                                0x08000151   Thumb Code     6  core_cm3.o(.emb_text)
    __set_MSP                                0x08000157   Thumb Code     6  core_cm3.o(.emb_text)
    __REV16                                  0x0800015d   Thumb Code     4  core_cm3.o(.emb_text)
    __REVSH                                  0x08000161   Thumb Code     4  core_cm3.o(.emb_text)
    clock_init                               0x08000189   Thumb Code    30  main.o(.text)
    delay                                    0x0800024f   Thumb Code    40  main.o(.text)
    delay_u1                                 0x08000277   Thumb Code    40  main.o(.text)
    sa_dat_process                           0x0800029f   Thumb Code    44  main.o(.text)
    __info                                   0x080002cb   Thumb Code    82  main.o(.text)
    slave_update                             0x0800031d   Thumb Code   222  main.o(.text)
    _check_server                            0x080003fb   Thumb Code    52  main.o(.text)
    check_server                             0x0800042f   Thumb Code    34  main.o(.text)
    update_app                               0x08000451   Thumb Code   224  main.o(.text)
    copy_flash                               0x08000531   Thumb Code   198  main.o(.text)
    main                                     0x080005f7   Thumb Code   782  main.o(.text)
    NMI_Handler                              0x0800093d   Thumb Code     2  stm32f10x_it.o(.text)
    HardFault_Handler                        0x0800093f   Thumb Code     4  stm32f10x_it.o(.text)
    MemManage_Handler                        0x08000943   Thumb Code     4  stm32f10x_it.o(.text)
    BusFault_Handler                         0x08000947   Thumb Code     4  stm32f10x_it.o(.text)
    UsageFault_Handler                       0x0800094b   Thumb Code     4  stm32f10x_it.o(.text)
    SVC_Handler                              0x0800094f   Thumb Code     2  stm32f10x_it.o(.text)
    DebugMon_Handler                         0x08000951   Thumb Code     2  stm32f10x_it.o(.text)
    PendSV_Handler                           0x08000953   Thumb Code     2  stm32f10x_it.o(.text)
    SysTick_Handler                          0x08000955   Thumb Code     8  stm32f10x_it.o(.text)
    led_Init                                 0x0800095d   Thumb Code    30  bsp_led.o(.text)
    RST_Init                                 0x0800097b   Thumb Code    38  bsp_led.o(.text)
    GSM_RST                                  0x080009a1   Thumb Code    26  bsp_led.o(.text)
    SysTick_Init                             0x080009c9   Thumb Code   106  bsp_systick.o(.text)
    Delay_us                                 0x08000a33   Thumb Code    36  bsp_systick.o(.text)
    TimingDelay_Decrement                    0x08000a57   Thumb Code    18  bsp_systick.o(.text)
    Uart4_Init                               0x08000a7d   Thumb Code   144  uart4.o(.text)
    GSM_USART_INIT                           0x08000b0d   Thumb Code    12  uart4.o(.text)
    UART4_SEND_CHAR                          0x08000b19   Thumb Code    28  uart4.o(.text)
    wifi_send                                0x08000b35   Thumb Code    26  uart4.o(.text)
    before_send_uart4                        0x08000b4f   Thumb Code    28  uart4.o(.text)
    UART4_IRQHandler                         0x08000b6b   Thumb Code   298  uart4.o(.text)
    flash_read_halfword                      0x08000ced   Thumb Code     6  flash.o(.text)
    flash_read_char                          0x08000cf3   Thumb Code     6  flash.o(.text)
    flash_write                              0x08000cf9   Thumb Code    46  flash.o(.text)
    writeFlash                               0x08000d27   Thumb Code    52  flash.o(.text)
    flash_check                              0x08000d5b   Thumb Code    40  flash.o(.text)
    Flash_Init                               0x08000d83   Thumb Code    14  flash.o(.text)
    write_flage                              0x08000d91   Thumb Code    78  flash.o(.text)
    crc_table                                0x08000de1   Thumb Code    58  private.o(.text)
    addcrc                                   0x08000e1b   Thumb Code    34  private.o(.text)
    checkcrc                                 0x08000e3d   Thumb Code    66  private.o(.text)
    trans_7c_set                             0x08000e7f   Thumb Code   118  private.o(.text)
    trans_7c_clr                             0x08000ef5   Thumb Code   104  private.o(.text)
    addAES                                   0x08000f5d   Thumb Code    42  private.o(.text)
    deAES                                    0x08000f87   Thumb Code    42  private.o(.text)
    receiveDataPakageProcess                 0x08000fb1   Thumb Code    54  private.o(.text)
    usart1_conf                              0x08000ffd   Thumb Code   152  uart1.o(.text)
    USART1_IRQHandler                        0x080010b1   Thumb Code   164  uart1.o(.text)
    MASTER_SEND                              0x08001155   Thumb Code    26  uart1.o(.text)
    before_send_sa                           0x0800116f   Thumb Code    28  uart1.o(.text)
    STM32_AES_CTR_Encrypt                    0x080011a5   Thumb Code   118  crypto.o(.text)
    STM32_AES_CTR_Decrypt                    0x0800121b   Thumb Code   118  crypto.o(.text)
    Buffercmp                                0x08001291   Thumb Code    36  crypto.o(.text)
    NVIC_PriorityGroupConfig                 0x080012b5   Thumb Code    10  misc.o(.text)
    NVIC_Init                                0x080012bf   Thumb Code   100  misc.o(.text)
    NVIC_SetVectorTable                      0x08001323   Thumb Code    14  misc.o(.text)
    NVIC_SystemLPConfig                      0x08001331   Thumb Code    34  misc.o(.text)
    SysTick_CLKSourceConfig                  0x08001353   Thumb Code    40  misc.o(.text)
    FLASH_SetLatency                         0x08001391   Thumb Code    18  stm32f10x_flash.o(.text)
    FLASH_HalfCycleAccessCmd                 0x080013a3   Thumb Code    22  stm32f10x_flash.o(.text)
    FLASH_PrefetchBufferCmd                  0x080013b9   Thumb Code    22  stm32f10x_flash.o(.text)
    FLASH_Unlock                             0x080013cf   Thumb Code    12  stm32f10x_flash.o(.text)
    FLASH_UnlockBank1                        0x080013db   Thumb Code    12  stm32f10x_flash.o(.text)
    FLASH_Lock                               0x080013e7   Thumb Code    14  stm32f10x_flash.o(.text)
    FLASH_LockBank1                          0x080013f5   Thumb Code    14  stm32f10x_flash.o(.text)
    FLASH_GetBank1Status                     0x08001403   Thumb Code    48  stm32f10x_flash.o(.text)
    FLASH_WaitForLastOperation               0x08001433   Thumb Code    38  stm32f10x_flash.o(.text)
    FLASH_ErasePage                          0x08001459   Thumb Code    72  stm32f10x_flash.o(.text)
    FLASH_EraseAllPages                      0x080014a1   Thumb Code    68  stm32f10x_flash.o(.text)
    FLASH_WaitForLastBank1Operation          0x080014e5   Thumb Code    38  stm32f10x_flash.o(.text)
    FLASH_EraseAllBank1Pages                 0x0800150b   Thumb Code    68  stm32f10x_flash.o(.text)
    FLASH_GetReadOutProtectionStatus         0x0800154f   Thumb Code    20  stm32f10x_flash.o(.text)
    FLASH_EraseOptionBytes                   0x08001563   Thumb Code   150  stm32f10x_flash.o(.text)
    FLASH_ProgramWord                        0x080015f9   Thumb Code   102  stm32f10x_flash.o(.text)
    FLASH_ProgramHalfWord                    0x0800165f   Thumb Code    60  stm32f10x_flash.o(.text)
    FLASH_ProgramOptionByteData              0x0800169b   Thumb Code    72  stm32f10x_flash.o(.text)
    FLASH_EnableWriteProtection              0x080016e3   Thumb Code   200  stm32f10x_flash.o(.text)
    FLASH_ReadOutProtection                  0x080017ab   Thumb Code   156  stm32f10x_flash.o(.text)
    FLASH_UserOptionByteConfig               0x08001847   Thumb Code    88  stm32f10x_flash.o(.text)
    FLASH_GetUserOptionByte                  0x0800189f   Thumb Code     8  stm32f10x_flash.o(.text)
    FLASH_GetWriteProtectionOptionByte       0x080018a7   Thumb Code     6  stm32f10x_flash.o(.text)
    FLASH_GetPrefetchBufferStatus            0x080018ad   Thumb Code    20  stm32f10x_flash.o(.text)
    FLASH_ITConfig                           0x080018c1   Thumb Code    26  stm32f10x_flash.o(.text)
    FLASH_GetFlagStatus                      0x080018db   Thumb Code    42  stm32f10x_flash.o(.text)
    FLASH_ClearFlag                          0x08001905   Thumb Code     6  stm32f10x_flash.o(.text)
    FLASH_GetStatus                          0x0800190b   Thumb Code    48  stm32f10x_flash.o(.text)
    GPIO_DeInit                              0x0800194d   Thumb Code   172  stm32f10x_gpio.o(.text)
    GPIO_AFIODeInit                          0x080019f9   Thumb Code    20  stm32f10x_gpio.o(.text)
    GPIO_Init                                0x08001a0d   Thumb Code   278  stm32f10x_gpio.o(.text)
    GPIO_StructInit                          0x08001b23   Thumb Code    16  stm32f10x_gpio.o(.text)
    GPIO_ReadInputDataBit                    0x08001b33   Thumb Code    18  stm32f10x_gpio.o(.text)
    GPIO_ReadInputData                       0x08001b45   Thumb Code     8  stm32f10x_gpio.o(.text)
    GPIO_ReadOutputDataBit                   0x08001b4d   Thumb Code    18  stm32f10x_gpio.o(.text)
    GPIO_ReadOutputData                      0x08001b5f   Thumb Code     8  stm32f10x_gpio.o(.text)
    GPIO_SetBits                             0x08001b67   Thumb Code     4  stm32f10x_gpio.o(.text)
    GPIO_ResetBits                           0x08001b6b   Thumb Code     4  stm32f10x_gpio.o(.text)
    GPIO_WriteBit                            0x08001b6f   Thumb Code    10  stm32f10x_gpio.o(.text)
    GPIO_Write                               0x08001b79   Thumb Code     4  stm32f10x_gpio.o(.text)
    GPIO_PinLockConfig                       0x08001b7d   Thumb Code    18  stm32f10x_gpio.o(.text)
    GPIO_EventOutputConfig                   0x08001b8f   Thumb Code    26  stm32f10x_gpio.o(.text)
    GPIO_EventOutputCmd                      0x08001ba9   Thumb Code     6  stm32f10x_gpio.o(.text)
    GPIO_PinRemapConfig                      0x08001baf   Thumb Code   138  stm32f10x_gpio.o(.text)
    GPIO_EXTILineConfig                      0x08001c39   Thumb Code    66  stm32f10x_gpio.o(.text)
    GPIO_ETH_MediaInterfaceConfig            0x08001c7b   Thumb Code     8  stm32f10x_gpio.o(.text)
    RCC_DeInit                               0x08001ca9   Thumb Code    64  stm32f10x_rcc.o(.text)
    RCC_HSEConfig                            0x08001ce9   Thumb Code    70  stm32f10x_rcc.o(.text)
    RCC_GetFlagStatus                        0x08001d2f   Thumb Code    56  stm32f10x_rcc.o(.text)
    RCC_WaitForHSEStartUp                    0x08001d67   Thumb Code    56  stm32f10x_rcc.o(.text)
    RCC_AdjustHSICalibrationValue            0x08001d9f   Thumb Code    20  stm32f10x_rcc.o(.text)
    RCC_HSICmd                               0x08001db3   Thumb Code     6  stm32f10x_rcc.o(.text)
    RCC_PLLConfig                            0x08001db9   Thumb Code    24  stm32f10x_rcc.o(.text)
    RCC_PLLCmd                               0x08001dd1   Thumb Code     6  stm32f10x_rcc.o(.text)
    RCC_SYSCLKConfig                         0x08001dd7   Thumb Code    18  stm32f10x_rcc.o(.text)
    RCC_GetSYSCLKSource                      0x08001de9   Thumb Code    10  stm32f10x_rcc.o(.text)
    RCC_HCLKConfig                           0x08001df3   Thumb Code    18  stm32f10x_rcc.o(.text)
    RCC_PCLK1Config                          0x08001e05   Thumb Code    18  stm32f10x_rcc.o(.text)
    RCC_PCLK2Config                          0x08001e17   Thumb Code    20  stm32f10x_rcc.o(.text)
    RCC_ITConfig                             0x08001e2b   Thumb Code    26  stm32f10x_rcc.o(.text)
    RCC_USBCLKConfig                         0x08001e45   Thumb Code     8  stm32f10x_rcc.o(.text)
    RCC_ADCCLKConfig                         0x08001e4d   Thumb Code    18  stm32f10x_rcc.o(.text)
    RCC_LSEConfig                            0x08001e5f   Thumb Code    50  stm32f10x_rcc.o(.text)
    RCC_LSICmd                               0x08001e91   Thumb Code     6  stm32f10x_rcc.o(.text)
    RCC_RTCCLKConfig                         0x08001e97   Thumb Code    12  stm32f10x_rcc.o(.text)
    RCC_RTCCLKCmd                            0x08001ea3   Thumb Code     8  stm32f10x_rcc.o(.text)
    RCC_GetClocksFreq                        0x08001eab   Thumb Code   192  stm32f10x_rcc.o(.text)
    RCC_AHBPeriphClockCmd                    0x08001f6b   Thumb Code    26  stm32f10x_rcc.o(.text)
    RCC_APB2PeriphClockCmd                   0x08001f85   Thumb Code    26  stm32f10x_rcc.o(.text)
    RCC_APB1PeriphClockCmd                   0x08001f9f   Thumb Code    26  stm32f10x_rcc.o(.text)
    RCC_APB2PeriphResetCmd                   0x08001fb9   Thumb Code    26  stm32f10x_rcc.o(.text)
    RCC_APB1PeriphResetCmd                   0x08001fd3   Thumb Code    26  stm32f10x_rcc.o(.text)
    RCC_BackupResetCmd                       0x08001fed   Thumb Code     8  stm32f10x_rcc.o(.text)
    RCC_ClockSecuritySystemCmd               0x08001ff5   Thumb Code     6  stm32f10x_rcc.o(.text)
    RCC_MCOConfig                            0x08001ffb   Thumb Code     6  stm32f10x_rcc.o(.text)
    RCC_ClearFlag                            0x08002001   Thumb Code    14  stm32f10x_rcc.o(.text)
    RCC_GetITStatus                          0x0800200f   Thumb Code    20  stm32f10x_rcc.o(.text)
    RCC_ClearITPendingBit                    0x08002023   Thumb Code     6  stm32f10x_rcc.o(.text)
    USART_DeInit                             0x0800204d   Thumb Code   134  stm32f10x_usart.o(.text)
    USART_Init                               0x080020d3   Thumb Code   210  stm32f10x_usart.o(.text)
    USART_StructInit                         0x080021a5   Thumb Code    24  stm32f10x_usart.o(.text)
    USART_ClockInit                          0x080021bd   Thumb Code    34  stm32f10x_usart.o(.text)
    USART_ClockStructInit                    0x080021df   Thumb Code    12  stm32f10x_usart.o(.text)
    USART_Cmd                                0x080021eb   Thumb Code    24  stm32f10x_usart.o(.text)
    USART_ITConfig                           0x08002203   Thumb Code    74  stm32f10x_usart.o(.text)
    USART_DMACmd                             0x0800224d   Thumb Code    18  stm32f10x_usart.o(.text)
    USART_SetAddress                         0x0800225f   Thumb Code    18  stm32f10x_usart.o(.text)
    USART_WakeUpConfig                       0x08002271   Thumb Code    18  stm32f10x_usart.o(.text)
    USART_ReceiverWakeUpCmd                  0x08002283   Thumb Code    24  stm32f10x_usart.o(.text)
    USART_LINBreakDetectLengthConfig         0x0800229b   Thumb Code    18  stm32f10x_usart.o(.text)
    USART_LINCmd                             0x080022ad   Thumb Code    24  stm32f10x_usart.o(.text)
    USART_SendData                           0x080022c5   Thumb Code     8  stm32f10x_usart.o(.text)
    USART_ReceiveData                        0x080022cd   Thumb Code    10  stm32f10x_usart.o(.text)
    USART_SendBreak                          0x080022d7   Thumb Code    10  stm32f10x_usart.o(.text)
    USART_SetGuardTime                       0x080022e1   Thumb Code    16  stm32f10x_usart.o(.text)
    USART_SetPrescaler                       0x080022f1   Thumb Code    16  stm32f10x_usart.o(.text)
    USART_SmartCardCmd                       0x08002301   Thumb Code    24  stm32f10x_usart.o(.text)
    USART_SmartCardNACKCmd                   0x08002319   Thumb Code    24  stm32f10x_usart.o(.text)
    USART_HalfDuplexCmd                      0x08002331   Thumb Code    24  stm32f10x_usart.o(.text)
    USART_OverSampling8Cmd                   0x08002349   Thumb Code    22  stm32f10x_usart.o(.text)
    USART_OneBitMethodCmd                    0x0800235f   Thumb Code    24  stm32f10x_usart.o(.text)
    USART_IrDAConfig                         0x08002377   Thumb Code    18  stm32f10x_usart.o(.text)
    USART_IrDACmd                            0x08002389   Thumb Code    24  stm32f10x_usart.o(.text)
    USART_GetFlagStatus                      0x080023a1   Thumb Code    26  stm32f10x_usart.o(.text)
    USART_ClearFlag                          0x080023bb   Thumb Code    18  stm32f10x_usart.o(.text)
    USART_GetITStatus                        0x080023cd   Thumb Code    84  stm32f10x_usart.o(.text)
    USART_ClearITPendingBit                  0x08002421   Thumb Code    52  stm32f10x_usart.o(.text)
    SystemInit                               0x08002533   Thumb Code    78  system_stm32f10x.o(.text)
    SystemCoreClockUpdate                    0x08002581   Thumb Code   142  system_stm32f10x.o(.text)
    Reset_Handler                            0x08002635   Thumb Code     8  startup_stm32f10x_hd.o(.text)
    ADC1_2_IRQHandler                        0x0800264f   Thumb Code     0  startup_stm32f10x_hd.o(.text)
    ADC3_IRQHandler                          0x0800264f   Thumb Code     0  startup_stm32f10x_hd.o(.text)
    CAN1_RX1_IRQHandler                      0x0800264f   Thumb Code     0  startup_stm32f10x_hd.o(.text)
    CAN1_SCE_IRQHandler                      0x0800264f   Thumb Code     0  startup_stm32f10x_hd.o(.text)
    DMA1_Channel1_IRQHandler                 0x0800264f   Thumb Code     0  startup_stm32f10x_hd.o(.text)
    DMA1_Channel2_IRQHandler                 0x0800264f   Thumb Code     0  startup_stm32f10x_hd.o(.text)
    DMA1_Channel3_IRQHandler                 0x0800264f   Thumb Code     0  startup_stm32f10x_hd.o(.text)
    DMA1_Channel4_IRQHandler                 0x0800264f   Thumb Code     0  startup_stm32f10x_hd.o(.text)
    DMA1_Channel5_IRQHandler                 0x0800264f   Thumb Code     0  startup_stm32f10x_hd.o(.text)
    DMA1_Channel6_IRQHandler                 0x0800264f   Thumb Code     0  startup_stm32f10x_hd.o(.text)
    DMA1_Channel7_IRQHandler                 0x0800264f   Thumb Code     0  startup_stm32f10x_hd.o(.text)
    DMA2_Channel1_IRQHandler                 0x0800264f   Thumb Code     0  startup_stm32f10x_hd.o(.text)
    DMA2_Channel2_IRQHandler                 0x0800264f   Thumb Code     0  startup_stm32f10x_hd.o(.text)
    DMA2_Channel3_IRQHandler                 0x0800264f   Thumb Code     0  startup_stm32f10x_hd.o(.text)
    DMA2_Channel4_5_IRQHandler               0x0800264f   Thumb Code     0  startup_stm32f10x_hd.o(.text)
    EXTI0_IRQHandler                         0x0800264f   Thumb Code     0  startup_stm32f10x_hd.o(.text)
    EXTI15_10_IRQHandler                     0x0800264f   Thumb Code     0  startup_stm32f10x_hd.o(.text)
    EXTI1_IRQHandler                         0x0800264f   Thumb Code     0  startup_stm32f10x_hd.o(.text)
    EXTI2_IRQHandler                         0x0800264f   Thumb Code     0  startup_stm32f10x_hd.o(.text)
    EXTI3_IRQHandler                         0x0800264f   Thumb Code     0  startup_stm32f10x_hd.o(.text)
    EXTI4_IRQHandler                         0x0800264f   Thumb Code     0  startup_stm32f10x_hd.o(.text)
    EXTI9_5_IRQHandler                       0x0800264f   Thumb Code     0  startup_stm32f10x_hd.o(.text)
    FLASH_IRQHandler                         0x0800264f   Thumb Code     0  startup_stm32f10x_hd.o(.text)
    FSMC_IRQHandler                          0x0800264f   Thumb Code     0  startup_stm32f10x_hd.o(.text)
    I2C1_ER_IRQHandler                       0x0800264f   Thumb Code     0  startup_stm32f10x_hd.o(.text)
    I2C1_EV_IRQHandler                       0x0800264f   Thumb Code     0  startup_stm32f10x_hd.o(.text)
    I2C2_ER_IRQHandler                       0x0800264f   Thumb Code     0  startup_stm32f10x_hd.o(.text)
    I2C2_EV_IRQHandler                       0x0800264f   Thumb Code     0  startup_stm32f10x_hd.o(.text)
    PVD_IRQHandler                           0x0800264f   Thumb Code     0  startup_stm32f10x_hd.o(.text)
    RCC_IRQHandler                           0x0800264f   Thumb Code     0  startup_stm32f10x_hd.o(.text)
    RTCAlarm_IRQHandler                      0x0800264f   Thumb Code     0  startup_stm32f10x_hd.o(.text)
    RTC_IRQHandler                           0x0800264f   Thumb Code     0  startup_stm32f10x_hd.o(.text)
    SDIO_IRQHandler                          0x0800264f   Thumb Code     0  startup_stm32f10x_hd.o(.text)
    SPI1_IRQHandler                          0x0800264f   Thumb Code     0  startup_stm32f10x_hd.o(.text)
    SPI2_IRQHandler                          0x0800264f   Thumb Code     0  startup_stm32f10x_hd.o(.text)
    SPI3_IRQHandler                          0x0800264f   Thumb Code     0  startup_stm32f10x_hd.o(.text)
    TAMPER_IRQHandler                        0x0800264f   Thumb Code     0  startup_stm32f10x_hd.o(.text)
    TIM1_BRK_IRQHandler                      0x0800264f   Thumb Code     0  startup_stm32f10x_hd.o(.text)
    TIM1_CC_IRQHandler                       0x0800264f   Thumb Code     0  startup_stm32f10x_hd.o(.text)
    TIM1_TRG_COM_IRQHandler                  0x0800264f   Thumb Code     0  startup_stm32f10x_hd.o(.text)
    TIM1_UP_IRQHandler                       0x0800264f   Thumb Code     0  startup_stm32f10x_hd.o(.text)
    TIM2_IRQHandler                          0x0800264f   Thumb Code     0  startup_stm32f10x_hd.o(.text)
    TIM3_IRQHandler                          0x0800264f   Thumb Code     0  startup_stm32f10x_hd.o(.text)
    TIM4_IRQHandler                          0x0800264f   Thumb Code     0  startup_stm32f10x_hd.o(.text)
    TIM5_IRQHandler                          0x0800264f   Thumb Code     0  startup_stm32f10x_hd.o(.text)
    TIM6_IRQHandler                          0x0800264f   Thumb Code     0  startup_stm32f10x_hd.o(.text)
    TIM7_IRQHandler                          0x0800264f   Thumb Code     0  startup_stm32f10x_hd.o(.text)
    TIM8_BRK_IRQHandler                      0x0800264f   Thumb Code     0  startup_stm32f10x_hd.o(.text)
    TIM8_CC_IRQHandler                       0x0800264f   Thumb Code     0  startup_stm32f10x_hd.o(.text)
    TIM8_TRG_COM_IRQHandler                  0x0800264f   Thumb Code     0  startup_stm32f10x_hd.o(.text)
    TIM8_UP_IRQHandler                       0x0800264f   Thumb Code     0  startup_stm32f10x_hd.o(.text)
    UART5_IRQHandler                         0x0800264f   Thumb Code     0  startup_stm32f10x_hd.o(.text)
    USART2_IRQHandler                        0x0800264f   Thumb Code     0  startup_stm32f10x_hd.o(.text)
    USART3_IRQHandler                        0x0800264f   Thumb Code     0  startup_stm32f10x_hd.o(.text)
    USBWakeUp_IRQHandler                     0x0800264f   Thumb Code     0  startup_stm32f10x_hd.o(.text)
    USB_HP_CAN1_TX_IRQHandler                0x0800264f   Thumb Code     0  startup_stm32f10x_hd.o(.text)
    USB_LP_CAN1_RX0_IRQHandler               0x0800264f   Thumb Code     0  startup_stm32f10x_hd.o(.text)
    WWDG_IRQHandler                          0x0800264f   Thumb Code     0  startup_stm32f10x_hd.o(.text)
    ATCommand                                0x08002659   Thumb Code    24  at_cmd.o(.text)
    get_len                                  0x08002671   Thumb Code    26  at_cmd.o(.text)
    ATcheckreply                             0x0800268b   Thumb Code   132  at_cmd.o(.text)
    rec_send_none                            0x0800270f   Thumb Code    96  at_cmd.o(.text)
    gsm_checkbandrate                        0x08002785   Thumb Code    88  m26.o(.text)
    gsm_save_rate                            0x080027dd   Thumb Code    40  m26.o(.text)
    gsm_isregister                           0x08002805   Thumb Code    36  m26.o(.text)
    gsm_signal                               0x08002829   Thumb Code    64  m26.o(.text)
    gsm_gprs                                 0x08002869   Thumb Code    36  m26.o(.text)
    gsm_CPIN                                 0x0800288d   Thumb Code    36  m26.o(.text)
    gsm_setconnectmode                       0x080028b1   Thumb Code    36  m26.o(.text)
    gsm_gprs_attach                          0x080028d5   Thumb Code    36  m26.o(.text)
    gsm_set_sendpra                          0x080028f9   Thumb Code    36  m26.o(.text)
    gsm_connect_server                       0x080029e1   Thumb Code    16  m26.o(.text)
    GSM_Init                                 0x080029f1   Thumb Code   100  m26.o(.text)
    is_gsm                                   0x08002a55   Thumb Code    56  m26.o(.text)
    __aeabi_memcpy                           0x08002b9d   Thumb Code    36  memcpya.o(.text)
    __aeabi_memcpy4                          0x08002b9d   Thumb Code     0  memcpya.o(.text)
    __aeabi_memcpy8                          0x08002b9d   Thumb Code     0  memcpya.o(.text)
    __aeabi_memset                           0x08002bc1   Thumb Code    14  memseta.o(.text)
    __aeabi_memset4                          0x08002bc1   Thumb Code     0  memseta.o(.text)
    __aeabi_memset8                          0x08002bc1   Thumb Code     0  memseta.o(.text)
    __aeabi_memclr                           0x08002bcf   Thumb Code     4  memseta.o(.text)
    __aeabi_memclr4                          0x08002bcf   Thumb Code     0  memseta.o(.text)
    __aeabi_memclr8                          0x08002bcf   Thumb Code     0  memseta.o(.text)
    _memset$wrapper                          0x08002bd3   Thumb Code    18  memseta.o(.text)
    strlen                                   0x08002be5   Thumb Code    14  strlen.o(.text)
    memcmp                                   0x08002bf3   Thumb Code    26  memcmp.o(.text)
    strncmp                                  0x08002c0d   Thumb Code    30  strncmp.o(.text)
    __aeabi_uidiv                            0x08002c2b   Thumb Code     0  uidiv.o(.text)
    __aeabi_uidivmod                         0x08002c2b   Thumb Code    44  uidiv.o(.text)
    __scatterload                            0x08002c59   Thumb Code    28  init.o(.text)
    __scatterload_rt2                        0x08002c59   Thumb Code     0  init.o(.text)
    AES128_encrypt                           0x08002c7d   Thumb Code   770  crypto.o(i.AES128_encrypt)
    AES128_keyschedule_dec                   0x08002f8d   Thumb Code   298  crypto.o(i.AES128_keyschedule_dec)
    AES128_keyschedule_enc                   0x080030bd   Thumb Code   112  crypto.o(i.AES128_keyschedule_enc)
    AES192_encrypt                           0x08003131   Thumb Code   770  crypto.o(i.AES192_encrypt)
    AES192_keyschedule_dec                   0x08003441   Thumb Code   274  crypto.o(i.AES192_keyschedule_dec)
    AES192_keyschedule_enc                   0x08003559   Thumb Code   148  crypto.o(i.AES192_keyschedule_enc)
    AES256_encrypt                           0x080035f1   Thumb Code   756  crypto.o(i.AES256_encrypt)
    AES256_keyschedule_dec                   0x080038f1   Thumb Code   274  crypto.o(i.AES256_keyschedule_dec)
    AES256_keyschedule_enc                   0x08003a09   Thumb Code   210  crypto.o(i.AES256_keyschedule_enc)
    AES_CTR_Decrypt_Append                   0x08003ae5   Thumb Code    16  crypto.o(i.AES_CTR_Decrypt_Append)
    AES_CTR_Decrypt_Finish                   0x08003af5   Thumb Code    26  crypto.o(i.AES_CTR_Decrypt_Finish)
    AES_CTR_Decrypt_Init                     0x08003b0f   Thumb Code     6  crypto.o(i.AES_CTR_Decrypt_Init)
    AES_CTR_Encrypt_Append                   0x08003b15   Thumb Code   694  crypto.o(i.AES_CTR_Encrypt_Append)
    AES_CTR_Encrypt_Finish                   0x08003dd1   Thumb Code    26  crypto.o(i.AES_CTR_Encrypt_Finish)
    AES_CTR_Encrypt_Init                     0x08003deb   Thumb Code     6  crypto.o(i.AES_CTR_Encrypt_Init)
    Crypto_DeInit                            0x08003f95   Thumb Code     8  crypto.o(i.Crypto_DeInit)
    __0sprintf$1                             0x08003f9d   Thumb Code    34  printf1.o(i.__0sprintf$1)
    __1sprintf$1                             0x08003f9d   Thumb Code     0  printf1.o(i.__0sprintf$1)
    __2sprintf                               0x08003f9d   Thumb Code     0  printf1.o(i.__0sprintf$1)
    __scatterload_copy                       0x08003fc5   Thumb Code    14  handlers.o(i.__scatterload_copy)
    __scatterload_null                       0x08003fd3   Thumb Code     2  handlers.o(i.__scatterload_null)
    __scatterload_zeroinit                   0x08003fd5   Thumb Code    14  handlers.o(i.__scatterload_zeroinit)
    _info_                                   0x08004142   Data          40  uart4.o(.constdata)
    CRC_Table                                0x0800416a   Data         512  private.o(.constdata)
    Sbox                                     0x08004390   Data         256  crypto.o(.constdata)
    InvSbox                                  0x08004490   Data         256  crypto.o(.constdata)
    rcon                                     0x08004590   Data          40  crypto.o(.constdata)
    enc_table                                0x080045b8   Data        1024  crypto.o(.constdata)
    dec_table                                0x080049b8   Data        1024  crypto.o(.constdata)
    SP1                                      0x08004fd8   Data         256  crypto.o(.constdata)
    SP2                                      0x080050d8   Data         256  crypto.o(.constdata)
    SP3                                      0x080051d8   Data         256  crypto.o(.constdata)
    SP4                                      0x080052d8   Data         256  crypto.o(.constdata)
    SP5                                      0x080053d8   Data         256  crypto.o(.constdata)
    SP6                                      0x080054d8   Data         256  crypto.o(.constdata)
    SP7                                      0x080055d8   Data         256  crypto.o(.constdata)
    SP8                                      0x080056d8   Data         256  crypto.o(.constdata)
    K256                                     0x080057d8   Data         256  crypto.o(.constdata)
    Region$$Table$$Base                      0x08005b28   Number         0  anon$$obj.o(Region$$Table)
    Region$$Table$$Limit                     0x08005b48   Number         0  anon$$obj.o(Region$$Table)
    _is_back                                 0x20000000   Data           1  main.o(.data)
    bootloader_step                          0x20000001   Data           7  main.o(.data)
    txBuffer                                 0x20000008   Data          27  main.o(.data)
    Jump_To_Application                      0x20000024   Data           4  main.o(.data)
    receive_ok                               0x2000002c   Data           1  uart4.o(.data)
    isdata                                   0x2000002d   Data           1  uart4.o(.data)
    bufferindex                              0x20000030   Data           4  uart4.o(.data)
    is_slave                                 0x20000034   Data           1  uart1.o(.data)
    u1_bufferindex                           0x20000038   Data           4  uart1.o(.data)
    receive_slave                            0x2000003c   Data           1  uart1.o(.data)
    Key                                      0x20000040   Data          16  crypto.o(.data)
    IV                                       0x20000050   Data          16  crypto.o(.data)
    OutputMessageLength                      0x20000060   Data           4  crypto.o(.data)
    SystemCoreClock                          0x20000078   Data           4  system_stm32f10x.o(.data)
    AHBPrescTable                            0x2000007c   Data          16  system_stm32f10x.o(.data)
    parameter_app                            0x2000008c   Data          48  main.o(.bss)
    send_data                                0x200000bc   Data          60  main.o(.bss)
    buffer                                   0x200000f8   Data        2048  uart4.o(.bss)
    u1_buffer                                0x200008f8   Data        2048  uart1.o(.bss)
    OutputMessage                            0x200010f8   Data        1524  crypto.o(.bss)
    __initial_sp                             0x20001af0   Data           0  startup_stm32f10x_hd.o(STACK)



==============================================================================

Memory Map of the image

  Image Entry point : 0x08000131

  Load Region LR_IROM1 (Base: 0x08000000, Size: 0x00005bd4, Max: 0x00040000, ABSOLUTE)

    Execution Region ER_IROM1 (Base: 0x08000000, Size: 0x00005b48, Max: 0x00040000, ABSOLUTE)

    Base Addr    Size         Type   Attr      Idx    E Section Name        Object

    0x08000000   0x00000130   Data   RO          745    RESET               startup_stm32f10x_hd.o
    0x08000130   0x00000000   Code   RO         1220  * .ARM.Collect$$$$00000000  mc_w.l(entry.o)
    0x08000130   0x00000004   Code   RO         1496    .ARM.Collect$$$$00000001  mc_w.l(entry2.o)
    0x08000134   0x00000004   Code   RO         1499    .ARM.Collect$$$$00000004  mc_w.l(entry5.o)
    0x08000138   0x00000000   Code   RO         1501    .ARM.Collect$$$$00000008  mc_w.l(entry7b.o)
    0x08000138   0x00000000   Code   RO         1503    .ARM.Collect$$$$0000000A  mc_w.l(entry8b.o)
    0x08000138   0x00000008   Code   RO         1504    .ARM.Collect$$$$0000000B  mc_w.l(entry9a.o)
    0x08000140   0x00000000   Code   RO         1506    .ARM.Collect$$$$0000000D  mc_w.l(entry10a.o)
    0x08000140   0x00000000   Code   RO         1508    .ARM.Collect$$$$0000000F  mc_w.l(entry11a.o)
    0x08000140   0x00000004   Code   RO         1497    .ARM.Collect$$$$00002712  mc_w.l(entry2.o)
    0x08000144   0x00000020   Code   RO          714    .emb_text           core_cm3.o
    0x08000164   0x000007d8   Code   RO            1    .text               main.o
    0x0800093c   0x00000020   Code   RO          295    .text               stm32f10x_it.o
    0x0800095c   0x0000006c   Code   RO          314    .text               bsp_led.o
    0x080009c8   0x000000b4   Code   RO          326    .text               bsp_systick.o
    0x08000a7c   0x00000270   Code   RO          344    .text               uart4.o
    0x08000cec   0x000000f2   Code   RO          368    .text               flash.o
    0x08000dde   0x00000002   PAD
    0x08000de0   0x0000021c   Code   RO          380    .text               private.o
    0x08000ffc   0x000001a8   Code   RO          401    .text               uart1.o
    0x080011a4   0x00000110   Code   RO          417    .text               crypto.o
    0x080012b4   0x000000dc   Code   RO          436    .text               misc.o
    0x08001390   0x000005bc   Code   RO          556    .text               stm32f10x_flash.o
    0x0800194c   0x0000035c   Code   RO          580    .text               stm32f10x_gpio.o
    0x08001ca8   0x000003a4   Code   RO          628    .text               stm32f10x_rcc.o
    0x0800204c   0x00000408   Code   RO          690    .text               stm32f10x_usart.o
    0x08002454   0x000001e0   Code   RO          725    .text               system_stm32f10x.o
    0x08002634   0x00000024   Code   RO          746    .text               startup_stm32f10x_hd.o
    0x08002658   0x0000012c   Code   RO          750    .text               at_cmd.o
    0x08002784   0x00000418   Code   RO          763    .text               m26.o
    0x08002b9c   0x00000024   Code   RO         1223    .text               mc_w.l(memcpya.o)
    0x08002bc0   0x00000024   Code   RO         1225    .text               mc_w.l(memseta.o)
    0x08002be4   0x0000000e   Code   RO         1227    .text               mc_w.l(strlen.o)
    0x08002bf2   0x0000001a   Code   RO         1229    .text               mc_w.l(memcmp.o)
    0x08002c0c   0x0000001e   Code   RO         1231    .text               mc_w.l(strncmp.o)
    0x08002c2a   0x0000002c   Code   RO         1513    .text               mc_w.l(uidiv.o)
    0x08002c56   0x00000002   PAD
    0x08002c58   0x00000024   Code   RO         1528    .text               mc_w.l(init.o)
    0x08002c7c   0x00000310   Code   RO          784    i.AES128_encrypt    M3_CryptoFW_2_0_6.lib(crypto.o)
    0x08002f8c   0x00000130   Code   RO          785    i.AES128_keyschedule_dec  M3_CryptoFW_2_0_6.lib(crypto.o)
    0x080030bc   0x00000074   Code   RO          786    i.AES128_keyschedule_enc  M3_CryptoFW_2_0_6.lib(crypto.o)
    0x08003130   0x00000310   Code   RO          788    i.AES192_encrypt    M3_CryptoFW_2_0_6.lib(crypto.o)
    0x08003440   0x00000118   Code   RO          789    i.AES192_keyschedule_dec  M3_CryptoFW_2_0_6.lib(crypto.o)
    0x08003558   0x00000098   Code   RO          790    i.AES192_keyschedule_enc  M3_CryptoFW_2_0_6.lib(crypto.o)
    0x080035f0   0x00000300   Code   RO          792    i.AES256_encrypt    M3_CryptoFW_2_0_6.lib(crypto.o)
    0x080038f0   0x00000118   Code   RO          793    i.AES256_keyschedule_dec  M3_CryptoFW_2_0_6.lib(crypto.o)
    0x08003a08   0x000000dc   Code   RO          794    i.AES256_keyschedule_enc  M3_CryptoFW_2_0_6.lib(crypto.o)
    0x08003ae4   0x00000010   Code   RO          814    i.AES_CTR_Decrypt_Append  M3_CryptoFW_2_0_6.lib(crypto.o)
    0x08003af4   0x0000001a   Code   RO          815    i.AES_CTR_Decrypt_Finish  M3_CryptoFW_2_0_6.lib(crypto.o)
    0x08003b0e   0x00000006   Code   RO          816    i.AES_CTR_Decrypt_Init  M3_CryptoFW_2_0_6.lib(crypto.o)
    0x08003b14   0x000002bc   Code   RO          817    i.AES_CTR_Encrypt_Append  M3_CryptoFW_2_0_6.lib(crypto.o)
    0x08003dd0   0x0000001a   Code   RO          818    i.AES_CTR_Encrypt_Finish  M3_CryptoFW_2_0_6.lib(crypto.o)
    0x08003dea   0x00000006   Code   RO          819    i.AES_CTR_Encrypt_Init  M3_CryptoFW_2_0_6.lib(crypto.o)
    0x08003df0   0x000001a4   Code   RO          841    i.AESstdInit        M3_CryptoFW_2_0_6.lib(crypto.o)
    0x08003f94   0x00000008   Code   RO          856    i.Crypto_DeInit     M3_CryptoFW_2_0_6.lib(crypto.o)
    0x08003f9c   0x00000028   Code   RO         1282    i.__0sprintf$1      mc_w.l(printf1.o)
    0x08003fc4   0x0000000e   Code   RO         1542    i.__scatterload_copy  mc_w.l(handlers.o)
    0x08003fd2   0x00000002   Code   RO         1543    i.__scatterload_null  mc_w.l(handlers.o)
    0x08003fd4   0x0000000e   Code   RO         1544    i.__scatterload_zeroinit  mc_w.l(handlers.o)
    0x08003fe2   0x00000002   PAD
    0x08003fe4   0x00000154   Code   RO         1287    i._printf_core      mc_w.l(printf1.o)
    0x08004138   0x0000000a   Code   RO         1289    i._sputc            mc_w.l(printf1.o)
    0x08004142   0x00000028   Data   RO          346    .constdata          uart4.o
    0x0800416a   0x00000200   Data   RO          381    .constdata          private.o
    0x0800436a   0x00000002   PAD
    0x0800436c   0x00000024   Data   RO          764    .constdata          m26.o
    0x08004390   0x00001798   Data   RO         1000    .constdata          M3_CryptoFW_2_0_6.lib(crypto.o)
    0x08005b28   0x00000020   Data   RO         1540    Region$$Table       anon$$obj.o


    Execution Region RW_IRAM1 (Base: 0x20000000, Size: 0x00001af0, Max: 0x0000c000, ABSOLUTE)

    Base Addr    Size         Type   Attr      Idx    E Section Name        Object

    0x20000000   0x00000028   Data   RW            3    .data               main.o
    0x20000028   0x00000004   Data   RW          327    .data               bsp_systick.o
    0x2000002c   0x00000008   Data   RW          347    .data               uart4.o
    0x20000034   0x00000009   Data   RW          403    .data               uart1.o
    0x2000003d   0x00000003   PAD
    0x20000040   0x00000024   Data   RW          419    .data               crypto.o
    0x20000064   0x00000014   Data   RW          629    .data               stm32f10x_rcc.o
    0x20000078   0x00000014   Data   RW          726    .data               system_stm32f10x.o
    0x2000008c   0x0000006c   Zero   RW            2    .bss                main.o
    0x200000f8   0x00000800   Zero   RW          345    .bss                uart4.o
    0x200008f8   0x00000800   Zero   RW          402    .bss                uart1.o
    0x200010f8   0x000005f4   Zero   RW          418    .bss                crypto.o
    0x200016ec   0x00000004   PAD
    0x200016f0   0x00000400   Zero   RW          743    STACK               startup_stm32f10x_hd.o


==============================================================================

Image component sizes


      Code (inc. data)   RO Data    RW Data    ZI Data      Debug   Object Name

       300         22          0          0          0       1985   at_cmd.o
       108         14          0          0          0        752   bsp_led.o
       180         20          0          4          0      16701   bsp_systick.o
        32          0          0          0          0        592   core_cm3.o
       272          0          0         36       1524       2851   crypto.o
       242          0          0          0          0       2696   flash.o
      1048        272         36          0          0       4058   m26.o
      2008        134          0         40        108     264848   main.o
       220         22          0          0          0       1821   misc.o
       540         22        512          0          0       3396   private.o
        36          8        304          0       1024        832   startup_stm32f10x_hd.o
      1468         34          0          0          0       8222   stm32f10x_flash.o
       860         38          0          0          0       5749   stm32f10x_gpio.o
        32          0          0          0          0       1294   stm32f10x_it.o
       932         36          0         20          0       8928   stm32f10x_rcc.o
      1032         22          0          0          0       8476   stm32f10x_usart.o
       480         38          0         20          0       1871   system_stm32f10x.o
       424         26          0          9       2048       2365   uart1.o
       624         62         40          8       2048       2713   uart4.o

    ----------------------------------------------------------------------
     10840        770        926        140       6756     340150   Object Totals
         0          0         32          0          0          0   (incl. Generated)
         2          0          2          3          4          0   (incl. Padding)

    ----------------------------------------------------------------------

      Code (inc. data)   RO Data    RW Data    ZI Data      Debug   Library Member Name

      4896         82       6040          0          0       1456   crypto.o
         0          0          0          0          0          0   entry.o
         0          0          0          0          0          0   entry10a.o
         0          0          0          0          0          0   entry11a.o
         8          4          0          0          0          0   entry2.o
         4          0          0          0          0          0   entry5.o
         0          0          0          0          0          0   entry7b.o
         0          0          0          0          0          0   entry8b.o
         8          4          0          0          0          0   entry9a.o
        30          0          0          0          0          0   handlers.o
        36          8          0          0          0         68   init.o
        26          0          0          0          0         80   memcmp.o
        36          0          0          0          0         68   memcpya.o
        36          0          0          0          0        108   memseta.o
       390         10          0          0          0        252   printf1.o
        14          0          0          0          0         68   strlen.o
        30          0          0          0          0         80   strncmp.o
        44          0          0          0          0         80   uidiv.o

    ----------------------------------------------------------------------
      5562        108       6040          0          0       2260   Library Totals
         4          0          0          0          0          0   (incl. Padding)

    ----------------------------------------------------------------------

      Code (inc. data)   RO Data    RW Data    ZI Data      Debug   Library Name

      4896         82       6040          0          0       1456   M3_CryptoFW_2_0_6.lib
       662         26          0          0          0        804   mc_w.l

    ----------------------------------------------------------------------
      5562        108       6040          0          0       2260   Library Totals

    ----------------------------------------------------------------------

==============================================================================


      Code (inc. data)   RO Data    RW Data    ZI Data      Debug   

     16402        878       6966        140       6756     339858   Grand Totals
     16402        878       6966        140       6756     339858   ELF Image Totals
     16402        878       6966        140          0          0   ROM Totals

==============================================================================

    Total RO  Size (Code + RO Data)                23368 (  22.82kB)
    Total RW  Size (RW Data + ZI Data)              6896 (   6.73kB)
    Total ROM Size (Code + RO Data + RW Data)      23508 (  22.96kB)

==============================================================================

