Component: ARM Compiler 5.06 update 2 (build 183) Tool: armlink [4d35b7]

==============================================================================

Section Cross References

    main.o(.text) refers to stm32f10x_rcc.o(.text) for RCC_APB2PeriphClockCmd
    main.o(.text) refers to misc.o(.text) for NVIC_PriorityGroupConfig
    main.o(.text) refers to flash.o(.text) for flash_read_halfword
    main.o(.text) refers to stm32f10x_flash.o(.text) for FLASH_ErasePage
    main.o(.text) refers to bsp_systick.o(.text) for Delay_us
    main.o(.text) refers to private.o(.text) for trans_7c_clr
    main.o(.text) refers to memcpya.o(.text) for __aeabi_memcpy
    main.o(.text) refers to uart1.o(.text) for before_send_sa
    main.o(.text) refers to uart4.o(.text) for before_send_uart4
    main.o(.text) refers to bsp_led.o(.text) for led_Init
    main.o(.text) refers to m26.o(.text) for is_gsm
    main.o(.text) refers to main.o(.bss) for .bss
    main.o(.text) refers to main.o(.data) for .data
    main.o(.text) refers to uart4.o(.data) for receive_ok
    main.o(.text) refers to uart1.o(.data) for receive_slave
    main.o(.text) refers to uart1.o(.bss) for u1_buffer
    main.o(.text) refers to uart4.o(.bss) for buffer
    main.o(.text) refers to stm32f10x_usart.o(.text) for USART_DeInit
    main.o(.text) refers to core_cm3.o(.emb_text) for __set_MSP
    stm32f10x_it.o(.text) refers to bsp_systick.o(.text) for TimingDelay_Decrement
    bsp_led.o(.text) refers to stm32f10x_gpio.o(.text) for GPIO_Init
    bsp_led.o(.text) refers to bsp_systick.o(.text) for Delay_us
    bsp_systick.o(.text) refers to system_stm32f10x.o(.data) for SystemCoreClock
    bsp_systick.o(.text) refers to bsp_systick.o(.data) for .data
    uart4.o(.text) refers to stm32f10x_gpio.o(.text) for GPIO_Init
    uart4.o(.text) refers to stm32f10x_usart.o(.text) for USART_Init
    uart4.o(.text) refers to misc.o(.text) for NVIC_Init
    uart4.o(.text) refers to memseta.o(.text) for __aeabi_memclr
    uart4.o(.text) refers to strncmp.o(.text) for strncmp
    uart4.o(.text) refers to memcmp.o(.text) for memcmp
    uart4.o(.text) refers to uart4.o(.data) for .data
    uart4.o(.text) refers to uart4.o(.bss) for .bss
    uart4.o(.text) refers to main.o(.data) for bootloader_step
    uart4.o(.text) refers to uart4.o(.constdata) for .constdata
    flash.o(.text) refers to stm32f10x_flash.o(.text) for FLASH_ProgramHalfWord
    private.o(.text) refers to crypto.o(.text) for STM32_AES_CTR_Encrypt
    private.o(.text) refers to memcpya.o(.text) for __aeabi_memcpy
    private.o(.text) refers to private.o(.constdata) for .constdata
    private.o(.text) refers to crypto.o(.data) for OutputMessageLength
    private.o(.text) refers to crypto.o(.bss) for OutputMessage
    private.o(.text) refers to crypto.o(.data) for IV
    private.o(.text) refers to crypto.o(.data) for Key
    uart1.o(.text) refers to stm32f10x_rcc.o(.text) for RCC_APB2PeriphClockCmd
    uart1.o(.text) refers to stm32f10x_gpio.o(.text) for GPIO_Init
    uart1.o(.text) refers to stm32f10x_usart.o(.text) for USART_Init
    uart1.o(.text) refers to misc.o(.text) for NVIC_Init
    uart1.o(.text) refers to memseta.o(.text) for __aeabi_memclr
    uart1.o(.text) refers to uart1.o(.data) for .data
    uart1.o(.text) refers to uart1.o(.bss) for .bss
    crypto.o(.text) refers to crypto.o(i.Crypto_DeInit) for Crypto_DeInit
    crypto.o(.text) refers to crypto.o(i.AES_CTR_Encrypt_Init) for AES_CTR_Encrypt_Init
    crypto.o(.text) refers to crypto.o(i.AES_CTR_Encrypt_Append) for AES_CTR_Encrypt_Append
    crypto.o(.text) refers to crypto.o(i.AES_CTR_Encrypt_Finish) for AES_CTR_Encrypt_Finish
    crypto.o(.text) refers to crypto.o(i.AES_CTR_Decrypt_Init) for AES_CTR_Decrypt_Init
    crypto.o(.text) refers to crypto.o(i.AES_CTR_Decrypt_Append) for AES_CTR_Decrypt_Append
    crypto.o(.text) refers to crypto.o(i.AES_CTR_Decrypt_Finish) for AES_CTR_Decrypt_Finish
    stm32f10x_adc.o(.text) refers to stm32f10x_rcc.o(.text) for RCC_APB2PeriphResetCmd
    stm32f10x_bkp.o(.text) refers to stm32f10x_rcc.o(.text) for RCC_BackupResetCmd
    stm32f10x_can.o(.text) refers to stm32f10x_rcc.o(.text) for RCC_APB1PeriphResetCmd
    stm32f10x_cec.o(.text) refers to stm32f10x_rcc.o(.text) for RCC_APB1PeriphResetCmd
    stm32f10x_dac.o(.text) refers to stm32f10x_rcc.o(.text) for RCC_APB1PeriphResetCmd
    stm32f10x_gpio.o(.text) refers to stm32f10x_rcc.o(.text) for RCC_APB2PeriphResetCmd
    stm32f10x_i2c.o(.text) refers to stm32f10x_rcc.o(.text) for RCC_APB1PeriphResetCmd
    stm32f10x_pwr.o(.text) refers to stm32f10x_rcc.o(.text) for RCC_APB1PeriphResetCmd
    stm32f10x_rcc.o(.text) refers to stm32f10x_rcc.o(.data) for .data
    stm32f10x_spi.o(.text) refers to stm32f10x_rcc.o(.text) for RCC_APB2PeriphResetCmd
    stm32f10x_tim.o(.text) refers to stm32f10x_rcc.o(.text) for RCC_APB1PeriphResetCmd
    stm32f10x_usart.o(.text) refers to stm32f10x_rcc.o(.text) for RCC_APB2PeriphResetCmd
[...]
    printf4.o(i.__0printf$4) refers to fputc.o(i.fputc) for fputc
    printf4.o(i.__0printf$4) refers to stdout.o(.data) for __stdout
    printf4.o(i.__0snprintf$4) refers to printf4.o(i._printf_core) for _printf_core
    printf4.o(i.__0snprintf$4) refers to printf4.o(i._snputc) for _snputc
    printf4.o(i.__0sprintf$4) refers to printf4.o(i._printf_core) for _printf_core
    printf4.o(i.__0sprintf$4) refers to printf4.o(i._sputc) for _sputc
    printf4.o(i.__0vfprintf$4) refers to printf4.o(i._printf_core) for _printf_core
    printf4.o(i.__0vfprintf$4) refers to fputc.o(i.fputc) for fputc
    printf4.o(i.__0vprintf$4) refers to printf4.o(i._printf_core) for _printf_core
    printf4.o(i.__0vprintf$4) refers to fputc.o(i.fputc) for fputc
    printf4.o(i.__0vprintf$4) refers to stdout.o(.data) for __stdout
    printf4.o(i.__0vsnprintf$4) refers to printf4.o(i._printf_core) for _printf_core
    printf4.o(i.__0vsnprintf$4) refers to printf4.o(i._snputc) for _snputc
    printf4.o(i.__0vsprintf$4) refers to printf4.o(i._printf_core) for _printf_core
    printf4.o(i.__0vsprintf$4) refers to printf4.o(i._sputc) for _sputc
    printf4.o(i._printf_core) refers to uldiv.o(.text) for __aeabi_uldivmod
    printf5.o(i.__0fprintf$5) refers to printf5.o(i._printf_core) for _printf_core
    printf5.o(i.__0fprintf$5) refers to fputc.o(i.fputc) for fputc
    printf5.o(i.__0printf$5) refers to printf5.o(i._printf_core) for _printf_core
    printf5.o(i.__0printf$5) refers to fputc.o(i.fputc) for fputc
    printf5.o(i.__0printf$5) refers to stdout.o(.data) for __stdout
    printf5.o(i.__0snprintf$5) refers to printf5.o(i._printf_core) for _printf_core
    printf5.o(i.__0snprintf$5) refers to printf5.o(i._snputc) for _snputc
    printf5.o(i.__0sprintf$5) refers to printf5.o(i._printf_core) for _printf_core
    printf5.o(i.__0sprintf$5) refers to printf5.o(i._sputc) for _sputc
    printf5.o(i.__0vfprintf$5) refers to printf5.o(i._printf_core) for _printf_core
    printf5.o(i.__0vfprintf$5) refers to fputc.o(i.fputc) for fputc
    printf5.o(i.__0vprintf$5) refers to printf5.o(i._printf_core) for _printf_core
    printf5.o(i.__0vprintf$5) refers to fputc.o(i.fputc) for fputc
    printf5.o(i.__0vprintf$5) refers to stdout.o(.data) for __stdout
    printf5.o(i.__0vsnprintf$5) refers to printf5.o(i._printf_core) for _printf_core
    printf5.o(i.__0vsnprintf$5) refers to printf5.o(i._snputc) for _snputc
    printf5.o(i.__0vsprintf$5) refers to printf5.o(i._printf_core) for _printf_core
    printf5.o(i.__0vsprintf$5) refers to printf5.o(i._sputc) for _sputc
    printf5.o(i._printf_core) refers to uldiv.o(.text) for __aeabi_uldivmod
    printf6.o(i.__0fprintf$6) refers to printf6.o(i._printf_core) for _printf_core
    printf6.o(i.__0fprintf$6) refers to fputc.o(i.fputc) for fputc
    printf6.o(i.__0printf$6) refers to printf6.o(i._printf_core) for _printf_core
    printf6.o(i.__0printf$6) refers to fputc.o(i.fputc) for fputc
    printf6.o(i.__0printf$6) refers to stdout.o(.data) for __stdout
    printf6.o(i.__0snprintf$6) refers to printf6.o(i._printf_core) for _printf_core
    printf6.o(i.__0snprintf$6) refers to printf6.o(i._snputc) for _snputc
    printf6.o(i.__0sprintf$6) refers to printf6.o(i._printf_core) for _printf_core
    printf6.o(i.__0sprintf$6) refers to printf6.o(i._sputc) for _sputc
    printf6.o(i.__0vfprintf$6) refers to printf6.o(i._printf_core) for _printf_core
    printf6.o(i.__0vfprintf$6) refers to fputc.o(i.fputc) for fputc
    printf6.o(i.__0vprintf$6) refers to printf6.o(i._printf_core) for _printf_core
    printf6.o(i.__0vprintf$6) refers to fputc.o(i.fputc) for fputc
    printf6.o(i.__0vprintf$6) refers to stdout.o(.data) for __stdout
    printf6.o(i.__0vsnprintf$6) refers to printf6.o(i._printf_core) for _printf_core
    printf6.o(i.__0vsnprintf$6) refers to printf6.o(i._snputc) for _snputc
    printf6.o(i.__0vsprintf$6) refers to printf6.o(i._printf_core) for _printf_core
    printf6.o(i.__0vsprintf$6) refers to printf6.o(i._sputc) for _sputc
    printf6.o(i._printf_core) refers to printf6.o(i._printf_pre_padding) for _printf_pre_padding
    printf6.o(i._printf_core) refers to uidiv.o(.text) for __aeabi_uidivmod
    printf6.o(i._printf_core) refers to printf6.o(i._printf_post_padding) for _printf_post_padding
    printf7.o(i.__0fprintf$7) refers to printf7.o(i._printf_core) for _printf_core
    printf7.o(i.__0fprintf$7) refers to fputc.o(i.fputc) for fputc
    printf7.o(i.__0printf$7) refers to printf7.o(i._printf_core) for _printf_core
    printf7.o(i.__0printf$7) refers to fputc.o(i.fputc) for fputc
    printf7.o(i.__0printf$7) refers to stdout.o(.data) for __stdout
    printf7.o(i.__0snprintf$7) refers to printf7.o(i._printf_core) for _printf_core
    printf7.o(i.__0snprintf$7) refers to printf7.o(i._snputc) for _snputc
    printf7.o(i.__0sprintf$7) refers to printf7.o(i._printf_core) for _printf_core
    printf7.o(i.__0sprintf$7) refers to printf7.o(i._sputc) for _sputc
    printf7.o(i.__0vfprintf$7) refers to printf7.o(i._printf_core) for _printf_core
    printf7.o(i.__0vfprintf$7) refers to fputc.o(i.fputc) for fputc
    printf7.o(i.__0vprintf$7) refers to printf7.o(i._printf_core) for _printf_core
    printf7.o(i.__0vprintf$7) refers to fputc.o(i.fputc) for fputc
    printf7.o(i.__0vprintf$7) refers to stdout.o(.data) for __stdout
    printf7.o(i.__0vsnprintf$7) refers to printf7.o(i._printf_core) for _printf_core
    printf7.o(i.__0vsnprintf$7) refers to printf7.o(i._snputc) for _snputc
    printf7.o(i.__0vsprintf$7) refers to printf7.o(i._printf_core) for _printf_core
    printf7.o(i.__0vsprintf$7) refers to printf7.o(i._sputc) for _sputc
    printf7.o(i._printf_core) refers to printf7.o(i._printf_pre_padding) for _printf_pre_padding
    printf7.o(i._printf_core) refers to uldiv.o(.text) for __aeabi_uldivmod
    printf7.o(i._printf_core) refers to printf7.o(i._printf_post_padding) for _printf_post_padding
    printf8.o(i.__0fprintf$8) refers to printf8.o(i._printf_core) for _printf_core
    printf8.o(i.__0fprintf$8) refers to fputc.o(i.fputc) for fputc
    printf8.o(i.__0printf$8) refers to printf8.o(i._printf_core) for _printf_core
    printf8.o(i.__0printf$8) refers to fputc.o(i.fputc) for fputc
    printf8.o(i.__0printf$8) refers to stdout.o(.data) for __stdout
    printf8.o(i.__0snprintf$8) refers to printf8.o(i._printf_core) for _printf_core
    printf8.o(i.__0snprintf$8) refers to printf8.o(i._snputc) for _snputc
    printf8.o(i.__0sprintf$8) refers to printf8.o(i._printf_core) for _printf_core
    printf8.o(i.__0sprintf$8) refers to printf8.o(i._sputc) for _sputc
    printf8.o(i.__0vfprintf$8) refers to printf8.o(i._printf_core) for _printf_core
    printf8.o(i.__0vfprintf$8) refers to fputc.o(i.fputc) for fputc
    printf8.o(i.__0vprintf$8) refers to printf8.o(i._printf_core) for _printf_core
    printf8.o(i.__0vprintf$8) refers to fputc.o(i.fputc) for fputc
    printf8.o(i.__0vprintf$8) refers to stdout.o(.data) for __stdout
    printf8.o(i.__0vsnprintf$8) refers to printf8.o(i._printf_core) for _printf_core
    printf8.o(i.__0vsnprintf$8) refers to printf8.o(i._snputc) for _snputc
    printf8.o(i.__0vsprintf$8) refers to printf8.o(i._printf_core) for _printf_core
    printf8.o(i.__0vsprintf$8) refers to printf8.o(i._sputc) for _sputc
    printf8.o(i._printf_core) refers to printf8.o(i._printf_pre_padding) for _printf_pre_padding
    printf8.o(i._printf_core) refers to uldiv.o(.text) for __aeabi_uldivmod
    printf8.o(i._printf_core) refers to printf8.o(i._printf_post_padding) for _printf_post_padding
    printfa.o(i.__0fprintf) refers (Special) to iusefp.o(.text) for __I$use$fp
    printfa.o(i.__0fprintf) refers to printfa.o(i._printf_core) for _printf_core
    printfa.o(i.__0fprintf) refers to fputc.o(i.fputc) for fputc
    printfa.o(i.__0printf) refers (Special) to iusefp.o(.text) for __I$use$fp
    printfa.o(i.__0printf) refers to printfa.o(i._printf_core) for _printf_core
    printfa.o(i.__0printf) refers to fputc.o(i.fputc) for fputc
    printfa.o(i.__0printf) refers to stdout.o(.data) for __stdout
    printfa.o(i.__0snprintf) refers (Special) to iusefp.o(.text) for __I$use$fp
    printfa.o(i.__0snprintf) refers to printfa.o(i._printf_core) for _printf_core
    printfa.o(i.__0snprintf) refers to printfa.o(i._snputc) for _snputc
    printfa.o(i.__0sprintf) refers (Special) to iusefp.o(.text) for __I$use$fp
    printfa.o(i.__0sprintf) refers to printfa.o(i._printf_core) for _printf_core
    printfa.o(i.__0sprintf) refers to printfa.o(i._sputc) for _sputc
    printfa.o(i.__0vfprintf) refers (Special) to iusefp.o(.text) for __I$use$fp
    printfa.o(i.__0vfprintf) refers to printfa.o(i._printf_core) for _printf_core
    printfa.o(i.__0vfprintf) refers to fputc.o(i.fputc) for fputc
    printfa.o(i.__0vprintf) refers (Special) to iusefp.o(.text) for __I$use$fp
    printfa.o(i.__0vprintf) refers to printfa.o(i._printf_core) for _printf_core
    printfa.o(i.__0vprintf) refers to fputc.o(i.fputc) for fputc
    printfa.o(i.__0vprintf) refers to stdout.o(.data) for __stdout
    printfa.o(i.__0vsnprintf) refers (Special) to iusefp.o(.text) for __I$use$fp
    printfa.o(i.__0vsnprintf) refers to printfa.o(i._printf_core) for _printf_core
    printfa.o(i.__0vsnprintf) refers to printfa.o(i._snputc) for _snputc
    printfa.o(i.__0vsprintf) refers (Special) to iusefp.o(.text) for __I$use$fp
    printfa.o(i.__0vsprintf) refers to printfa.o(i._printf_core) for _printf_core
    printfa.o(i.__0vsprintf) refers to printfa.o(i._sputc) for _sputc
    printfa.o(i._fp_digits) refers (Special) to iusefp.o(.text) for __I$use$fp
    printfa.o(i._fp_digits) refers to dmul.o(.text) for __aeabi_dmul
    printfa.o(i._fp_digits) refers to ddiv.o(.text) for __aeabi_ddiv
    printfa.o(i._fp_digits) refers to cdrcmple.o(.text) for __aeabi_cdrcmple
    printfa.o(i._fp_digits) refers to dadd.o(.text) for __aeabi_dadd
    printfa.o(i._fp_digits) refers to dfixul.o(.text) for __aeabi_d2ulz
    printfa.o(i._fp_digits) refers to uldiv.o(.text) for __aeabi_uldivmod
    printfa.o(i._printf_core) refers (Special) to iusefp.o(.text) for __I$use$fp
    printfa.o(i._printf_core) refers to printfa.o(i._printf_pre_padding) for _printf_pre_padding
    printfa.o(i._printf_core) refers to uldiv.o(.text) for __aeabi_uldivmod
    printfa.o(i._printf_core) refers to printfa.o(i._printf_post_padding) for _printf_post_padding
    printfa.o(i._printf_core) refers to printfa.o(i._fp_digits) for _fp_digits
    printfa.o(i._printf_core) refers to uidiv.o(.text) for __aeabi_uidivmod
    printfa.o(i._printf_post_padding) refers (Special) to iusefp.o(.text) for __I$use$fp
    printfa.o(i._printf_pre_padding) refers (Special) to iusefp.o(.text) for __I$use$fp
    printfa.o(i._snputc) refers (Special) to iusefp.o(.text) for __I$use$fp
    printfa.o(i._sputc) refers (Special) to iusefp.o(.text) for __I$use$fp
    entry2.o(.ARM.Collect$$$$00000001) refers to entry2.o(.ARM.Collect$$$$00002712) for __lit__00000000
    entry2.o(.ARM.Collect$$$$00002712) refers to startup_stm32f10x_hd.o(STACK) for __initial_sp
    entry2.o(__vectab_stack_and_reset_area) refers to startup_stm32f10x_hd.o(STACK) for __initial_sp
    entry2.o(__vectab_stack_and_reset_area) refers to entry.o(.ARM.Collect$$$$00000000) for __main
    entry5.o(.ARM.Collect$$$$00000004) refers to init.o(.text) for __scatterload
    entry9a.o(.ARM.Collect$$$$0000000B) refers to main.o(.text) for main
    entry9b.o(.ARM.Collect$$$$0000000C) refers to main.o(.text) for main
    fputc.o(i.fputc) refers (Special) to iusesemip.o(.text) for __I$use$semihosting$fputc
    fputc.o(i.fputc) refers (Special) to semi.o(.text) for __semihosting_library_function
    uldiv.o(.text) refers to llushr.o(.text) for __aeabi_llsr
    uldiv.o(.text) refers to llshl.o(.text) for __aeabi_llsl
    dadd.o(.text) refers to llshl.o(.text) for __aeabi_llsl
    dadd.o(.text) refers to llsshr.o(.text) for __aeabi_lasr
    dadd.o(.text) refers to depilogue.o(.text) for _double_epilogue
    dmul.o(.text) refers to depilogue.o(.text) for _double_epilogue
    ddiv.o(.text) refers to depilogue.o(.text) for _double_round
    dfixul.o(.text) refers to llushr.o(.text) for __aeabi_llsr
    dfixul.o(.text) refers to llshl.o(.text) for __aeabi_llsl
    init.o(.text) refers to entry5.o(.ARM.Collect$$$$00000004) for __main_after_scatterload
    depilogue.o(.text) refers to llshl.o(.text) for __aeabi_llsl
    depilogue.o(.text) refers to llushr.o(.text) for __aeabi_llsr


==============================================================================

Removing Unused input sections from the image.

    Removing stm32f10x_adc.o(.text), (816 bytes).
    Removing stm32f10x_bkp.o(.text), (152 bytes).
    Removing stm32f10x_can.o(.text), (1800 bytes).
    Removing stm32f10x_cec.o(.text), (248 bytes).
    Removing stm32f10x_crc.o(.text), (64 bytes).
    Removing stm32f10x_dac.o(.text), (252 bytes).
    Removing stm32f10x_dbgmcu.o(.text), (40 bytes).
    Removing stm32f10x_dma.o(.text), (456 bytes).
    Removing stm32f10x_exti.o(.text), (232 bytes).
    Removing stm32f10x_fsmc.o(.text), (1148 bytes).
    Removing stm32f10x_i2c.o(.text), (808 bytes).
    Removing stm32f10x_iwdg.o(.text), (60 bytes).
    Removing stm32f10x_pwr.o(.text), (172 bytes).
    Removing stm32f10x_rtc.o(.text), (272 bytes).
    Removing stm32f10x_sdio.o(.text), (428 bytes).
    Removing stm32f10x_spi.o(.text), (628 bytes).
    Removing stm32f10x_tim.o(.text), (2800 bytes).
    Removing stm32f10x_wwdg.o(.text), (124 bytes).
    Removing startup_stm32f10x_hd.o(HEAP), (512 bytes).
    Removing crypto.o(.rev16_text), (4 bytes).
    Removing crypto.o(.revsh_text), (4 bytes).
    Removing crypto.o(i.AES128_decrypt), (788 bytes).
    Removing crypto.o(i.AES192_decrypt), (784 bytes).
    Removing crypto.o(i.AES256_decrypt), (788 bytes).
    Removing crypto.o(i.AES_CBC_Decrypt_Append), (658 bytes).
    Removing crypto.o(i.AES_CBC_Decrypt_Finish), (26 bytes).
    Removing crypto.o(i.AES_CBC_Decrypt_Init), (6 bytes).
    Removing crypto.o(i.AES_CBC_Encrypt_Append), (514 bytes).
    Removing crypto.o(i.AES_CBC_Encrypt_Finish), (26 bytes).
    Removing crypto.o(i.AES_CBC_Encrypt_Init), (6 bytes).
    Removing crypto.o(i.AES_CCM_Decrypt_Append), (600 bytes).
    Removing crypto.o(i.AES_CCM_Decrypt_Finish), (392 bytes).
    Removing crypto.o(i.AES_CCM_Decrypt_Init), (4 bytes).
    Removing crypto.o(i.AES_CCM_Encrypt_Append), (1166 bytes).
    Removing crypto.o(i.AES_CCM_Encrypt_Finish), (256 bytes).
    Removing crypto.o(i.AES_CCM_Encrypt_Init), (660 bytes).
    Removing crypto.o(i.AES_CCM_Header_Append), (560 bytes).
    Removing crypto.o(i.AES_CMAC_Decrypt_Append), (4 bytes).
    Removing crypto.o(i.AES_CMAC_Decrypt_Finish), (308 bytes).
    Removing crypto.o(i.AES_CMAC_Decrypt_Init), (46 bytes).
    Removing crypto.o(i.AES_CMAC_Encrypt_Append), (1044 bytes).
    Removing crypto.o(i.AES_CMAC_Encrypt_Finish), (180 bytes).
    Removing crypto.o(i.AES_CMAC_Encrypt_Init), (46 bytes).
    Removing crypto.o(i.AES_ECB_Decrypt_Append), (196 bytes).
    Removing crypto.o(i.AES_ECB_Decrypt_Finish), (26 bytes).
    Removing crypto.o(i.AES_ECB_Decrypt_Init), (6 bytes).
    Removing crypto.o(i.AES_ECB_Encrypt_Append), (196 bytes).
    Removing crypto.o(i.AES_ECB_Encrypt_Finish), (26 bytes).
    Removing crypto.o(i.AES_ECB_Encrypt_Init), (6 bytes).
    Removing crypto.o(i.AES_GCM_Decrypt_Append), (22 bytes).
    Removing crypto.o(i.AES_GCM_Decrypt_Finish), (8 bytes).
    Removing crypto.o(i.AES_GCM_Decrypt_Init), (4 bytes).
    Removing crypto.o(i.AES_GCM_Encrypt_Append), (22 bytes).
    Removing crypto.o(i.AES_GCM_Encrypt_Finish), (6 bytes).
    Removing crypto.o(i.AES_GCM_Encrypt_Init), (1080 bytes).
    Removing crypto.o(i.AES_GCM_Header_Append), (406 bytes).
    Removing crypto.o(i.AES_KeyWrap_Decrypt_Append), (302 bytes).
    Removing crypto.o(i.AES_KeyWrap_Decrypt_Finish), (50 bytes).
    Removing crypto.o(i.AES_KeyWrap_Decrypt_Init), (20 bytes).
    Removing crypto.o(i.AES_KeyWrap_Encrypt_Append), (368 bytes).
    Removing crypto.o(i.AES_KeyWrap_Encrypt_Finish), (26 bytes).
    Removing crypto.o(i.AES_KeyWrap_Encrypt_Init), (20 bytes).
    Removing crypto.o(i.AESgcmAppend), (1142 bytes).
    Removing crypto.o(i.AESgcmFinal), (570 bytes).
    Removing crypto.o(i.ARC4_Decrypt_Append), (16 bytes).
    Removing crypto.o(i.ARC4_Decrypt_Finish), (26 bytes).
    Removing crypto.o(i.ARC4_Decrypt_Init), (132 bytes).
    Removing crypto.o(i.ARC4_Encrypt_Append), (348 bytes).
    Removing crypto.o(i.ARC4_Encrypt_Finish), (26 bytes).
    Removing crypto.o(i.ARC4_Encrypt_Init), (130 bytes).
    Removing crypto.o(i.AddBig), (318 bytes).
    Removing crypto.o(i.Add_Moduli_Big), (454 bytes).
    Removing crypto.o(i.Big_to_W8), (180 bytes).
    Removing crypto.o(i.Big_to_fixedW8), (140 bytes).
    Removing crypto.o(i.CompareBig), (166 bytes).
    Removing crypto.o(i.CopyBig), (158 bytes).
    Removing crypto.o(i.CountBits), (48 bytes).
    Removing crypto.o(i.CountBytes), (50 bytes).
    Removing crypto.o(i.DES_CBC_Decrypt_Append), (196 bytes).
    Removing crypto.o(i.DES_CBC_Decrypt_Finish), (26 bytes).
    Removing crypto.o(i.DES_CBC_Decrypt_Init), (6 bytes).
    Removing crypto.o(i.DES_CBC_Encrypt_Append), (160 bytes).
    Removing crypto.o(i.DES_CBC_Encrypt_Finish), (26 bytes).
    Removing crypto.o(i.DES_CBC_Encrypt_Init), (6 bytes).
    Removing crypto.o(i.DES_ECB_Decrypt_Append), (172 bytes).
    Removing crypto.o(i.DES_ECB_Decrypt_Finish), (26 bytes).
    Removing crypto.o(i.DES_ECB_Decrypt_Init), (6 bytes).
    Removing crypto.o(i.DES_ECB_Encrypt_Append), (172 bytes).
    Removing crypto.o(i.DES_ECB_Encrypt_Finish), (26 bytes).
    Removing crypto.o(i.DES_ECB_Encrypt_Init), (6 bytes).
    Removing crypto.o(i.DESstdInit), (248 bytes).
    Removing crypto.o(i.DRBG_AES128_Block_cipher_df), (384 bytes).
    Removing crypto.o(i.DRBG_AES128_Update), (134 bytes).
    Removing crypto.o(i.ECCcopyPoint), (102 bytes).
    Removing crypto.o(i.ECCfreeEC), (124 bytes).
    Removing crypto.o(i.ECCfreePoint), (66 bytes).
    Removing crypto.o(i.ECCfreePrivKey), (46 bytes).
    Removing crypto.o(i.ECCgetPointCoordinate), (188 bytes).
    Removing crypto.o(i.ECCgetPointFlag), (12 bytes).
    Removing crypto.o(i.ECCgetPrivKeyValue), (128 bytes).
    Removing crypto.o(i.ECCinitEC), (440 bytes).
    Removing crypto.o(i.ECCinitPoint), (208 bytes).
    Removing crypto.o(i.ECCinitPrivKey), (110 bytes).
    Removing crypto.o(i.ECCkeyGen), (216 bytes).
    Removing crypto.o(i.ECCpoint2Monty), (70 bytes).
    Removing crypto.o(i.ECCpointFromMonty), (72 bytes).
    Removing crypto.o(i.ECCscalarMul), (236 bytes).
    Removing crypto.o(i.ECCsetPointCoordinate), (74 bytes).
    Removing crypto.o(i.ECCsetPointFlag), (8 bytes).
    Removing crypto.o(i.ECCsetPointGenerator), (128 bytes).
    Removing crypto.o(i.ECCsetPrivKeyValue), (36 bytes).
    Removing crypto.o(i.ECCsymmetricPoint), (42 bytes).
    Removing crypto.o(i.ECCvalidatePubKey), (608 bytes).
    Removing crypto.o(i.ECDSAfreeSign), (56 bytes).
    Removing crypto.o(i.ECDSAgetSignature), (164 bytes).
    Removing crypto.o(i.ECDSAinitSign), (124 bytes).
    Removing crypto.o(i.ECDSAsetSignature), (48 bytes).
    Removing crypto.o(i.ECDSAsign), (1378 bytes).
    Removing crypto.o(i.ECDSAverify), (810 bytes).
    Removing crypto.o(i.EvenBig), (16 bytes).
    Removing crypto.o(i.FastDiv2), (98 bytes).
    Removing crypto.o(i.FastDivInnerBase), (64 bytes).
    Removing crypto.o(i.FastMul2), (110 bytes).
    Removing crypto.o(i.FastMulInnerBase), (164 bytes).
    Removing crypto.o(i.GenRndBN), (242 bytes).
    Removing crypto.o(i.GenRndBNmodN), (274 bytes).
    Removing crypto.o(i.GiveBit), (30 bytes).
    Removing crypto.o(i.HMAC_MD5_Append), (52 bytes).
    Removing crypto.o(i.HMAC_MD5_Finish), (180 bytes).
    Removing crypto.o(i.HMAC_MD5_Init), (348 bytes).
    Removing crypto.o(i.HMAC_SHA1_Append), (16 bytes).
    Removing crypto.o(i.HMAC_SHA1_Finish), (160 bytes).
    Removing crypto.o(i.HMAC_SHA1_Init), (340 bytes).
    Removing crypto.o(i.HMAC_SHA224_Append), (52 bytes).
    Removing crypto.o(i.HMAC_SHA224_Finish), (220 bytes).
    Removing crypto.o(i.HMAC_SHA224_Init), (408 bytes).
    Removing crypto.o(i.HMAC_SHA256_Append), (52 bytes).
    Removing crypto.o(i.HMAC_SHA256_Finish), (220 bytes).
    Removing crypto.o(i.HMAC_SHA256_Init), (408 bytes).
    Removing crypto.o(i.InitBig), (104 bytes).
    Removing crypto.o(i.IsZeroBig), (22 bytes).
    Removing crypto.o(i.LeftShift), (144 bytes).
    Removing crypto.o(i.MD5_Append), (42 bytes).
    Removing crypto.o(i.MD5_Finish), (144 bytes).
    Removing crypto.o(i.MD5_Init), (60 bytes).
    Removing crypto.o(i.ModularAddBig), (68 bytes).
    Removing crypto.o(i.ModularExpSlidWin), (616 bytes).
    Removing crypto.o(i.ModularFastMul2), (138 bytes).
    Removing crypto.o(i.ModularInvBig), (540 bytes).
    Removing crypto.o(i.ModularSubBig), (40 bytes).
    Removing crypto.o(i.MontyExit), (88 bytes).
    Removing crypto.o(i.MontyInit), (874 bytes).
    Removing crypto.o(i.MontyJacProjAddPoints), (894 bytes).
    Removing crypto.o(i.MontyJacProjDoublePoint), (778 bytes).
    Removing crypto.o(i.MontyKillAll), (48 bytes).
    Removing crypto.o(i.MontyKillR2), (38 bytes).
    Removing crypto.o(i.MontyMul), (524 bytes).
    Removing crypto.o(i.MulBigbyUnInt), (112 bytes).
    Removing crypto.o(i.NAF_Binary_PointMul), (860 bytes).
    Removing crypto.o(i.Normalize), (368 bytes).
    Removing crypto.o(i.RNGfree), (50 bytes).
    Removing crypto.o(i.RNGgenBytes), (162 bytes).
    Removing crypto.o(i.RNGgenWords), (170 bytes).
    Removing crypto.o(i.RNGinit), (240 bytes).
    Removing crypto.o(i.RNGreseed), (206 bytes).
    Removing crypto.o(i.RSASP1), (100 bytes).
    Removing crypto.o(i.RSAVP1), (34 bytes).
    Removing crypto.o(i.RSA_PKCS1v15_Sign), (636 bytes).
    Removing crypto.o(i.RSA_PKCS1v15_Verify), (724 bytes).
    Removing crypto.o(i.RightShift), (176 bytes).
    Removing crypto.o(i.SHA1Final), (392 bytes).
    Removing crypto.o(i.SHA1Init), (48 bytes).
    Removing crypto.o(i.SHA1Transform), (892 bytes).
    Removing crypto.o(i.SHA1Update), (154 bytes).
    Removing crypto.o(i.SHA1_Append), (188 bytes).
    Removing crypto.o(i.SHA1_Finish), (144 bytes).
    Removing crypto.o(i.SHA1_Init), (68 bytes).
    Removing crypto.o(i.SHA224Final), (390 bytes).
    Removing crypto.o(i.SHA224Init), (72 bytes).
    Removing crypto.o(i.SHA224_Append), (42 bytes).
    Removing crypto.o(i.SHA224_Finish), (144 bytes).
    Removing crypto.o(i.SHA224_Init), (92 bytes).
    Removing crypto.o(i.SHA256Final), (390 bytes).
    Removing crypto.o(i.SHA256Init), (72 bytes).
    Removing crypto.o(i.SHA256Transform), (600 bytes).
    Removing crypto.o(i.SHA256Update), (154 bytes).
    Removing crypto.o(i.SHA256_Append), (42 bytes).
    Removing crypto.o(i.SHA256_Finish), (144 bytes).
    Removing crypto.o(i.SHA256_Init), (92 bytes).
    Removing crypto.o(i.SetZeroBig), (70 bytes).
    Removing crypto.o(i.SignBig), (10 bytes).
    Removing crypto.o(i.StAllocBig), (66 bytes).
    Removing crypto.o(i.StFreeBig), (36 bytes).
    Removing crypto.o(i.SubBig), (234 bytes).
    Removing crypto.o(i.Sub_Moduli_Big), (436 bytes).
    Removing crypto.o(i.TDES_CBC_Decrypt_Append), (216 bytes).
    Removing crypto.o(i.TDES_CBC_Decrypt_Finish), (26 bytes).
    Removing crypto.o(i.TDES_CBC_Decrypt_Init), (6 bytes).
    Removing crypto.o(i.TDES_CBC_Encrypt_Append), (184 bytes).
    Removing crypto.o(i.TDES_CBC_Encrypt_Finish), (26 bytes).
    Removing crypto.o(i.TDES_CBC_Encrypt_Init), (6 bytes).
    Removing crypto.o(i.TDES_ECB_Decrypt_Append), (192 bytes).
    Removing crypto.o(i.TDES_ECB_Decrypt_Finish), (26 bytes).
    Removing crypto.o(i.TDES_ECB_Decrypt_Init), (6 bytes).
    Removing crypto.o(i.TDES_ECB_Encrypt_Append), (192 bytes).
    Removing crypto.o(i.TDES_ECB_Encrypt_Finish), (26 bytes).
    Removing crypto.o(i.TDES_ECB_Encrypt_Init), (6 bytes).
    Removing crypto.o(i.TDESstdInit), (292 bytes).
    Removing crypto.o(i.W32_to_W8), (124 bytes).
    Removing crypto.o(i.W8_to_Big), (326 bytes).
    Removing crypto.o(i.crl_DRBG_AES128_Generate), (450 bytes).
    Removing crypto.o(i.crl_DRBG_AES128_Instantiate), (188 bytes).
    Removing crypto.o(i.crl_DRBG_AES128_Reseed), (164 bytes).
    Removing crypto.o(i.crl_ModularExp), (556 bytes).
    Removing crypto.o(i.crl_u_MD5_Finish), (216 bytes).
    Removing crypto.o(i.crl_u_MD5_Init), (40 bytes).
    Removing crypto.o(i.crl_u_MD5_Update), (150 bytes).
    Removing crypto.o(i.desfunc), (476 bytes).
    Removing crypto.o(i.deskey), (628 bytes).
    Removing crypto.o(i.gfmul), (364 bytes).
    Removing crypto.o(i.md5_process), (2064 bytes).
    Removing dadd.o(.text), (334 bytes).
    Removing dmul.o(.text), (228 bytes).
    Removing ddiv.o(.text), (222 bytes).
    Removing dfixul.o(.text), (48 bytes).
    Removing cdrcmple.o(.text), (48 bytes).
    Removing depilogue.o(.text), (186 bytes).

227 unused section(s) (total 59106 bytes) removed from the image.

==============================================================================

Image Symbol Table

    Local Symbols

    Symbol Name                              Value     Ov Type        Size  Object(Section)

    ../clib/microlib/division.c              0x00000000   Number         0  uidiv.o ABSOLUTE
    ../clib/microlib/division.c              0x00000000   Number         0  uldiv.o ABSOLUTE
    ../clib/microlib/init/entry.s            0x00000000   Number         0  entry11b.o ABSOLUTE
    ../clib/microlib/init/entry.s            0x00000000   Number         0  entry7a.o ABSOLUTE
    ../clib/microlib/init/entry.s            0x00000000   Number         0  entry5.o ABSOLUTE
    ../clib/microlib/init/entry.s            0x00000000   Number         0  entry2.o ABSOLUTE
    ../clib/microlib/init/entry.s            0x00000000   Number         0  entry8a.o ABSOLUTE
    ../clib/microlib/init/entry.s            0x00000000   Number         0  entry8b.o ABSOLUTE
    ../clib/microlib/init/entry.s            0x00000000   Number         0  entry9a.o ABSOLUTE
    ../clib/microlib/init/entry.s            0x00000000   Number         0  entry9b.o ABSOLUTE
    ../clib/microlib/init/entry.s            0x00000000   Number         0  entry10a.o ABSOLUTE
    ../clib/microlib/init/entry.s            0x00000000   Number         0  entry10b.o ABSOLUTE
    ../clib/microlib/init/entry.s            0x00000000   Number         0  entry.o ABSOLUTE
    ../clib/microlib/init/entry.s            0x00000000   Number         0  entry11a.o ABSOLUTE
    ../clib/microlib/init/entry.s            0x00000000   Number         0  entry7b.o ABSOLUTE
    ../clib/microlib/longlong.c              0x00000000   Number         0  llushr.o ABSOLUTE
    ../clib/microlib/longlong.c              0x00000000   Number         0  llsshr.o ABSOLUTE
    ../clib/microlib/longlong.c              0x00000000   Number         0  llshl.o ABSOLUTE
    ../clib/microlib/printf/printf.c         0x00000000   Number         0  printfa.o ABSOLUTE
    ../clib/microlib/printf/printf.c         0x00000000   Number         0  printf3.o ABSOLUTE
    ../clib/microlib/printf/printf.c         0x00000000   Number         0  printf7.o ABSOLUTE
    ../clib/microlib/printf/printf.c         0x00000000   Number         0  printf6.o ABSOLUTE
    ../clib/microlib/printf/printf.c         0x00000000   Number         0  printf5.o ABSOLUTE
    ../clib/microlib/printf/printf.c         0x00000000   Number         0  printf4.o ABSOLUTE
    ../clib/microlib/printf/printf.c         0x00000000   Number         0  printf2.o ABSOLUTE
    ../clib/microlib/printf/printf.c         0x00000000   Number         0  printf1.o ABSOLUTE
    ../clib/microlib/printf/printf.c         0x00000000   Number         0  printf0.o ABSOLUTE
    ../clib/microlib/printf/printf.c         0x00000000   Number         0  printfb.o ABSOLUTE
    ../clib/microlib/printf/printf.c         0x00000000   Number         0  printf8.o ABSOLUTE
    ../clib/microlib/printf/stubs.s          0x00000000   Number         0  stubs.o ABSOLUTE
    ../clib/microlib/stdio/fputc.c           0x00000000   Number         0  fputc.o ABSOLUTE
    ../clib/microlib/stdio/semi.s            0x00000000   Number         0  semi.o ABSOLUTE
    ../clib/microlib/stdio/streams.c         0x00000000   Number         0  stdout.o ABSOLUTE
    ../clib/microlib/string/memcmp.c         0x00000000   Number         0  memcmp.o ABSOLUTE
    ../clib/microlib/string/memcpy.c         0x00000000   Number         0  memcpya.o ABSOLUTE
    ../clib/microlib/string/memcpy.c         0x00000000   Number         0  memcpyb.o ABSOLUTE
    ../clib/microlib/string/memset.c         0x00000000   Number         0  memseta.o ABSOLUTE
    ../clib/microlib/string/strlen.c         0x00000000   Number         0  strlen.o ABSOLUTE
    ../clib/microlib/string/strncmp.c        0x00000000   Number         0  strncmp.o ABSOLUTE
    ../clib/microlib/stubs.s                 0x00000000   Number         0  iusesemip.o ABSOLUTE
    ../clib/microlib/stubs.s                 0x00000000   Number         0  iusefp.o ABSOLUTE
    ../fplib/microlib/fpadd.c                0x00000000   Number         0  dadd.o ABSOLUTE
    ../fplib/microlib/fpdiv.c                0x00000000   Number         0  ddiv.o ABSOLUTE
    ../fplib/microlib/fpepilogue.c           0x00000000   Number         0  depilogue.o ABSOLUTE
    ../fplib/microlib/fpfix.c                0x00000000   Number         0  dfixul.o ABSOLUTE
    ../fplib/microlib/fpmul.c                0x00000000   Number         0  dmul.o ABSOLUTE
    ..\..\BSP\Cryptographic\crypto.c         0x00000000   Number         0  crypto.o ABSOLUTE
    ..\..\BSP\FLASH\Flash.c                  0x00000000   Number         0  flash.o ABSOLUTE
    ..\..\BSP\M26\AT_cmd.c                   0x00000000   Number         0  at_cmd.o ABSOLUTE
    ..\..\BSP\M26\M26.c                      0x00000000   Number         0  m26.o ABSOLUTE
    ..\..\BSP\UART\uart1.c                   0x00000000   Number         0  uart1.o ABSOLUTE
    ..\..\BSP\UART\uart4.c                   0x00000000   Number         0  uart4.o ABSOLUTE
    ..\..\BSP\private\private.c              0x00000000   Number         0  private.o ABSOLUTE
    ..\..\Libraries\CMSIS\core_cm3.c         0x00000000   Number         0  core_cm3.o ABSOLUTE
    ..\..\Libraries\CMSIS\startup\startup_stm32f10x_hd.s 0x00000000   Number         0  startup_stm32f10x_hd.o ABSOLUTE
    ..\..\Libraries\CMSIS\system_stm32f10x.c 0x00000000   Number         0  system_stm32f10x.o ABSOLUTE
    ..\..\Libraries\FWlib\src\misc.c         0x00000000   Number         0  misc.o ABSOLUTE
    ..\..\Libraries\FWlib\src\stm32f10x_adc.c 0x00000000   Number         0  stm32f10x_adc.o ABSOLUTE
    ..\..\Libraries\FWlib\src\stm32f10x_bkp.c 0x00000000   Number         0  stm32f10x_bkp.o ABSOLUTE
    ..\..\Libraries\FWlib\src\stm32f10x_can.c 0x00000000   Number         0  stm32f10x_can.o ABSOLUTE
    ..\..\Libraries\FWlib\src\stm32f10x_cec.c 0x00000000   Number         0  stm32f10x_cec.o ABSOLUTE
    ..\..\Libraries\FWlib\src\stm32f10x_crc.c 0x00000000   Number         0  stm32f10x_crc.o ABSOLUTE
    ..\..\Libraries\FWlib\src\stm32f10x_dac.c 0x00000000   Number         0  stm32f10x_dac.o ABSOLUTE
    ..\..\Libraries\FWlib\src\stm32f10x_dbgmcu.c 0x00000000   Number         0  stm32f10x_dbgmcu.o ABSOLUTE
    ..\..\Libraries\FWlib\src\stm32f10x_dma.c 0x00000000   Number         0  stm32f10x_dma.o ABSOLUTE
    ..\..\Libraries\FWlib\src\stm32f10x_exti.c 0x00000000   Number         0  stm32f10x_exti.o ABSOLUTE
    ..\..\Libraries\FWlib\src\stm32f10x_flash.c 0x00000000   Number         0  stm32f10x_flash.o ABSOLUTE
    ..\..\Libraries\FWlib\src\stm32f10x_fsmc.c 0x00000000   Number         0  stm32f10x_fsmc.o ABSOLUTE
    ..\..\Libraries\FWlib\src\stm32f10x_gpio.c 0x00000000   Number         0  stm32f10x_gpio.o ABSOLUTE
    ..\..\Libraries\FWlib\src\stm32f10x_i2c.c 0x00000000   Number         0  stm32f10x_i2c.o ABSOLUTE
    ..\..\Libraries\FWlib\src\stm32f10x_iwdg.c 0x00000000   Number         0  stm32f10x_iwdg.o ABSOLUTE
    ..\..\Libraries\FWlib\src\stm32f10x_pwr.c 0x00000000   Number         0  stm32f10x_pwr.o ABSOLUTE
    ..\..\Libraries\FWlib\src\stm32f10x_rcc.c 0x00000000   Number         0  stm32f10x_rcc.o ABSOLUTE
    ..\..\Libraries\FWlib\src\stm32f10x_rtc.c 0x00000000   Number         0  stm32f10x_rtc.o ABSOLUTE
    ..\..\Libraries\FWlib\src\stm32f10x_sdio.c 0x00000000   Number         0  stm32f10x_sdio.o ABSOLUTE
    ..\..\Libraries\FWlib\src\stm32f10x_spi.c 0x00000000   Number         0  stm32f10x_spi.o ABSOLUTE
    ..\..\Libraries\FWlib\src\stm32f10x_tim.c 0x00000000   Number         0  stm32f10x_tim.o ABSOLUTE
    ..\..\Libraries\FWlib\src\stm32f10x_usart.c 0x00000000   Number         0  stm32f10x_usart.o ABSOLUTE
    ..\..\Libraries\FWlib\src\stm32f10x_wwdg.c 0x00000000   Number         0  stm32f10x_wwdg.o ABSOLUTE
    ..\..\User\Led\bsp_led.c                 0x00000000   Number         0  bsp_led.o ABSOLUTE
    ..\..\User\SysTick\bsp_SysTick.c         0x00000000   Number         0  bsp_systick.o ABSOLUTE
    ..\..\User\main.c                        0x00000000   Number         0  main.o ABSOLUTE
    ..\..\User\stm32f10x_it.c                0x00000000   Number         0  stm32f10x_it.o ABSOLUTE
    ..\Crypto_Sources_Files\crypto.c         0x00000000   Number         0  crypto.o ABSOLUTE
    ..\\..\\Libraries\\CMSIS\\core_cm3.c     0x00000000   Number         0  core_cm3.o ABSOLUTE
    ..\\Crypto_Sources_Files\\crypto.c       0x00000000   Number         0  crypto.o ABSOLUTE
    cdrcmple.s                               0x00000000   Number         0  cdrcmple.o ABSOLUTE
    dc.s                                     0x00000000   Number         0  dc.o ABSOLUTE
    handlers.s                               0x00000000   Number         0  handlers.o ABSOLUTE
    init.s                                   0x00000000   Number         0  init.o ABSOLUTE
    RESET                                    0x08000000   Section      304  startup_stm32f10x_hd.o(RESET)
    .ARM.Collect$$$$00000000                 0x08000130   Section        0  entry.o(.ARM.Collect$$$$00000000)
    .ARM.Collect$$$$00000001                 0x08000130   Section        4  entry2.o(.ARM.Collect$$$$00000001)
    .ARM.Collect$$$$00000004                 0x08000134   Section        4  entry5.o(.ARM.Collect$$$$00000004)
    .ARM.Collect$$$$00000008                 0x08000138   Section        0  entry7b.o(.ARM.Collect$$$$00000008)
    .ARM.Collect$$$$0000000A                 0x08000138   Section        0  entry8b.o(.ARM.Collect$$$$0000000A)
    .ARM.Collect$$$$0000000B                 0x08000138   Section        8  entry9a.o(.ARM.Collect$$$$0000000B)
    .ARM.Collect$$$$0000000D                 0x08000140   Section        0  entry10a.o(.ARM.Collect$$$$0000000D)
    .ARM.Collect$$$$0000000F                 0x08000140   Section        0  entry11a.o(.ARM.Collect$$$$0000000F)
    .ARM.Collect$$$$00002712                 0x08000140   Section        4  entry2.o(.ARM.Collect$$$$00002712)
    __lit__00000000                          0x08000140   Data           4  entry2.o(.ARM.Collect$$$$00002712)
    .emb_text                                0x08000144   Section       32  core_cm3.o(.emb_text)
    .text                                    0x08000164   Section        0  main.o(.text)
    copy_from_app                            0x08000185   Thumb Code    62  main.o(.text)
    crc_7c                                   0x080006c1   Thumb Code    34  main.o(.text)
    data_wifi_processed                      0x080006e3   Thumb Code    44  main.o(.text)
    .text                                    0x08000730   Section        0  stm32f10x_it.o(.text)
    .text                                    0x08000744   Section        0  bsp_led.o(.text)
    .text                                    0x080007b4   Section        0  bsp_systick.o(.text)
    .text                                    0x08000828   Section        0  uart4.o(.text)
    NVIC_SystemReset                         0x080009c3   Thumb Code    20  uart4.o(.text)
    .text                                    0x08000a0c   Section        0  flash.o(.text)
    .text                                    0x08000ad0   Section        0  private.o(.text)
    .text                                    0x08000ca4   Section        0  uart1.o(.text)
    .text                                    0x08000de0   Section        0  crypto.o(.text)
    .text                                    0x08000ec4   Section        0  misc.o(.text)
    .text                                    0x08000f74   Section        0  stm32f10x_flash.o(.text)
    .text                                    0x080013f4   Section        0  stm32f10x_gpio.o(.text)
    .text                                    0x08001658   Section        0  stm32f10x_rcc.o(.text)
    .text                                    0x08001910   Section        0  stm32f10x_usart.o(.text)
    .text                                    0x08001c38   Section        0  system_stm32f10x.o(.text)
    SetSysClockTo72                          0x08001c39   Thumb Code   160  system_stm32f10x.o(.text)
    .text                                    0x08001d90   Section       36  startup_stm32f10x_hd.o(.text)
    .text                                    0x08001db4   Section        0  at_cmd.o(.text)
    .text                                    0x08001eb4   Section        0  m26.o(.text)
    read_IPpra                               0x0800203d   Thumb Code    64  m26.o(.text)
    _gsm_connect_server                      0x08002117   Thumb Code   116  m26.o(.text)
    .text                                    0x080022a4   Section        0  memcpya.o(.text)
    .text                                    0x080022c8   Section        0  memseta.o(.text)
    .text                                    0x080022ec   Section        0  strlen.o(.text)
    .text                                    0x080022fa   Section        0  memcmp.o(.text)
    .text                                    0x08002314   Section        0  strncmp.o(.text)
    .text                                    0x08002332   Section        0  uidiv.o(.text)
    .text                                    0x08002360   Section       36  init.o(.text)
    i.AES128_encrypt                         0x08002384   Section        0  crypto.o(i.AES128_encrypt)
    i.AES128_keyschedule_dec                 0x08002694   Section        0  crypto.o(i.AES128_keyschedule_dec)
    i.AES128_keyschedule_enc                 0x080027c4   Section        0  crypto.o(i.AES128_keyschedule_enc)
    i.AES192_encrypt                         0x08002838   Section        0  crypto.o(i.AES192_encrypt)
    i.AES192_keyschedule_dec                 0x08002b48   Section        0  crypto.o(i.AES192_keyschedule_dec)
    i.AES192_keyschedule_enc                 0x08002c60   Section        0  crypto.o(i.AES192_keyschedule_enc)
    i.AES256_encrypt                         0x08002cf8   Section        0  crypto.o(i.AES256_encrypt)
    i.AES256_keyschedule_dec                 0x08002ff8   Section        0  crypto.o(i.AES256_keyschedule_dec)
    i.AES256_keyschedule_enc                 0x08003110   Section        0  crypto.o(i.AES256_keyschedule_enc)
    i.AES_CTR_Decrypt_Append                 0x080031ec   Section        0  crypto.o(i.AES_CTR_Decrypt_Append)
    i.AES_CTR_Decrypt_Finish                 0x080031fc   Section        0  crypto.o(i.AES_CTR_Decrypt_Finish)
    i.AES_CTR_Decrypt_Init                   0x08003216   Section        0  crypto.o(i.AES_CTR_Decrypt_Init)
    i.AES_CTR_Encrypt_Append                 0x0800321c   Section        0  crypto.o(i.AES_CTR_Encrypt_Append)
    i.AES_CTR_Encrypt_Finish                 0x080034d8   Section        0  crypto.o(i.AES_CTR_Encrypt_Finish)
    i.AES_CTR_Encrypt_Init                   0x080034f2   Section        0  crypto.o(i.AES_CTR_Encrypt_Init)
    i.AESstdInit                             0x080034f8   Section        0  crypto.o(i.AESstdInit)
    AESstdInit                               0x080034f9   Thumb Code   420  crypto.o(i.AESstdInit)
    i.Crypto_DeInit                          0x0800369c   Section        0  crypto.o(i.Crypto_DeInit)
    i.__0sprintf$1                           0x080036a4   Section        0  printf1.o(i.__0sprintf$1)
    i.__scatterload_copy                     0x080036cc   Section       14  handlers.o(i.__scatterload_copy)
    i.__scatterload_null                     0x080036da   Section        2  handlers.o(i.__scatterload_null)
    i.__scatterload_zeroinit                 0x080036dc   Section       14  handlers.o(i.__scatterload_zeroinit)
    i._printf_core                           0x080036ec   Section        0  printf1.o(i._printf_core)
    _printf_core                             0x080036ed   Thumb Code   336  printf1.o(i._printf_core)
    i._sputc                                 0x08003840   Section        0  printf1.o(i._sputc)
    _sputc                                   0x08003841   Thumb Code    10  printf1.o(i._sputc)
    .constdata                               0x0800384a   Section       40  uart4.o(.constdata)
    .constdata                               0x08003872   Section      512  private.o(.constdata)
    .constdata                               0x08003a74   Section       36  m26.o(.constdata)
    .constdata                               0x08003a98   Section     6040  crypto.o(.constdata)
    table_reduction8                         0x080044c0   Data         512  crypto.o(.constdata)
    table_reduction4                         0x080046c0   Data          32  crypto.o(.constdata)
    pad                                      0x08005050   Data          64  crypto.o(.constdata)
    .data                                    0x20000000   Section       42  main.o(.data)
    .data                                    0x2000002c   Section        4  bsp_systick.o(.data)
    TimingDelay                              0x2000002c   Data           4  bsp_systick.o(.data)
    .data                                    0x20000030   Section        8  uart4.o(.data)
    .data                                    0x20000038   Section        8  uart1.o(.data)
    .data                                    0x20000040   Section       16  crypto.o(.data)
    .data                                    0x20000050   Section       16  crypto.o(.data)
    .data                                    0x20000060   Section        4  crypto.o(.data)
    .data                                    0x20000064   Section       20  stm32f10x_rcc.o(.data)
    ADCPrescTable                            0x20000064   Data           4  stm32f10x_rcc.o(.data)
    APBAHBPrescTable                         0x20000068   Data          16  stm32f10x_rcc.o(.data)
    .data                                    0x20000078   Section       20  system_stm32f10x.o(.data)
    .bss                                     0x2000008c   Section      108  main.o(.bss)
    .bss                                     0x200000f8   Section     2048  uart4.o(.bss)
    .bss                                     0x200008f8   Section     2048  uart1.o(.bss)
    .bss                                     0x200010f8   Section     1524  crypto.o(.bss)
    STACK                                    0x200016f0   Section     1024  startup_stm32f10x_hd.o(STACK)

    Global Symbols

    Symbol Name                              Value     Ov Type        Size  Object(Section)

    BuildAttributes$$THM_ISAv4$P$D$K$B$S$PE$A:L22UL41UL21$X:L11$S22US41US21$IEEE1$IW$USESV6$~STKCKD$USESV7$~SHL$OTIME$ROPI$EBA8$MICROLIB$REQ8$PRES8$EABIv2 0x00000000   Number         0  anon$$obj.o ABSOLUTE
    __ARM_use_no_argv                        0x00000000   Number         0  main.o ABSOLUTE
    _printf_a                                0x00000000   Number         0  stubs.o ABSOLUTE
    _printf_c                                0x00000000   Number         0  stubs.o ABSOLUTE
    _printf_charcount                        0x00000000   Number         0  stubs.o ABSOLUTE
    _printf_d                                0x00000000   Number         0  stubs.o ABSOLUTE
    _printf_e                                0x00000000   Number         0  stubs.o ABSOLUTE
    _printf_f                                0x00000000   Number         0  stubs.o ABSOLUTE
    _printf_flags                            0x00000000   Number         0  stubs.o ABSOLUTE
    _printf_fp_dec                           0x00000000   Number         0  stubs.o ABSOLUTE
    _printf_fp_hex                           0x00000000   Number         0  stubs.o ABSOLUTE
    _printf_g                                0x00000000   Number         0  stubs.o ABSOLUTE
    _printf_i                                0x00000000   Number         0  stubs.o ABSOLUTE
    _printf_int_dec                          0x00000000   Number         0  stubs.o ABSOLUTE
    _printf_l                                0x00000000   Number         0  stubs.o ABSOLUTE
    _printf_lc                               0x00000000   Number         0  stubs.o ABSOLUTE
    _printf_ll                               0x00000000   Number         0  stubs.o ABSOLUTE
    _printf_lld                              0x00000000   Number         0  stubs.o ABSOLUTE
    _printf_lli                              0x00000000   Number         0  stubs.o ABSOLUTE
    _printf_llo                              0x00000000   Number         0  stubs.o ABSOLUTE
    _printf_llu                              0x00000000   Number         0  stubs.o ABSOLUTE
    _printf_llx                              0x00000000   Number         0  stubs.o ABSOLUTE
    _printf_longlong_dec                     0x00000000   Number         0  stubs.o ABSOLUTE
    _printf_longlong_hex                     0x00000000   Number         0  stubs.o ABSOLUTE
    _printf_longlong_oct                     0x00000000   Number         0  stubs.o ABSOLUTE
    _printf_ls                               0x00000000   Number         0  stubs.o ABSOLUTE
    _printf_mbtowc                           0x00000000   Number         0  stubs.o ABSOLUTE
    _printf_n                                0x00000000   Number         0  stubs.o ABSOLUTE
    _printf_o                                0x00000000   Number         0  stubs.o ABSOLUTE
    _printf_p                                0x00000000   Number         0  stubs.o ABSOLUTE
    _printf_percent                          0x00000000   Number         0  stubs.o ABSOLUTE
    _printf_pre_padding                      0x00000000   Number         0  stubs.o ABSOLUTE
    _printf_return_value                     0x00000000   Number         0  stubs.o ABSOLUTE
    _printf_s                                0x00000000   Number         0  stubs.o ABSOLUTE
    _printf_sizespec                         0x00000000   Number         0  stubs.o ABSOLUTE
    _printf_str                              0x00000000   Number         0  stubs.o ABSOLUTE
    _printf_truncate_signed                  0x00000000   Number         0  stubs.o ABSOLUTE
    _printf_truncate_unsigned                0x00000000   Number         0  stubs.o ABSOLUTE
    _printf_u                                0x00000000   Number         0  stubs.o ABSOLUTE
    _printf_wc                               0x00000000   Number         0  stubs.o ABSOLUTE
    _printf_wctomb                           0x00000000   Number         0  stubs.o ABSOLUTE
    _printf_widthprec                        0x00000000   Number         0  stubs.o ABSOLUTE
    _printf_x                                0x00000000   Number         0  stubs.o ABSOLUTE
    __cpp_initialize__aeabi_                  - Undefined Weak Reference
    __cxa_finalize                            - Undefined Weak Reference
    __decompress                              - Undefined Weak Reference
    _clock_init                               - Undefined Weak Reference
    _microlib_exit                            - Undefined Weak Reference
    __Vectors_Size                           0x00000130   Number         0  startup_stm32f10x_hd.o ABSOLUTE
    __Vectors                                0x08000000   Data           4  startup_stm32f10x_hd.o(RESET)
    __Vectors_End                            0x08000130   Data           0  startup_stm32f10x_hd.o(RESET)
    __main                                   0x08000131   Thumb Code     0  entry.o(.ARM.Collect$$$$00000000)
    _main_stk                                0x08000131   Thumb Code     0  entry2.o(.ARM.Collect$$$$00000001)
    _main_scatterload                        0x08000135   Thumb Code     0  entry5.o(.ARM.Collect$$$$00000004)
    __main_after_scatterload                 0x08000139   Thumb Code     0  entry5.o(.ARM.Collect$$$$00000004)
    _main_clock                              0x08000139   Thumb Code     0  entry7b.o(.ARM.Collect$$$$00000008)
    _main_cpp_init                           0x08000139   Thumb Code     0  entry8b.o(.ARM.Collect$$$$0000000A)
    _main_init                               0x08000139   Thumb Code     0  entry9a.o(.ARM.Collect$$$$0000000B)
    __rt_final_cpp                           0x08000141   Thumb Code     0  entry10a.o(.ARM.Collect$$$$0000000D)
    __rt_final_exit                          0x08000141   Thumb Code     0  entry11a.o(.ARM.Collect$$$$0000000F)
    __get_PSP                                0x08000145   Thumb Code     6  core_cm3.o(.emb_text)
    __set_PSP                                0x0800014b   Thumb Code     6  core_cm3.o(.emb_text)
    __get_MSP                                0x08000151   Thumb Code     6  core_cm3.o(.emb_text)
    __set_MSP                                0x08000157   Thumb Code     6  core_cm3.o(.emb_text)
    __REV16                                  0x0800015d   Thumb Code     4  core_cm3.o(.emb_text)
    __REVSH                                  0x08000161   Thumb Code     4  core_cm3.o(.emb_text)
    clock_init                               0x08000165   Thumb Code    32  main.o(.text)
    delay                                    0x080001c3   Thumb Code    40  main.o(.text)
    delay_u1                                 0x080001eb   Thumb Code    38  main.o(.text)
    sa_dat_process                           0x08000211   Thumb Code    30  main.o(.text)
    __info                                   0x0800022f   Thumb Code    82  main.o(.text)
    slave_update                             0x08000281   Thumb Code   182  main.o(.text)
    _check_server                            0x08000337   Thumb Code    52  main.o(.text)
    check_server                             0x0800036b   Thumb Code    32  main.o(.text)
    update_app                               0x0800038b   Thumb Code   194  main.o(.text)
    main                                     0x0800044d   Thumb Code   628  main.o(.text)
    NMI_Handler                              0x08000731   Thumb Code     2  stm32f10x_it.o(.text)
    HardFault_Handler                        0x08000733   Thumb Code     2  stm32f10x_it.o(.text)
    MemManage_Handler                        0x08000735   Thumb Code     2  stm32f10x_it.o(.text)
    BusFault_Handler                         0x08000737   Thumb Code     2  stm32f10x_it.o(.text)
    UsageFault_Handler                       0x08000739   Thumb Code     2  stm32f10x_it.o(.text)
    SVC_Handler                              0x0800073b   Thumb Code     2  stm32f10x_it.o(.text)
    DebugMon_Handler                         0x0800073d   Thumb Code     2  stm32f10x_it.o(.text)
    PendSV_Handler                           0x0800073f   Thumb Code     2  stm32f10x_it.o(.text)
    SysTick_Handler                          0x08000741   Thumb Code     4  stm32f10x_it.o(.text)
    led_Init                                 0x08000745   Thumb Code    30  bsp_led.o(.text)
    RST_Init                                 0x08000763   Thumb Code    40  bsp_led.o(.text)
    GSM_RST                                  0x0800078b   Thumb Code    30  bsp_led.o(.text)
    SysTick_Init                             0x080007b5   Thumb Code    56  bsp_systick.o(.text)
    Delay_us                                 0x080007ed   Thumb Code    28  bsp_systick.o(.text)
    TimingDelay_Decrement                    0x08000809   Thumb Code    16  bsp_systick.o(.text)
    Uart4_Init                               0x08000829   Thumb Code   142  uart4.o(.text)
    GSM_USART_INIT                           0x080008b7   Thumb Code     2  uart4.o(.text)
    UART4_SEND_CHAR                          0x080008b9   Thumb Code    26  uart4.o(.text)
    wifi_send                                0x080008d3   Thumb Code    22  uart4.o(.text)
    before_send_uart4                        0x080008e9   Thumb Code    20  uart4.o(.text)
    UART4_IRQHandler                         0x080008fd   Thumb Code   198  uart4.o(.text)
    flash_read_halfword                      0x08000a0d   Thumb Code     4  flash.o(.text)
    flash_read_char                          0x08000a11   Thumb Code     4  flash.o(.text)
    flash_write                              0x08000a15   Thumb Code    46  flash.o(.text)
    writeFlash                               0x08000a43   Thumb Code    40  flash.o(.text)
    flash_check                              0x08000a6b   Thumb Code    28  flash.o(.text)
    Flash_Init                               0x08000a87   Thumb Code    16  flash.o(.text)
    write_flage                              0x08000a97   Thumb Code    56  flash.o(.text)
    crc_table                                0x08000ad1   Thumb Code    48  private.o(.text)
    addcrc                                   0x08000b01   Thumb Code    30  private.o(.text)
    checkcrc                                 0x08000b1f   Thumb Code    50  private.o(.text)
    trans_7c_set                             0x08000b51   Thumb Code   106  private.o(.text)
    trans_7c_clr                             0x08000bbb   Thumb Code    90  private.o(.text)
    addAES                                   0x08000c15   Thumb Code    42  private.o(.text)
    deAES                                    0x08000c3f   Thumb Code    42  private.o(.text)
    receiveDataPakageProcess                 0x08000c69   Thumb Code    40  private.o(.text)
    usart1_conf                              0x08000ca5   Thumb Code   152  uart1.o(.text)
    USART1_IRQHandler                        0x08000d3d   Thumb Code    86  uart1.o(.text)
    MASTER_SEND                              0x08000d93   Thumb Code    38  uart1.o(.text)
    before_send_sa                           0x08000db9   Thumb Code    24  uart1.o(.text)
    STM32_AES_CTR_Encrypt                    0x08000de1   Thumb Code   100  crypto.o(.text)
    STM32_AES_CTR_Decrypt                    0x08000e45   Thumb Code    96  crypto.o(.text)
    Buffercmp                                0x08000ea5   Thumb Code    30  crypto.o(.text)
    NVIC_PriorityGroupConfig                 0x08000ec5   Thumb Code    10  misc.o(.text)
    NVIC_Init                                0x08000ecf   Thumb Code    94  misc.o(.text)
    NVIC_SetVectorTable                      0x08000f2d   Thumb Code    14  misc.o(.text)
    NVIC_SystemLPConfig                      0x08000f3b   Thumb Code    20  misc.o(.text)
    SysTick_CLKSourceConfig                  0x08000f4f   Thumb Code    24  misc.o(.text)
    FLASH_SetLatency                         0x08000f75   Thumb Code    14  stm32f10x_flash.o(.text)
    FLASH_HalfCycleAccessCmd                 0x08000f83   Thumb Code    18  stm32f10x_flash.o(.text)
    FLASH_PrefetchBufferCmd                  0x08000f95   Thumb Code    18  stm32f10x_flash.o(.text)
    FLASH_Unlock                             0x08000fa7   Thumb Code    12  stm32f10x_flash.o(.text)
    FLASH_UnlockBank1                        0x08000fb3   Thumb Code    12  stm32f10x_flash.o(.text)
    FLASH_Lock                               0x08000fbf   Thumb Code    12  stm32f10x_flash.o(.text)
    FLASH_LockBank1                          0x08000fcb   Thumb Code    12  stm32f10x_flash.o(.text)
    FLASH_GetBank1Status                     0x08000fd7   Thumb Code    34  stm32f10x_flash.o(.text)
    FLASH_WaitForLastOperation               0x08000ff9   Thumb Code    34  stm32f10x_flash.o(.text)
    FLASH_ErasePage                          0x0800101b   Thumb Code    56  stm32f10x_flash.o(.text)
    FLASH_EraseAllPages                      0x08001053   Thumb Code    52  stm32f10x_flash.o(.text)
    FLASH_WaitForLastBank1Operation          0x08001087   Thumb Code    34  stm32f10x_flash.o(.text)
    FLASH_EraseAllBank1Pages                 0x080010a9   Thumb Code    52  stm32f10x_flash.o(.text)
    FLASH_GetReadOutProtectionStatus         0x080010dd   Thumb Code    14  stm32f10x_flash.o(.text)
    FLASH_EraseOptionBytes                   0x080010eb   Thumb Code   108  stm32f10x_flash.o(.text)
    FLASH_ProgramWord                        0x08001157   Thumb Code    72  stm32f10x_flash.o(.text)
    FLASH_ProgramHalfWord                    0x0800119f   Thumb Code    48  stm32f10x_flash.o(.text)
    FLASH_ProgramOptionByteData              0x080011cf   Thumb Code    62  stm32f10x_flash.o(.text)
    FLASH_EnableWriteProtection              0x0800120d   Thumb Code   158  stm32f10x_flash.o(.text)
    FLASH_ReadOutProtection                  0x080012ab   Thumb Code   118  stm32f10x_flash.o(.text)
    FLASH_UserOptionByteConfig               0x08001321   Thumb Code    92  stm32f10x_flash.o(.text)
    FLASH_GetUserOptionByte                  0x0800137d   Thumb Code     8  stm32f10x_flash.o(.text)
    FLASH_GetWriteProtectionOptionByte       0x08001385   Thumb Code     6  stm32f10x_flash.o(.text)
    FLASH_GetPrefetchBufferStatus            0x0800138b   Thumb Code    14  stm32f10x_flash.o(.text)
    FLASH_ITConfig                           0x08001399   Thumb Code    18  stm32f10x_flash.o(.text)
    FLASH_GetFlagStatus                      0x080013ab   Thumb Code    28  stm32f10x_flash.o(.text)
    FLASH_ClearFlag                          0x080013c7   Thumb Code     6  stm32f10x_flash.o(.text)
    FLASH_GetStatus                          0x080013cd   Thumb Code    34  stm32f10x_flash.o(.text)
    GPIO_DeInit                              0x080013f5   Thumb Code   152  stm32f10x_gpio.o(.text)
    GPIO_AFIODeInit                          0x0800148d   Thumb Code    22  stm32f10x_gpio.o(.text)
    GPIO_Init                                0x080014a3   Thumb Code   156  stm32f10x_gpio.o(.text)
    GPIO_StructInit                          0x0800153f   Thumb Code    16  stm32f10x_gpio.o(.text)
    GPIO_ReadInputDataBit                    0x0800154f   Thumb Code    14  stm32f10x_gpio.o(.text)
    GPIO_ReadInputData                       0x0800155d   Thumb Code     6  stm32f10x_gpio.o(.text)
    GPIO_ReadOutputDataBit                   0x08001563   Thumb Code    14  stm32f10x_gpio.o(.text)
    GPIO_ReadOutputData                      0x08001571   Thumb Code     6  stm32f10x_gpio.o(.text)
    GPIO_SetBits                             0x08001577   Thumb Code     4  stm32f10x_gpio.o(.text)
    GPIO_ResetBits                           0x0800157b   Thumb Code     4  stm32f10x_gpio.o(.text)
    GPIO_WriteBit                            0x0800157f   Thumb Code    10  stm32f10x_gpio.o(.text)
    GPIO_Write                               0x08001589   Thumb Code     4  stm32f10x_gpio.o(.text)
    GPIO_PinLockConfig                       0x0800158d   Thumb Code    16  stm32f10x_gpio.o(.text)
    GPIO_EventOutputConfig                   0x0800159d   Thumb Code    22  stm32f10x_gpio.o(.text)
    GPIO_EventOutputCmd                      0x080015b3   Thumb Code     6  stm32f10x_gpio.o(.text)
    GPIO_PinRemapConfig                      0x080015b9   Thumb Code    82  stm32f10x_gpio.o(.text)
    GPIO_EXTILineConfig                      0x0800160b   Thumb Code    34  stm32f10x_gpio.o(.text)
    GPIO_ETH_MediaInterfaceConfig            0x0800162d   Thumb Code     8  stm32f10x_gpio.o(.text)
    RCC_DeInit                               0x08001659   Thumb Code    50  stm32f10x_rcc.o(.text)
    RCC_HSEConfig                            0x0800168b   Thumb Code    48  stm32f10x_rcc.o(.text)
    RCC_GetFlagStatus                        0x080016bb   Thumb Code    42  stm32f10x_rcc.o(.text)
    RCC_WaitForHSEStartUp                    0x080016e5   Thumb Code    44  stm32f10x_rcc.o(.text)
    RCC_AdjustHSICalibrationValue            0x08001711   Thumb Code    16  stm32f10x_rcc.o(.text)
    RCC_HSICmd                               0x08001721   Thumb Code     6  stm32f10x_rcc.o(.text)
    RCC_PLLConfig                            0x08001727   Thumb Code    16  stm32f10x_rcc.o(.text)
    RCC_PLLCmd                               0x08001737   Thumb Code     6  stm32f10x_rcc.o(.text)
    RCC_SYSCLKConfig                         0x0800173d   Thumb Code    14  stm32f10x_rcc.o(.text)
    RCC_GetSYSCLKSource                      0x0800174b   Thumb Code    10  stm32f10x_rcc.o(.text)
    RCC_HCLKConfig                           0x08001755   Thumb Code    14  stm32f10x_rcc.o(.text)
    RCC_PCLK1Config                          0x08001763   Thumb Code    14  stm32f10x_rcc.o(.text)
    RCC_PCLK2Config                          0x08001771   Thumb Code    16  stm32f10x_rcc.o(.text)
    RCC_ITConfig                             0x08001781   Thumb Code    18  stm32f10x_rcc.o(.text)
    RCC_USBCLKConfig                         0x08001793   Thumb Code     8  stm32f10x_rcc.o(.text)
    RCC_ADCCLKConfig                         0x0800179b   Thumb Code    14  stm32f10x_rcc.o(.text)
    RCC_LSEConfig                            0x080017a9   Thumb Code    28  stm32f10x_rcc.o(.text)
    RCC_LSICmd                               0x080017c5   Thumb Code     6  stm32f10x_rcc.o(.text)
    RCC_RTCCLKConfig                         0x080017cb   Thumb Code    10  stm32f10x_rcc.o(.text)
    RCC_RTCCLKCmd                            0x080017d5   Thumb Code     8  stm32f10x_rcc.o(.text)
    RCC_GetClocksFreq                        0x080017dd   Thumb Code   132  stm32f10x_rcc.o(.text)
    RCC_AHBPeriphClockCmd                    0x08001861   Thumb Code    18  stm32f10x_rcc.o(.text)
    RCC_APB2PeriphClockCmd                   0x08001873   Thumb Code    18  stm32f10x_rcc.o(.text)
    RCC_APB1PeriphClockCmd                   0x08001885   Thumb Code    18  stm32f10x_rcc.o(.text)
    RCC_APB2PeriphResetCmd                   0x08001897   Thumb Code    18  stm32f10x_rcc.o(.text)
    RCC_APB1PeriphResetCmd                   0x080018a9   Thumb Code    18  stm32f10x_rcc.o(.text)
    RCC_BackupResetCmd                       0x080018bb   Thumb Code     8  stm32f10x_rcc.o(.text)
    RCC_ClockSecuritySystemCmd               0x080018c3   Thumb Code     6  stm32f10x_rcc.o(.text)
    RCC_MCOConfig                            0x080018c9   Thumb Code     6  stm32f10x_rcc.o(.text)
    RCC_ClearFlag                            0x080018cf   Thumb Code    12  stm32f10x_rcc.o(.text)
    RCC_GetITStatus                          0x080018db   Thumb Code    16  stm32f10x_rcc.o(.text)
    RCC_ClearITPendingBit                    0x080018eb   Thumb Code     6  stm32f10x_rcc.o(.text)
    USART_DeInit                             0x08001911   Thumb Code    96  stm32f10x_usart.o(.text)
    USART_Init                               0x08001971   Thumb Code   166  stm32f10x_usart.o(.text)
    USART_StructInit                         0x08001a17   Thumb Code    22  stm32f10x_usart.o(.text)
    USART_ClockInit                          0x08001a2d   Thumb Code    30  stm32f10x_usart.o(.text)
    USART_ClockStructInit                    0x08001a4b   Thumb Code    12  stm32f10x_usart.o(.text)
    USART_Cmd                                0x08001a57   Thumb Code    20  stm32f10x_usart.o(.text)
    USART_ITConfig                           0x08001a6b   Thumb Code    48  stm32f10x_usart.o(.text)
    USART_DMACmd                             0x08001a9b   Thumb Code    16  stm32f10x_usart.o(.text)
    USART_SetAddress                         0x08001aab   Thumb Code    16  stm32f10x_usart.o(.text)
    USART_WakeUpConfig                       0x08001abb   Thumb Code    16  stm32f10x_usart.o(.text)
    USART_ReceiverWakeUpCmd                  0x08001acb   Thumb Code    20  stm32f10x_usart.o(.text)
    USART_LINBreakDetectLengthConfig         0x08001adf   Thumb Code    16  stm32f10x_usart.o(.text)
    USART_LINCmd                             0x08001aef   Thumb Code    20  stm32f10x_usart.o(.text)
    USART_SendData                           0x08001b03   Thumb Code     8  stm32f10x_usart.o(.text)
    USART_ReceiveData                        0x08001b0b   Thumb Code     8  stm32f10x_usart.o(.text)
    USART_SendBreak                          0x08001b13   Thumb Code    10  stm32f10x_usart.o(.text)
    USART_SetGuardTime                       0x08001b1d   Thumb Code    16  stm32f10x_usart.o(.text)
    USART_SetPrescaler                       0x08001b2d   Thumb Code    16  stm32f10x_usart.o(.text)
    USART_SmartCardCmd                       0x08001b3d   Thumb Code    20  stm32f10x_usart.o(.text)
    USART_SmartCardNACKCmd                   0x08001b51   Thumb Code    20  stm32f10x_usart.o(.text)
    USART_HalfDuplexCmd                      0x08001b65   Thumb Code    20  stm32f10x_usart.o(.text)
    USART_OverSampling8Cmd                   0x08001b79   Thumb Code    20  stm32f10x_usart.o(.text)
    USART_OneBitMethodCmd                    0x08001b8d   Thumb Code    20  stm32f10x_usart.o(.text)
    USART_IrDAConfig                         0x08001ba1   Thumb Code    16  stm32f10x_usart.o(.text)
    USART_IrDACmd                            0x08001bb1   Thumb Code    20  stm32f10x_usart.o(.text)
    USART_GetFlagStatus                      0x08001bc5   Thumb Code    14  stm32f10x_usart.o(.text)
    USART_ClearFlag                          0x08001bd3   Thumb Code     6  stm32f10x_usart.o(.text)
    USART_GetITStatus                        0x08001bd9   Thumb Code    62  stm32f10x_usart.o(.text)
    USART_ClearITPendingBit                  0x08001c17   Thumb Code    12  stm32f10x_usart.o(.text)
    SystemInit                               0x08001cd9   Thumb Code    64  system_stm32f10x.o(.text)
    SystemCoreClockUpdate                    0x08001d19   Thumb Code    86  system_stm32f10x.o(.text)
    Reset_Handler                            0x08001d91   Thumb Code     8  startup_stm32f10x_hd.o(.text)
    ADC1_2_IRQHandler                        0x08001dab   Thumb Code     0  startup_stm32f10x_hd.o(.text)
    ADC3_IRQHandler                          0x08001dab   Thumb Code     0  startup_stm32f10x_hd.o(.text)
    CAN1_RX1_IRQHandler                      0x08001dab   Thumb Code     0  startup_stm32f10x_hd.o(.text)
    CAN1_SCE_IRQHandler                      0x08001dab   Thumb Code     0  startup_stm32f10x_hd.o(.text)
    DMA1_Channel1_IRQHandler                 0x08001dab   Thumb Code     0  startup_stm32f10x_hd.o(.text)
    DMA1_Channel2_IRQHandler                 0x08001dab   Thumb Code     0  startup_stm32f10x_hd.o(.text)
    DMA1_Channel3_IRQHandler                 0x08001dab   Thumb Code     0  startup_stm32f10x_hd.o(.text)
    DMA1_Channel4_IRQHandler                 0x08001dab   Thumb Code     0  startup_stm32f10x_hd.o(.text)
    DMA1_Channel5_IRQHandler                 0x08001dab   Thumb Code     0  startup_stm32f10x_hd.o(.text)
    DMA1_Channel6_IRQHandler                 0x08001dab   Thumb Code     0  startup_stm32f10x_hd.o(.text)
    DMA1_Channel7_IRQHandler                 0x08001dab   Thumb Code     0  startup_stm32f10x_hd.o(.text)
    DMA2_Channel1_IRQHandler                 0x08001dab   Thumb Code     0  startup_stm32f10x_hd.o(.text)
    DMA2_Channel2_IRQHandler                 0x08001dab   Thumb Code     0  startup_stm32f10x_hd.o(.text)
    DMA2_Channel3_IRQHandler                 0x08001dab   Thumb Code     0  startup_stm32f10x_hd.o(.text)
    DMA2_Channel4_5_IRQHandler               0x08001dab   Thumb Code     0  startup_stm32f10x_hd.o(.text)
    EXTI0_IRQHandler                         0x08001dab   Thumb Code     0  startup_stm32f10x_hd.o(.text)
    EXTI15_10_IRQHandler                     0x08001dab   Thumb Code     0  startup_stm32f10x_hd.o(.text)
    EXTI1_IRQHandler                         0x08001dab   Thumb Code     0  startup_stm32f10x_hd.o(.text)
    EXTI2_IRQHandler                         0x08001dab   Thumb Code     0  startup_stm32f10x_hd.o(.text)
    EXTI3_IRQHandler                         0x08001dab   Thumb Code     0  startup_stm32f10x_hd.o(.text)
    EXTI4_IRQHandler                         0x08001dab   Thumb Code     0  startup_stm32f10x_hd.o(.text)
    EXTI9_5_IRQHandler                       0x08001dab   Thumb Code     0  startup_stm32f10x_hd.o(.text)
    FLASH_IRQHandler                         0x08001dab   Thumb Code     0  startup_stm32f10x_hd.o(.text)
    FSMC_IRQHandler                          0x08001dab   Thumb Code     0  startup_stm32f10x_hd.o(.text)
    I2C1_ER_IRQHandler                       0x08001dab   Thumb Code     0  startup_stm32f10x_hd.o(.text)
    I2C1_EV_IRQHandler                       0x08001dab   Thumb Code     0  startup_stm32f10x_hd.o(.text)
    I2C2_ER_IRQHandler                       0x08001dab   Thumb Code     0  startup_stm32f10x_hd.o(.text)
    I2C2_EV_IRQHandler                       0x08001dab   Thumb Code     0  startup_stm32f10x_hd.o(.text)
    PVD_IRQHandler                           0x08001dab   Thumb Code     0  startup_stm32f10x_hd.o(.text)
    RCC_IRQHandler                           0x08001dab   Thumb Code     0  startup_stm32f10x_hd.o(.text)
    RTCAlarm_IRQHandler                      0x08001dab   Thumb Code     0  startup_stm32f10x_hd.o(.text)
    RTC_IRQHandler                           0x08001dab   Thumb Code     0  startup_stm32f10x_hd.o(.text)
    SDIO_IRQHandler                          0x08001dab   Thumb Code     0  startup_stm32f10x_hd.o(.text)
    SPI1_IRQHandler                          0x08001dab   Thumb Code     0  startup_stm32f10x_hd.o(.text)
    SPI2_IRQHandler                          0x08001dab   Thumb Code     0  startup_stm32f10x_hd.o(.text)
    SPI3_IRQHandler                          0x08001dab   Thumb Code     0  startup_stm32f10x_hd.o(.text)
    TAMPER_IRQHandler                        0x08001dab   Thumb Code     0  startup_stm32f10x_hd.o(.text)
    TIM1_BRK_IRQHandler                      0x08001dab   Thumb Code     0  startup_stm32f10x_hd.o(.text)
    TIM1_CC_IRQHandler                       0x08001dab   Thumb Code     0  startup_stm32f10x_hd.o(.text)
    TIM1_TRG_COM_IRQHandler                  0x08001dab   Thumb Code     0  startup_stm32f10x_hd.o(.text)
    TIM1_UP_IRQHandler                       0x08001dab   Thumb Code     0  startup_stm32f10x_hd.o(.text)
    TIM2_IRQHandler                          0x08001dab   Thumb Code     0  startup_stm32f10x_hd.o(.text)
    TIM3_IRQHandler                          0x08001dab   Thumb Code     0  startup_stm32f10x_hd.o(.text)
    TIM4_IRQHandler                          0x08001dab   Thumb Code     0  startup_stm32f10x_hd.o(.text)
    TIM5_IRQHandler                          0x08001dab   Thumb Code     0  startup_stm32f10x_hd.o(.text)
    TIM6_IRQHandler                          0x08001dab   Thumb Code     0  startup_stm32f10x_hd.o(.text)
    TIM7_IRQHandler                          0x08001dab   Thumb Code     0  startup_stm32f10x_hd.o(.text)
    TIM8_BRK_IRQHandler                      0x08001dab   Thumb Code     0  startup_stm32f10x_hd.o(.text)
    TIM8_CC_IRQHandler                       0x08001dab   Thumb Code     0  startup_stm32f10x_hd.o(.text)
    TIM8_TRG_COM_IRQHandler                  0x08001dab   Thumb Code     0  startup_stm32f10x_hd.o(.text)
    TIM8_UP_IRQHandler                       0x08001dab   Thumb Code     0  startup_stm32f10x_hd.o(.text)
    UART5_IRQHandler                         0x08001dab   Thumb Code     0  startup_stm32f10x_hd.o(.text)
    USART2_IRQHandler                        0x08001dab   Thumb Code     0  startup_stm32f10x_hd.o(.text)
    USART3_IRQHandler                        0x08001dab   Thumb Code     0  startup_stm32f10x_hd.o(.text)
    USBWakeUp_IRQHandler                     0x08001dab   Thumb Code     0  startup_stm32f10x_hd.o(.text)
    USB_HP_CAN1_TX_IRQHandler                0x08001dab   Thumb Code     0  startup_stm32f10x_hd.o(.text)
    USB_LP_CAN1_RX0_IRQHandler               0x08001dab   Thumb Code     0  startup_stm32f10x_hd.o(.text)
    WWDG_IRQHandler                          0x08001dab   Thumb Code     0  startup_stm32f10x_hd.o(.text)
    ATCommand                                0x08001db5   Thumb Code    20  at_cmd.o(.text)
    get_len                                  0x08001dc9   Thumb Code    22  at_cmd.o(.text)
    ATcheckreply                             0x08001ddf   Thumb Code   112  at_cmd.o(.text)
    rec_send_none                            0x08001e4f   Thumb Code    82  at_cmd.o(.text)
    gsm_checkbandrate                        0x08001eb5   Thumb Code    86  m26.o(.text)
    gsm_save_rate                            0x08001f0b   Thumb Code    40  m26.o(.text)
    gsm_isregister                           0x08001f33   Thumb Code    36  m26.o(.text)
    gsm_signal                               0x08001f57   Thumb Code    60  m26.o(.text)
    gsm_gprs                                 0x08001f93   Thumb Code    34  m26.o(.text)
    gsm_CPIN                                 0x08001fb5   Thumb Code    34  m26.o(.text)
    gsm_setconnectmode                       0x08001fd7   Thumb Code    34  m26.o(.text)
    gsm_gprs_attach                          0x08001ff9   Thumb Code    34  m26.o(.text)
    gsm_set_sendpra                          0x0800201b   Thumb Code    34  m26.o(.text)
    gsm_connect_server                       0x0800207d   Thumb Code    20  m26.o(.text)
    GSM_Init                                 0x08002091   Thumb Code    78  m26.o(.text)
    is_gsm                                   0x080020df   Thumb Code    56  m26.o(.text)
    __aeabi_memcpy                           0x080022a5   Thumb Code    36  memcpya.o(.text)
    __aeabi_memcpy4                          0x080022a5   Thumb Code     0  memcpya.o(.text)
    __aeabi_memcpy8                          0x080022a5   Thumb Code     0  memcpya.o(.text)
    __aeabi_memset                           0x080022c9   Thumb Code    14  memseta.o(.text)
    __aeabi_memset4                          0x080022c9   Thumb Code     0  memseta.o(.text)
    __aeabi_memset8                          0x080022c9   Thumb Code     0  memseta.o(.text)
    __aeabi_memclr                           0x080022d7   Thumb Code     4  memseta.o(.text)
    __aeabi_memclr4                          0x080022d7   Thumb Code     0  memseta.o(.text)
    __aeabi_memclr8                          0x080022d7   Thumb Code     0  memseta.o(.text)
    _memset$wrapper                          0x080022db   Thumb Code    18  memseta.o(.text)
    strlen                                   0x080022ed   Thumb Code    14  strlen.o(.text)
    memcmp                                   0x080022fb   Thumb Code    26  memcmp.o(.text)
    strncmp                                  0x08002315   Thumb Code    30  strncmp.o(.text)
    __aeabi_uidiv                            0x08002333   Thumb Code     0  uidiv.o(.text)
    __aeabi_uidivmod                         0x08002333   Thumb Code    44  uidiv.o(.text)
    __scatterload                            0x08002361   Thumb Code    28  init.o(.text)
    __scatterload_rt2                        0x08002361   Thumb Code     0  init.o(.text)
    AES128_encrypt                           0x08002385   Thumb Code   770  crypto.o(i.AES128_encrypt)
    AES128_keyschedule_dec                   0x08002695   Thumb Code   298  crypto.o(i.AES128_keyschedule_dec)
    AES128_keyschedule_enc                   0x080027c5   Thumb Code   112  crypto.o(i.AES128_keyschedule_enc)
    AES192_encrypt                           0x08002839   Thumb Code   770  crypto.o(i.AES192_encrypt)
    AES192_keyschedule_dec                   0x08002b49   Thumb Code   274  crypto.o(i.AES192_keyschedule_dec)
    AES192_keyschedule_enc                   0x08002c61   Thumb Code   148  crypto.o(i.AES192_keyschedule_enc)
    AES256_encrypt                           0x08002cf9   Thumb Code   756  crypto.o(i.AES256_encrypt)
    AES256_keyschedule_dec                   0x08002ff9   Thumb Code   274  crypto.o(i.AES256_keyschedule_dec)
    AES256_keyschedule_enc                   0x08003111   Thumb Code   210  crypto.o(i.AES256_keyschedule_enc)
    AES_CTR_Decrypt_Append                   0x080031ed   Thumb Code    16  crypto.o(i.AES_CTR_Decrypt_Append)
    AES_CTR_Decrypt_Finish                   0x080031fd   Thumb Code    26  crypto.o(i.AES_CTR_Decrypt_Finish)
    AES_CTR_Decrypt_Init                     0x08003217   Thumb Code     6  crypto.o(i.AES_CTR_Decrypt_Init)
    AES_CTR_Encrypt_Append                   0x0800321d   Thumb Code   694  crypto.o(i.AES_CTR_Encrypt_Append)
    AES_CTR_Encrypt_Finish                   0x080034d9   Thumb Code    26  crypto.o(i.AES_CTR_Encrypt_Finish)
    AES_CTR_Encrypt_Init                     0x080034f3   Thumb Code     6  crypto.o(i.AES_CTR_Encrypt_Init)
    Crypto_DeInit                            0x0800369d   Thumb Code     8  crypto.o(i.Crypto_DeInit)
    __0sprintf$1                             0x080036a5   Thumb Code    34  printf1.o(i.__0sprintf$1)
    __1sprintf$1                             0x080036a5   Thumb Code     0  printf1.o(i.__0sprintf$1)
    __2sprintf                               0x080036a5   Thumb Code     0  printf1.o(i.__0sprintf$1)
    __scatterload_copy                       0x080036cd   Thumb Code    14  handlers.o(i.__scatterload_copy)
    __scatterload_null                       0x080036db   Thumb Code     2  handlers.o(i.__scatterload_null)
    __scatterload_zeroinit                   0x080036dd   Thumb Code    14  handlers.o(i.__scatterload_zeroinit)
    _info_                                   0x0800384a   Data          40  uart4.o(.constdata)
    CRC_Table                                0x08003872   Data         512  private.o(.constdata)
    Sbox                                     0x08003a98   Data         256  crypto.o(.constdata)
    InvSbox                                  0x08003b98   Data         256  crypto.o(.constdata)
    rcon                                     0x08003c98   Data          40  crypto.o(.constdata)
    enc_table                                0x08003cc0   Data        1024  crypto.o(.constdata)
    dec_table                                0x080040c0   Data        1024  crypto.o(.constdata)
    SP1                                      0x080046e0   Data         256  crypto.o(.constdata)
    SP2                                      0x080047e0   Data         256  crypto.o(.constdata)
    SP3                                      0x080048e0   Data         256  crypto.o(.constdata)
    SP4                                      0x080049e0   Data         256  crypto.o(.constdata)
    SP5                                      0x08004ae0   Data         256  crypto.o(.constdata)
    SP6                                      0x08004be0   Data         256  crypto.o(.constdata)
    SP7                                      0x08004ce0   Data         256  crypto.o(.constdata)
    SP8                                      0x08004de0   Data         256  crypto.o(.constdata)
    K256                                     0x08004ee0   Data         256  crypto.o(.constdata)
    Region$$Table$$Base                      0x08005230   Number         0  anon$$obj.o(Region$$Table)
    Region$$Table$$Limit                     0x08005250   Number         0  anon$$obj.o(Region$$Table)
    _is_back                                 0x20000000   Data           1  main.o(.data)
    Jump_To_Application                      0x20000004   Data           4  main.o(.data)
    bootloader_step                          0x20000008   Data           7  main.o(.data)
    txBuffer                                 0x2000000f   Data          27  main.o(.data)
    receive_ok                               0x20000030   Data           1  uart4.o(.data)
    isdata                                   0x20000031   Data           1  uart4.o(.data)
    bufferindex                              0x20000034   Data           4  uart4.o(.data)
    is_slave                                 0x20000038   Data           1  uart1.o(.data)
    receive_slave                            0x20000039   Data           1  uart1.o(.data)
    u1_bufferindex                           0x2000003c   Data           4  uart1.o(.data)
    Key                                      0x20000040   Data          16  crypto.o(.data)
    IV                                       0x20000050   Data          16  crypto.o(.data)
    OutputMessageLength                      0x20000060   Data           4  crypto.o(.data)
    SystemCoreClock                          0x20000078   Data           4  system_stm32f10x.o(.data)
    AHBPrescTable                            0x2000007c   Data          16  system_stm32f10x.o(.data)
    parameter_app                            0x2000008c   Data          48  main.o(.bss)
    send_data                                0x200000bc   Data          60  main.o(.bss)
    buffer                                   0x200000f8   Data        2048  uart4.o(.bss)
    u1_buffer                                0x200008f8   Data        2048  uart1.o(.bss)
    OutputMessage                            0x200010f8   Data        1524  crypto.o(.bss)
    __initial_sp                             0x20001af0   Data           0  startup_stm32f10x_hd.o(STACK)



==============================================================================

Memory Map of the image

  Image Entry point : 0x08000131

  Load Region LR_IROM1 (Base: 0x08000000, Size: 0x000052dc, Max: 0x00006000, ABSOLUTE)

    Execution Region ER_IROM1 (Base: 0x08000000, Size: 0x00005250, Max: 0x00006000, ABSOLUTE)

    Base Addr    Size         Type   Attr      Idx    E Section Name        Object

    0x08000000   0x00000130   Data   RO          752    RESET               startup_stm32f10x_hd.o
    0x08000130   0x00000000   Code   RO         1227  * .ARM.Collect$$$$00000000  mc_w.l(entry.o)
    0x08000130   0x00000004   Code   RO         1503    .ARM.Collect$$$$00000001  mc_w.l(entry2.o)
    0x08000134   0x00000004   Code   RO         1506    .ARM.Collect$$$$00000004  mc_w.l(entry5.o)
    0x08000138   0x00000000   Code   RO         1508    .ARM.Collect$$$$00000008  mc_w.l(entry7b.o)
    0x08000138   0x00000000   Code   RO         1510    .ARM.Collect$$$$0000000A  mc_w.l(entry8b.o)
    0x08000138   0x00000008   Code   RO         1511    .ARM.Collect$$$$0000000B  mc_w.l(entry9a.o)
    0x08000140   0x00000000   Code   RO         1513    .ARM.Collect$$$$0000000D  mc_w.l(entry10a.o)
    0x08000140   0x00000000   Code   RO         1515    .ARM.Collect$$$$0000000F  mc_w.l(entry11a.o)
    0x08000140   0x00000004   Code   RO         1504    .ARM.Collect$$$$00002712  mc_w.l(entry2.o)
    0x08000144   0x00000020   Code   RO          721    .emb_text           core_cm3.o
    0x08000164   0x000005cc   Code   RO            1    .text               main.o
    0x08000730   0x00000014   Code   RO          296    .text               stm32f10x_it.o
    0x08000744   0x00000070   Code   RO          315    .text               bsp_led.o
    0x080007b4   0x00000074   Code   RO          327    .text               bsp_systick.o
    0x08000828   0x000001e4   Code   RO          345    .text               uart4.o
    0x08000a0c   0x000000c2   Code   RO          369    .text               flash.o
    0x08000ace   0x00000002   PAD
    0x08000ad0   0x000001d4   Code   RO          382    .text               private.o
    0x08000ca4   0x0000013c   Code   RO          403    .text               uart1.o
    0x08000de0   0x000000e2   Code   RO          419    .text               crypto.o
    0x08000ec2   0x00000002   PAD
    0x08000ec4   0x000000b0   Code   RO          440    .text               misc.o
    0x08000f74   0x00000480   Code   RO          560    .text               stm32f10x_flash.o
    0x080013f4   0x00000264   Code   RO          585    .text               stm32f10x_gpio.o
    0x08001658   0x000002b8   Code   RO          633    .text               stm32f10x_rcc.o
    0x08001910   0x00000328   Code   RO          697    .text               stm32f10x_usart.o
    0x08001c38   0x00000158   Code   RO          732    .text               system_stm32f10x.o
    0x08001d90   0x00000024   Code   RO          753    .text               startup_stm32f10x_hd.o
    0x08001db4   0x00000100   Code   RO          757    .text               at_cmd.o
    0x08001eb4   0x000003f0   Code   RO          770    .text               m26.o
    0x080022a4   0x00000024   Code   RO         1230    .text               mc_w.l(memcpya.o)
    0x080022c8   0x00000024   Code   RO         1232    .text               mc_w.l(memseta.o)
    0x080022ec   0x0000000e   Code   RO         1234    .text               mc_w.l(strlen.o)
    0x080022fa   0x0000001a   Code   RO         1236    .text               mc_w.l(memcmp.o)
    0x08002314   0x0000001e   Code   RO         1238    .text               mc_w.l(strncmp.o)
    0x08002332   0x0000002c   Code   RO         1520    .text               mc_w.l(uidiv.o)
    0x0800235e   0x00000002   PAD
    0x08002360   0x00000024   Code   RO         1535    .text               mc_w.l(init.o)
    0x08002384   0x00000310   Code   RO          791    i.AES128_encrypt    M3_CryptoFW_2_0_6.lib(crypto.o)
    0x08002694   0x00000130   Code   RO          792    i.AES128_keyschedule_dec  M3_CryptoFW_2_0_6.lib(crypto.o)
    0x080027c4   0x00000074   Code   RO          793    i.AES128_keyschedule_enc  M3_CryptoFW_2_0_6.lib(crypto.o)
    0x08002838   0x00000310   Code   RO          795    i.AES192_encrypt    M3_CryptoFW_2_0_6.lib(crypto.o)
    0x08002b48   0x00000118   Code   RO          796    i.AES192_keyschedule_dec  M3_CryptoFW_2_0_6.lib(crypto.o)
    0x08002c60   0x00000098   Code   RO          797    i.AES192_keyschedule_enc  M3_CryptoFW_2_0_6.lib(crypto.o)
    0x08002cf8   0x00000300   Code   RO          799    i.AES256_encrypt    M3_CryptoFW_2_0_6.lib(crypto.o)
    0x08002ff8   0x00000118   Code   RO          800    i.AES256_keyschedule_dec  M3_CryptoFW_2_0_6.lib(crypto.o)
    0x08003110   0x000000dc   Code   RO          801    i.AES256_keyschedule_enc  M3_CryptoFW_2_0_6.lib(crypto.o)
    0x080031ec   0x00000010   Code   RO          821    i.AES_CTR_Decrypt_Append  M3_CryptoFW_2_0_6.lib(crypto.o)
    0x080031fc   0x0000001a   Code   RO          822    i.AES_CTR_Decrypt_Finish  M3_CryptoFW_2_0_6.lib(crypto.o)
    0x08003216   0x00000006   Code   RO          823    i.AES_CTR_Decrypt_Init  M3_CryptoFW_2_0_6.lib(crypto.o)
    0x0800321c   0x000002bc   Code   RO          824    i.AES_CTR_Encrypt_Append  M3_CryptoFW_2_0_6.lib(crypto.o)
    0x080034d8   0x0000001a   Code   RO          825    i.AES_CTR_Encrypt_Finish  M3_CryptoFW_2_0_6.lib(crypto.o)
    0x080034f2   0x00000006   Code   RO          826    i.AES_CTR_Encrypt_Init  M3_CryptoFW_2_0_6.lib(crypto.o)
    0x080034f8   0x000001a4   Code   RO          848    i.AESstdInit        M3_CryptoFW_2_0_6.lib(crypto.o)
    0x0800369c   0x00000008   Code   RO          863    i.Crypto_DeInit     M3_CryptoFW_2_0_6.lib(crypto.o)
    0x080036a4   0x00000028   Code   RO         1289    i.__0sprintf$1      mc_w.l(printf1.o)
    0x080036cc   0x0000000e   Code   RO         1549    i.__scatterload_copy  mc_w.l(handlers.o)
    0x080036da   0x00000002   Code   RO         1550    i.__scatterload_null  mc_w.l(handlers.o)
    0x080036dc   0x0000000e   Code   RO         1551    i.__scatterload_zeroinit  mc_w.l(handlers.o)
    0x080036ea   0x00000002   PAD
    0x080036ec   0x00000154   Code   RO         1294    i._printf_core      mc_w.l(printf1.o)
    0x08003840   0x0000000a   Code   RO         1296    i._sputc            mc_w.l(printf1.o)
    0x0800384a   0x00000028   Data   RO          347    .constdata          uart4.o
    0x08003872   0x00000200   Data   RO          383    .constdata          private.o
    0x08003a72   0x00000002   PAD
    0x08003a74   0x00000024   Data   RO          771    .constdata          m26.o
    0x08003a98   0x00001798   Data   RO         1007    .constdata          M3_CryptoFW_2_0_6.lib(crypto.o)
    0x08005230   0x00000020   Data   RO         1547    Region$$Table       anon$$obj.o


    Execution Region RW_IRAM1 (Base: 0x20000000, Size: 0x00001af0, Max: 0x0000c000, ABSOLUTE)

    Base Addr    Size         Type   Attr      Idx    E Section Name        Object

    0x20000000   0x0000002a   Data   RW            3    .data               main.o
    0x2000002a   0x00000002   PAD
    0x2000002c   0x00000004   Data   RW          328    .data               bsp_systick.o
    0x20000030   0x00000008   Data   RW          348    .data               uart4.o
    0x20000038   0x00000008   Data   RW          405    .data               uart1.o
    0x20000040   0x00000010   Data   RW          421    .data               crypto.o
    0x20000050   0x00000010   Data   RW          422    .data               crypto.o
    0x20000060   0x00000004   Data   RW          423    .data               crypto.o
    0x20000064   0x00000014   Data   RW          634    .data               stm32f10x_rcc.o
    0x20000078   0x00000014   Data   RW          733    .data               system_stm32f10x.o
    0x2000008c   0x0000006c   Zero   RW            2    .bss                main.o
    0x200000f8   0x00000800   Zero   RW          346    .bss                uart4.o
    0x200008f8   0x00000800   Zero   RW          404    .bss                uart1.o
    0x200010f8   0x000005f4   Zero   RW          420    .bss                crypto.o
    0x200016ec   0x00000004   PAD
    0x200016f0   0x00000400   Zero   RW          750    STACK               startup_stm32f10x_hd.o


==============================================================================

Image component sizes


      Code (inc. data)   RO Data    RW Data    ZI Data      Debug   Object Name

       256         20          0          0          0       2033   at_cmd.o
       112         12          0          0          0        784   bsp_led.o
       116         16          0          4          0      16661   bsp_systick.o
        32          0          0          0          0        608   core_cm3.o
       226          0          0         36       1524       2775   crypto.o
       194          0          0          0          0       2958   flash.o
      1008        282         36          0          0       4078   m26.o
      1484        110          0         42        108     264283   main.o
       176         14          0          0          0       1953   misc.o
       468         20        512          0          0       3596   private.o
        36          8        304          0       1024        844   startup_stm32f10x_hd.o
      1152         22          0          0          0       9300   stm32f10x_flash.o
       612         36          0          0          0       6077   stm32f10x_gpio.o
        20          0          0          0          0       1266   stm32f10x_it.o
       696         32          0         20          0       9076   stm32f10x_rcc.o
       808         22          0          0          0       8944   stm32f10x_usart.o
       344         34          0         20          0       1987   system_stm32f10x.o
       316         16          0          8       2048       2333   uart1.o
       484         54         40          8       2048       2705   uart4.o

    ----------------------------------------------------------------------
      8544        698        926        140       6756     342261   Object Totals
         0          0         32          0          0          0   (incl. Generated)
         4          0          2          2          4          0   (incl. Padding)

    ----------------------------------------------------------------------

      Code (inc. data)   RO Data    RW Data    ZI Data      Debug   Library Member Name

      4896         82       6040          0          0       1456   crypto.o
         0          0          0          0          0          0   entry.o
         0          0          0          0          0          0   entry10a.o
         0          0          0          0          0          0   entry11a.o
         8          4          0          0          0          0   entry2.o
         4          0          0          0          0          0   entry5.o
         0          0          0          0          0          0   entry7b.o
         0          0          0          0          0          0   entry8b.o
         8          4          0          0          0          0   entry9a.o
        30          0          0          0          0          0   handlers.o
        36          8          0          0          0         68   init.o
        26          0          0          0          0         80   memcmp.o
        36          0          0          0          0         68   memcpya.o
        36          0          0          0          0        108   memseta.o
       390         10          0          0          0        252   printf1.o
        14          0          0          0          0         68   strlen.o
        30          0          0          0          0         80   strncmp.o
        44          0          0          0          0         80   uidiv.o

    ----------------------------------------------------------------------
      5562        108       6040          0          0       2260   Library Totals
         4          0          0          0          0          0   (incl. Padding)

    ----------------------------------------------------------------------

      Code (inc. data)   RO Data    RW Data    ZI Data      Debug   Library Name

      4896         82       6040          0          0       1456   M3_CryptoFW_2_0_6.lib
       662         26          0          0          0        804   mc_w.l

    ----------------------------------------------------------------------
      5562        108       6040          0          0       2260   Library Totals

    ----------------------------------------------------------------------

==============================================================================


      Code (inc. data)   RO Data    RW Data    ZI Data      Debug   

     14106        806       6966        140       6756     341345   Grand Totals
     14106        806       6966        140       6756     341345   ELF Image Totals
     14106        806       6966        140          0          0   ROM Totals

==============================================================================

    Total RO  Size (Code + RO Data)                21072 (  20.58kB)
    Total RW  Size (RW Data + ZI Data)              6896 (   6.73kB)
    Total ROM Size (Code + RO Data + RW Data)      21212 (  20.71kB)

==============================================================================

